################################################################################
#                                                                              #
#      IAR Universal Linker V4.61I/W32                                         #
#                                                                              #
#           Link time     =  11/May/2009  22:13:04                             #
#           Target CPU    =  MSP430                                            #
#           List file     =  "C:\Texas Instruments\SimpliciTI-IAR-1.1.0\Projec #
#                            ts\Examples\eZ430RF\Cascading_End_Devices\IAR\CC2 #
#                            500-End Device\List\Cascading_End_Devices.map"    #
#           Output file 1 =  "C:\Texas Instruments\SimpliciTI-IAR-1.1.0\Projec #
#                            ts\Examples\eZ430RF\Cascading_End_Devices\IAR\CC2 #
#                            500-End Device\Exe\Cascading_End_Devices.d43"     #
#                            Format: debug                                     #
#                            UBROF version 10.0.2                              #
#                            Using library modules for C-SPY (-rt)             #
#           Command line  =  "C:\Texas Instruments\SimpliciTI-IAR-1.1.0\Projec #
#                            ts\Examples\eZ430RF\Cascading_End_Devices\IAR\CC2 #
#                            500-End Device\Obj\bsp.r43"                       #
#                            "C:\Texas Instruments\SimpliciTI-IAR-1.1.0\Projec #
#                            ts\Examples\eZ430RF\Cascading_End_Devices\IAR\CC2 #
#                            500-End Device\Obj\main_babble.r43"               #
#                            "C:\Texas Instruments\SimpliciTI-IAR-1.1.0\Projec #
#                            ts\Examples\eZ430RF\Cascading_End_Devices\IAR\CC2 #
#                            500-End Device\Obj\mrfi.r43"                      #
#                            "C:\Texas Instruments\SimpliciTI-IAR-1.1.0\Projec #
#                            ts\Examples\eZ430RF\Cascading_End_Devices\IAR\CC2 #
#                            500-End Device\Obj\nwk.r43"                       #
#                            "C:\Texas Instruments\SimpliciTI-IAR-1.1.0\Projec #
#                            ts\Examples\eZ430RF\Cascading_End_Devices\IAR\CC2 #
#                            500-End Device\Obj\nwk_QMgmt.r43"                 #
#                            "C:\Texas Instruments\SimpliciTI-IAR-1.1.0\Projec #
#                            ts\Examples\eZ430RF\Cascading_End_Devices\IAR\CC2 #
#                            500-End Device\Obj\nwk_api.r43"                   #
#                            "C:\Texas Instruments\SimpliciTI-IAR-1.1.0\Projec #
#                            ts\Examples\eZ430RF\Cascading_End_Devices\IAR\CC2 #
#                            500-End Device\Obj\nwk_frame.r43"                 #
#                            "C:\Texas Instruments\SimpliciTI-IAR-1.1.0\Projec #
#                            ts\Examples\eZ430RF\Cascading_End_Devices\IAR\CC2 #
#                            500-End Device\Obj\nwk_freq.r43"                  #
#                            "C:\Texas Instruments\SimpliciTI-IAR-1.1.0\Projec #
#                            ts\Examples\eZ430RF\Cascading_End_Devices\IAR\CC2 #
#                            500-End Device\Obj\nwk_globals.r43"               #
#                            "C:\Texas Instruments\SimpliciTI-IAR-1.1.0\Projec #
#                            ts\Examples\eZ430RF\Cascading_End_Devices\IAR\CC2 #
#                            500-End Device\Obj\nwk_ioctl.r43"                 #
#                            "C:\Texas Instruments\SimpliciTI-IAR-1.1.0\Projec #
#                            ts\Examples\eZ430RF\Cascading_End_Devices\IAR\CC2 #
#                            500-End Device\Obj\nwk_join.r43"                  #
#                            "C:\Texas Instruments\SimpliciTI-IAR-1.1.0\Projec #
#                            ts\Examples\eZ430RF\Cascading_End_Devices\IAR\CC2 #
#                            500-End Device\Obj\nwk_link.r43"                  #
#                            "C:\Texas Instruments\SimpliciTI-IAR-1.1.0\Projec #
#                            ts\Examples\eZ430RF\Cascading_End_Devices\IAR\CC2 #
#                            500-End Device\Obj\nwk_mgmt.r43"                  #
#                            "C:\Texas Instruments\SimpliciTI-IAR-1.1.0\Projec #
#                            ts\Examples\eZ430RF\Cascading_End_Devices\IAR\CC2 #
#                            500-End Device\Obj\nwk_ping.r43"                  #
#                            "C:\Texas Instruments\SimpliciTI-IAR-1.1.0\Projec #
#                            ts\Examples\eZ430RF\Cascading_End_Devices\IAR\CC2 #
#                            500-End Device\Obj\nwk_security.r43"              #
#                            -o                                                #
#                            "C:\Texas Instruments\SimpliciTI-IAR-1.1.0\Projec #
#                            ts\Examples\eZ430RF\Cascading_End_Devices\IAR\CC2 #
#                            500-End Device\Exe\Cascading_End_Devices.d43"     #
#                            -l                                                #
#                            "C:\Texas Instruments\SimpliciTI-IAR-1.1.0\Projec #
#                            ts\Examples\eZ430RF\Cascading_End_Devices\IAR\CC2 #
#                            500-End Device\List\Cascading_End_Devices.map"    #
#                            -xmsnio                                           #
#                            "-IC:\Program Files\IAR Systems\Embedded Workbenc #
#                            h 5.3 Evaluation\430\LIB\"                        #
#                            -f                                                #
#                            "C:\Program Files\IAR Systems\Embedded Workbench  #
#                            5.3 Evaluation\430\CONFIG\lnk430F2274.xcl"        #
#                            (-cmsp430                                         #
#                            -Z(DATA)DATA16_I,DATA16_Z,DATA16_N,DATA16_HEAP+_D #
#                            ATA16_HEAP_SIZE=0200-05FF                         #
#                            -Z(DATA)CSTACK+_STACK_SIZE#                       #
#                            -Z(CODE)INFO=1000-10FF -Z(CODE)INFOA=10C0-10FF    #
#                            -Z(CODE)INFOB=1080-10BF -Z(CODE)INFOC=1040-107F   #
#                            -Z(CODE)INFOD=1000-103F                           #
#                            -Z(CONST)DATA16_C,DATA16_ID,DIFUNCT=8000-FFDD     #
#                            -Z(CODE)CSTART,ISR_CODE=8000-FFDD                 #
#                            -P(CODE)CODE=8000-FFDD -Z(CODE)INTVEC=FFE0-FFFF   #
#                            -Z(CODE)RESET=FFFE-FFFF) -D_STACK_SIZE=C8 -rt     #
#                            "C:\Program Files\IAR Systems\Embedded Workbench  #
#                            5.3 Evaluation\430\LIB\CLIB\cl430f.r43"           #
#                            -D_DATA16_HEAP_SIZE=0 -s __program_start          #
#                            -D_DATA20_HEAP_SIZE=50                            #
#                                                                              #
#                        Copyright 1987-2008 IAR Systems. All rights reserved. #
################################################################################





                ****************************************
                *                                      *
                *           CROSS REFERENCE            *
                *                                      *
                ****************************************

       Program entry at :           8086  Relocatable, from module : ?cstart




                ****************************************
                *                                      *
                *            RUNTIME MODEL             *
                *                                      *
                ****************************************

  __core        = 430
  __double_size = 32
  __pic         = no
  __reg_r4      = free
  __reg_r5      = free
  __rt_version  = 3



                ****************************************
                *                                      *
                *              MODULE MAP              *
                *                                      *
                ****************************************


  DEFINED ABSOLUTE ENTRIES
    *************************************************************************

  DEFINED ABSOLUTE ENTRIES
  PROGRAM MODULE, NAME : ?ABS_ENTRY_MOD

Absolute parts
           ENTRY                   ADDRESS         REF BY
           =====                   =======         ======
           _DATA20_HEAP_SIZE       0050 
           _DATA16_HEAP_SIZE       0000 
           _STACK_SIZE             00C8 
    *************************************************************************

  FILE NAME : C:\Texas Instruments\SimpliciTI-IAR-1.1.0\Projects\Examples\eZ430RF\Cascading_End_Devices\IAR\CC2500-End Device\Obj\bsp.r43
  PROGRAM MODULE, NAME : bsp

  SEGMENTS IN THE MODULE
  ======================
DATA16_AN
  Relative segment, address: 0056 - 0056 (0x1 bytes), align: 0
  Segment part 1.             Intra module refs:   BSP_InitBoard
           ENTRY                   ADDRESS         REF BY
           =====                   =======         ======
           DCOCTL                  0056 
    -------------------------------------------------------------------------
DATA16_AN
  Relative segment, address: 0057 - 0057 (0x1 bytes), align: 0
  Segment part 2.             Intra module refs:   BSP_InitBoard
           ENTRY                   ADDRESS         REF BY
           =====                   =======         ======
           BCSCTL1                 0057 
    -------------------------------------------------------------------------
DATA16_AN
  Relative segment, address: 0021 - 0021 (0x1 bytes), align: 0
  Segment part 3.             Intra module refs:   BSP_InitButtons
                                                   BSP_InitLeds
                                                   main (main_babble)
                                                   toggleLED (main_babble)
           ENTRY                   ADDRESS         REF BY
           =====                   =======         ======
           P1OUT                   0021 
    -------------------------------------------------------------------------
DATA16_AN
  Relative segment, address: 0022 - 0022 (0x1 bytes), align: 0
  Segment part 4.             Intra module refs:   BSP_InitLeds
           ENTRY                   ADDRESS         REF BY
           =====                   =======         ======
           P1DIR                   0022 
    -------------------------------------------------------------------------
DATA16_AN
  Relative segment, address: 0027 - 0027 (0x1 bytes), align: 0
  Segment part 5.             Intra module refs:   BSP_InitButtons
           ENTRY                   ADDRESS         REF BY
           =====                   =======         ======
           P1REN                   0027 
    -------------------------------------------------------------------------
DATA16_AN
  Relative segment, address: 0160 - 0161 (0x2 bytes), align: 0
  Segment part 6.             Intra module refs:   BSP_InitBoard
           ENTRY                   ADDRESS         REF BY
           =====                   =======         ======
           TACTL                   0160 
    -------------------------------------------------------------------------
DATA16_AN
  Relative segment, address: 0120 - 0121 (0x2 bytes), align: 0
  Segment part 7.             Intra module refs:   __low_level_init
           ENTRY                   ADDRESS         REF BY
           =====                   =======         ======
           WDTCTL                  0120 
    -------------------------------------------------------------------------
DATA16_AN
  Relative segment, address: 10FC - 10FC (0x1 bytes), align: 0
  Segment part 8.             Intra module refs:   BSP_InitBoard
           ENTRY                   ADDRESS         REF BY
           =====                   =======         ======
           CALDCO_8MHZ             10FC 
    -------------------------------------------------------------------------
DATA16_AN
  Relative segment, address: 10FD - 10FD (0x1 bytes), align: 0
  Segment part 9.             Intra module refs:   BSP_InitBoard
           ENTRY                   ADDRESS         REF BY
           =====                   =======         ======
           CALBC1_8MHZ             10FD 
    -------------------------------------------------------------------------
<CODE> 1 (was CODE)
  Relative segment, address: 97B6 - 97CD (0x18 bytes), align: 1
  Segment part 18.
           ENTRY                   ADDRESS         REF BY
           =====                   =======         ======
           BSP_Init                97B6            main (main_babble)
               calls direct
               CSTACK = 00000000 ( 00000004 )
    -------------------------------------------------------------------------
DATA16_Z
  Relative segment, address: 023C - 023C (0x1 bytes), align: 0
  Segment part 11.            Intra module refs:   BSP_Delay
                                                   BSP_InitBoard
           LOCAL                   ADDRESS         
           =====                   =======         
           sIterationsPerUsec      023C 
    -------------------------------------------------------------------------
<CODE> 1 (was CODE)
  Relative segment, address: 98F2 - 98FB (0xa bytes), align: 1
  Segment part 17. ROOT.
           ENTRY                   ADDRESS         REF BY
           =====                   =======         ======
           __low_level_init        98F2            ?cstart_call_low_level_init (?cstart)
               CSTACK = 00000000 ( 00000002 )
    -------------------------------------------------------------------------
<CODE> 1 (was CODE)
  Relative segment, address: 96D2 - 96F1 (0x20 bytes), align: 1
  Segment part 16.            Intra module refs:   BSP_Init
           ENTRY                   ADDRESS         REF BY
           =====                   =======         ======
           BSP_InitBoard           96D2 
               CSTACK = 00000000 ( 00000002 )
    -------------------------------------------------------------------------
<CODE> 1 (was CODE)
  Relative segment, address: 9690 - 96B1 (0x22 bytes), align: 1
  Segment part 15.
           ENTRY                   ADDRESS         REF BY
           =====                   =======         ======
           BSP_Delay               9690            ?Subroutine9 (mrfi)
               CSTACK = 00000000 ( 00000004 )
    -------------------------------------------------------------------------
CODE
  Segment part 14. NOT NEEDED.
           ENTRY                   ADDRESS         REF BY
           =====                   =======         ======
           BSP_InitDrivers         
               calls direct
               not allocated function
    -------------------------------------------------------------------------
<CODE> 1 (was CODE)
  Relative segment, address: 987E - 988F (0x12 bytes), align: 1
  Segment part 13.            Intra module refs:   BSP_Init
           ENTRY                   ADDRESS         REF BY
           =====                   =======         ======
           BSP_InitLeds            987E 
               CSTACK = 00000000 ( 00000002 )
    -------------------------------------------------------------------------
<CODE> 1 (was CODE)
  Relative segment, address: 9910 - 9919 (0xa bytes), align: 1
  Segment part 12.            Intra module refs:   BSP_Init
           ENTRY                   ADDRESS         REF BY
           =====                   =======         ======
           BSP_InitButtons         9910 
               CSTACK = 00000000 ( 00000002 )
    -------------------------------------------------------------------------
CSTACK
  Segment part 10. NOT NEEDED.
    -------------------------------------------------------------------------
CODE
  Segment part 19. NOT NEEDED.
           ENTRY                   ADDRESS         REF BY
           =====                   =======         ======
           ?setjmp_save_r4         
    -------------------------------------------------------------------------
CODE
  Segment part 20. NOT NEEDED.
           ENTRY                   ADDRESS         REF BY
           =====                   =======         ======
           ?setjmp_save_r5         

    *************************************************************************

  FILE NAME : C:\Texas Instruments\SimpliciTI-IAR-1.1.0\Projects\Examples\eZ430RF\Cascading_End_Devices\IAR\CC2500-End Device\Obj\main_babble.r43
  PROGRAM MODULE, NAME : main_babble

  SEGMENTS IN THE MODULE
  ======================
DATA16_AN
  Relative segment, address: 0020 - 0020 (0x1 bytes), align: 0
  Segment part 1.             Intra module refs:   main
                                                   monitorForBadNews
           ENTRY                   ADDRESS         REF BY
           =====                   =======         ======
           P1IN                    0020 
    -------------------------------------------------------------------------
DATA16_AN
  Segment part 2. TENTATIVE. Used definition from bsp
           ENTRY                   ADDRESS         REF BY
           =====                   =======         ======
           P1OUT                   
    -------------------------------------------------------------------------
<CODE> 1 (was CODE)
  Relative segment, address: 9570 - 959D (0x2e bytes), align: 1
  Segment part 7.
           ENTRY                   ADDRESS         REF BY
           =====                   =======         ======
           main                    9570            Segment part 11 (?cstart)
               calls direct
               CSTACK = 00000000 ( 00000002 )
    -------------------------------------------------------------------------
<CODE> 1 (was CODE)
  Relative segment, address: 8F8E - 9015 (0x88 bytes), align: 1
  Segment part 6.             Intra module refs:   main
           LOCAL                   ADDRESS         
           =====                   =======         
           monitorForBadNews       8F8E 
               calls direct and indirect
               CSTACK = 00000000 ( 0000000A )
    -------------------------------------------------------------------------
<CODE> 1 (was CODE)
  Relative segment, address: 97FC - 980F (0x14 bytes), align: 1
  Segment part 4.             Intra module refs:   main
                                                   monitorForBadNews
                                                   start2Babble
           ENTRY                   ADDRESS         REF BY
           =====                   =======         ======
           toggleLED               97FC 
               CSTACK = 00000000 ( 00000002 )
    -------------------------------------------------------------------------
<CODE> 1 (was CODE)
  Relative segment, address: 9514 - 9541 (0x2e bytes), align: 1
  Segment part 5.             Intra module refs:   monitorForBadNews
           LOCAL                   ADDRESS         
           =====                   =======         
           start2Babble            9514 
               calls direct
               CSTACK = 00000000 ( 00000004 )
    -------------------------------------------------------------------------
CSTACK
  Segment part 3. NOT NEEDED.
    -------------------------------------------------------------------------
CODE
  Segment part 8. TENTATIVE. Used definition from bsp
           ENTRY                   ADDRESS         REF BY
           =====                   =======         ======
           ?setjmp_save_r4         
    -------------------------------------------------------------------------
CODE
  Segment part 9. TENTATIVE. Used definition from bsp
           ENTRY                   ADDRESS         REF BY
           =====                   =======         ======
           ?setjmp_save_r5         

    *************************************************************************

  FILE NAME : C:\Texas Instruments\SimpliciTI-IAR-1.1.0\Projects\Examples\eZ430RF\Cascading_End_Devices\IAR\CC2500-End Device\Obj\mrfi.r43
  PROGRAM MODULE, NAME : mrfi

  SEGMENTS IN THE MODULE
  ======================
DATA16_AN
  Relative segment, address: 0003 - 0003 (0x1 bytes), align: 0
  Segment part 1.             Intra module refs:   MRFI_Init
                                                   mrfiSpiCmdStrobe
                                                   spiBurstFifoAccess
                                                   spiRegAccess
           ENTRY                   ADDRESS         REF BY
           =====                   =======         ======
           IFG2                    0003 
    -------------------------------------------------------------------------
DATA16_AN
  Relative segment, address: 0028 - 0028 (0x1 bytes), align: 0
  Segment part 2.             Intra module refs:   MRFI_Transmit
           ENTRY                   ADDRESS         REF BY
           =====                   =======         ======
           P2IN                    0028 
    -------------------------------------------------------------------------
DATA16_AN
  Relative segment, address: 002B - 002B (0x1 bytes), align: 0
  Segment part 3.             Intra module refs:   MRFI_GpioIsr
                                                   MRFI_Init
                                                   MRFI_Transmit
                                                   Mrfi_RxModeOff
                                                   Mrfi_RxModeOn
           ENTRY                   ADDRESS         REF BY
           =====                   =======         ======
           P2IFG                   002B 
    -------------------------------------------------------------------------
DATA16_AN
  Relative segment, address: 002C - 002C (0x1 bytes), align: 0
  Segment part 4.             Intra module refs:   MRFI_Init
           ENTRY                   ADDRESS         REF BY
           =====                   =======         ======
           P2IES                   002C 
    -------------------------------------------------------------------------
DATA16_AN
  Relative segment, address: 002D - 002D (0x1 bytes), align: 0
  Segment part 5.             Intra module refs:   MRFI_GpioIsr
                                                   Mrfi_RxModeOff
                                                   Mrfi_RxModeOn
           ENTRY                   ADDRESS         REF BY
           =====                   =======         ======
           P2IE                    002D 
    -------------------------------------------------------------------------
DATA16_AN
  Relative segment, address: 002E - 002E (0x1 bytes), align: 0
  Segment part 6.             Intra module refs:   MRFI_Init
           ENTRY                   ADDRESS         REF BY
           =====                   =======         ======
           P2SEL                   002E 
    -------------------------------------------------------------------------
DATA16_AN
  Relative segment, address: 0018 - 0018 (0x1 bytes), align: 0
  Segment part 7.             Intra module refs:   MRFI_Init
                                                   MRFI_WakeUp
           ENTRY                   ADDRESS         REF BY
           =====                   =======         ======
           P3IN                    0018 
    -------------------------------------------------------------------------
DATA16_AN
  Relative segment, address: 0019 - 0019 (0x1 bytes), align: 0
  Segment part 8.             Intra module refs:   MRFI_Init
                                                   MRFI_WakeUp
                                                   mrfiSpiCmdStrobe
                                                   mrfiSpiInit
                                                   spiBurstFifoAccess
                                                   spiRegAccess
           ENTRY                   ADDRESS         REF BY
           =====                   =======         ======
           P3OUT                   0019 
    -------------------------------------------------------------------------
DATA16_AN
  Relative segment, address: 001A - 001A (0x1 bytes), align: 0
  Segment part 9.             Intra module refs:   mrfiSpiInit
           ENTRY                   ADDRESS         REF BY
           =====                   =======         ======
           P3DIR                   001A 
    -------------------------------------------------------------------------
DATA16_AN
  Relative segment, address: 001B - 001B (0x1 bytes), align: 0
  Segment part 10.            Intra module refs:   mrfiSpiInit
           ENTRY                   ADDRESS         REF BY
           =====                   =======         ======
           P3SEL                   001B 
    -------------------------------------------------------------------------
DATA16_AN
  Relative segment, address: 0068 - 0068 (0x1 bytes), align: 0
  Segment part 11.            Intra module refs:   mrfiSpiCmdStrobe
                                                   mrfiSpiInit
                                                   spiBurstFifoAccess
                                                   spiRegAccess
           ENTRY                   ADDRESS         REF BY
           =====                   =======         ======
           UCB0CTL0                0068 
    -------------------------------------------------------------------------
DATA16_AN
  Relative segment, address: 0069 - 0069 (0x1 bytes), align: 0
  Segment part 12.            Intra module refs:   mrfiSpiInit
           ENTRY                   ADDRESS         REF BY
           =====                   =======         ======
           UCB0CTL1                0069 
    -------------------------------------------------------------------------
DATA16_AN
  Relative segment, address: 006A - 006A (0x1 bytes), align: 0
  Segment part 13.            Intra module refs:   mrfiSpiInit
           ENTRY                   ADDRESS         REF BY
           =====                   =======         ======
           UCB0BR0                 006A 
    -------------------------------------------------------------------------
DATA16_AN
  Relative segment, address: 006B - 006B (0x1 bytes), align: 0
  Segment part 14.            Intra module refs:   mrfiSpiInit
           ENTRY                   ADDRESS         REF BY
           =====                   =======         ======
           UCB0BR1                 006B 
    -------------------------------------------------------------------------
DATA16_AN
  Relative segment, address: 006E - 006E (0x1 bytes), align: 0
  Segment part 15.            Intra module refs:   mrfiSpiCmdStrobe
                                                   spiBurstFifoAccess
                                                   spiRegAccess
           ENTRY                   ADDRESS         REF BY
           =====                   =======         ======
           UCB0RXBUF               006E 
    -------------------------------------------------------------------------
DATA16_AN
  Relative segment, address: 006F - 006F (0x1 bytes), align: 0
  Segment part 16.            Intra module refs:   MRFI_Init
                                                   mrfiSpiCmdStrobe
                                                   spiBurstFifoAccess
                                                   spiRegAccess
           ENTRY                   ADDRESS         REF BY
           =====                   =======         ======
           UCB0TXBUF               006F 
    -------------------------------------------------------------------------
DATA16_C
  Relative segment, address: 800C - 8047 (0x3c bytes), align: 0
  Segment part 19.            Intra module refs:   MRFI_Init
           LOCAL                   ADDRESS         
           =====                   =======         
           mrfiRadioCfg            800C 
    -------------------------------------------------------------------------
DATA16_Z
  Relative segment, address: 023D - 023D (0x1 bytes), align: 0
  Segment part 20.            Intra module refs:   ?Subroutine13
                                                   ?Subroutine3
                                                   ?Subroutine6
                                                   MRFI_GetRadioState
                                                   MRFI_Init
                                                   MRFI_RxIdle
                                                   MRFI_RxOn
                                                   MRFI_Sleep
                                                   MRFI_Transmit
                                                   MRFI_WakeUp
           LOCAL                   ADDRESS         
           =====                   =======         
           mrfiRadioState          023D 
    -------------------------------------------------------------------------
DATA16_Z
  Relative segment, address: 023E - 0255 (0x18 bytes), align: 0
  Segment part 21.            Intra module refs:   MRFI_Init
                                                   MRFI_Receive
                                                   Mrfi_SyncPinRxIsr
                                                   Segment part 49
           LOCAL                   ADDRESS         
           =====                   =======         
           mrfiIncomingPacket      023E 
    -------------------------------------------------------------------------
DATA16_Z
  Relative segment, address: 0256 - 0256 (0x1 bytes), align: 0
  Segment part 22.            Intra module refs:   MRFI_Init
                                                   MRFI_RandomByte
           LOCAL                   ADDRESS         
           =====                   =======         
           mrfiRndSeed             0256 
    -------------------------------------------------------------------------
DATA16_Z
  Relative segment, address: 0257 - 0257 (0x1 bytes), align: 0
  Segment part 23.            Intra module refs:   MRFI_PostKillSem
                                                   MRFI_ReplyDelay
           LOCAL                   ADDRESS         
           =====                   =======         
           sKillSem                0257 
    -------------------------------------------------------------------------
DATA16_Z
  Relative segment, address: 0258 - 0258 (0x1 bytes), align: 0
  Segment part 24.            Intra module refs:   MRFI_PostKillSem
                                                   MRFI_ReplyDelay
           LOCAL                   ADDRESS         
           =====                   =======         
           sReplyDelayContext      0258 
    -------------------------------------------------------------------------
DATA16_Z
  Relative segment, address: 022A - 022B (0x2 bytes), align: 1
  Segment part 25.            Intra module refs:   MRFI_Init
                                                   MRFI_ReplyDelay
           LOCAL                   ADDRESS         
           =====                   =======         
           sReplyDelayScalar       022A 
    -------------------------------------------------------------------------
DATA16_Z
  Relative segment, address: 022C - 022D (0x2 bytes), align: 1
  Segment part 26.            Intra module refs:   MRFI_Init
                                                   MRFI_Transmit
           LOCAL                   ADDRESS         
           =====                   =======         
           sBackoffHelper          022C 
    -------------------------------------------------------------------------
DATA16_C
  Relative segment, address: 8048 - 804B (0x4 bytes), align: 0
  Segment part 27.            Intra module refs:   MRFI_RxAddrIsFiltered
           ENTRY                   ADDRESS         REF BY
           =====                   =======         ======
           mrfiBroadcastAddr       8048            nwk_getBCastAddress (nwk_globals)
    -------------------------------------------------------------------------
DATA16_C
  Relative segment, address: 804C - 804F (0x4 bytes), align: 0
  Segment part 28.            Intra module refs:   MRFI_SetLogicalChannel
           LOCAL                   ADDRESS         
           =====                   =======         
           mrfiLogicalChanTable    804C 
    -------------------------------------------------------------------------
DATA16_C
  Relative segment, address: 8050 - 8052 (0x3 bytes), align: 0
  Segment part 29.            Intra module refs:   MRFI_SetRFPwr
           LOCAL                   ADDRESS         
           =====                   =======         
           mrfiRFPowerTable        8050 
    -------------------------------------------------------------------------
DATA16_Z
  Relative segment, address: 0259 - 0259 (0x1 bytes), align: 0
  Segment part 30.            Intra module refs:   MRFI_EnableRxAddrFilter
                                                   MRFI_RxAddrIsFiltered
           LOCAL                   ADDRESS         
           =====                   =======         
           mrfiRxFilterEnabled     0259 
    -------------------------------------------------------------------------
DATA16_I
  Relative segment, address: 0200 - 0203 (0x4 bytes), align: 0
  Segment part 31.            Intra module refs:   MRFI_EnableRxAddrFilter
                                                   MRFI_RxAddrIsFiltered
                                                   MRFI_SetRxAddrFilter
           LOCAL                   ADDRESS         
           =====                   =======         
           mrfiRxFilterAddr        0200 
    -------------------------------------------------------------------------
<CODE> 1 (was CODE)
  Relative segment, address: 80B6 - 80F3 (0x3e bytes), align: 1
  Segment part 34.            Intra module refs:   Mrfi_SyncPinRxIsr
           ENTRY                   ADDRESS         REF BY
           =====                   =======         ======
           MRFI_RxAddrIsFiltered   80B6 
               CSTACK = 00000000 ( 00000006 )
    -------------------------------------------------------------------------
<CODE> 1 (was CODE)
  Relative segment, address: 80F4 - 810D (0x1a bytes), align: 1
  Segment part 35.            Intra module refs:   ?Subroutine11
                                                   MRFI_Init
                                                   MRFI_Sleep
                                                   MRFI_Transmit
                                                   Mrfi_RxModeOff
                                                   Mrfi_RxModeOn
                                                   Mrfi_SyncPinRxIsr
           ENTRY                   ADDRESS         REF BY
           =====                   =======         ======
           mrfiSpiCmdStrobe        80F4 
               CSTACK = 00000000 ( 00000002 )
    -------------------------------------------------------------------------
<CODE> 1 (was CODE)
  Relative segment, address: 810E - 8115 (0x8 bytes), align: 1
  Segment part 36.            Intra module refs:   mrfiSpiCmdStrobe
                                                   spiRegAccess
           LOCAL                   ADDRESS         
           =====                   =======         
           ?Subroutine0            810E 
    -------------------------------------------------------------------------
<CODE> 1 (was CODE)
  Relative segment, address: 8116 - 811D (0x8 bytes), align: 1
  Segment part 37.            Intra module refs:   ?Subroutine0
                                                   spiBurstFifoAccess
    -------------------------------------------------------------------------
<CODE> 1 (was CODE)
  Relative segment, address: 811E - 8177 (0x5a bytes), align: 1
  Segment part 38.            Intra module refs:   mrfiSpiReadRxFifo
                                                   mrfiSpiWriteTxFifo
           LOCAL                   ADDRESS         
           =====                   =======         
           spiBurstFifoAccess      811E 
               CSTACK = 00000000 ( 00000002 )
    -------------------------------------------------------------------------
<CODE> 1 (was CODE)
  Relative segment, address: 8178 - 817B (0x4 bytes), align: 1
  Segment part 39.            Intra module refs:   mrfiSpiCmdStrobe
                                                   spiBurstFifoAccess
                                                   spiRegAccess
           LOCAL                   ADDRESS         
           =====                   =======         
           ?Subroutine4            8178 
    -------------------------------------------------------------------------
<CODE> 1 (was CODE)
  Relative segment, address: 817C - 8185 (0xa bytes), align: 1
  Segment part 40.            Intra module refs:   ?Subroutine4
                                                   MRFI_Init
                                                   spiBurstFifoAccess
           LOCAL                   ADDRESS         
           =====                   =======         
           ?Subroutine19           817C 
    -------------------------------------------------------------------------
<CODE> 1 (was CODE)
  Relative segment, address: 8186 - 818F (0xa bytes), align: 1
  Segment part 41.            Intra module refs:   Mrfi_SyncPinRxIsr
           ENTRY                   ADDRESS         REF BY
           =====                   =======         ======
           mrfiSpiReadRxFifo       8186 
               calls direct
               CSTACK = 00000000 ( 00000002 )
    -------------------------------------------------------------------------
<CODE> 1 (was CODE)
  Relative segment, address: 8190 - 81A5 (0x16 bytes), align: 1
  Segment part 42.            Intra module refs:   mrfiSpiReadReg
                                                   mrfiSpiWriteReg
           LOCAL                   ADDRESS         
           =====                   =======         
           spiRegAccess            8190 
               CSTACK = 00000000 ( 00000002 )
    -------------------------------------------------------------------------
<CODE> 1 (was CODE)
  Relative segment, address: 81A6 - 81AD (0x8 bytes), align: 1
  Segment part 43.            Intra module refs:   ?Subroutine0
                                                   MRFI_Init
                                                   spiBurstFifoAccess
                                                   spiRegAccess
           LOCAL                   ADDRESS         
           =====                   =======         
           ?Subroutine12           81A6 
    -------------------------------------------------------------------------
<CODE> 1 (was CODE)
  Relative segment, address: 81AE - 81BB (0xe bytes), align: 1
  Segment part 44.            Intra module refs:   mrfiSpiCmdStrobe
                                                   spiRegAccess
           LOCAL                   ADDRESS         
           =====                   =======         
           ?Subroutine8            81AE 
    -------------------------------------------------------------------------
<CODE> 1 (was CODE)
  Relative segment, address: 81BC - 81CB (0x10 bytes), align: 1
  Segment part 45.            Intra module refs:   ?Subroutine8
                                                   spiBurstFifoAccess
           LOCAL                   ADDRESS         
           =====                   =======         
           ?Subroutine18           81BC 
    -------------------------------------------------------------------------
<CODE> 1 (was CODE)
  Relative segment, address: 81CC - 81E3 (0x18 bytes), align: 1
  Segment part 46.            Intra module refs:   ?Subroutine17
                                                   MRFI_Init
                                                   MRFI_Rssi
                                                   Mrfi_SyncPinRxIsr
           ENTRY                   ADDRESS         REF BY
           =====                   =======         ======
           mrfiSpiReadReg          81CC 
               calls direct
               CSTACK = 00000000 ( 00000002 )
    -------------------------------------------------------------------------
<CODE> 1 (was CODE)
  Relative segment, address: 81E4 - 829F (0xbc bytes), align: 1
  Segment part 47.            Intra module refs:   MRFI_GpioIsr
           LOCAL                   ADDRESS         
           =====                   =======         
           Mrfi_SyncPinRxIsr       81E4 
               calls direct and indirect
               CSTACK = 00000000 ( 00000008 )
    -------------------------------------------------------------------------
<CODE> 1 (was CODE)
  Relative segment, address: 82A0 - 82A3 (0x4 bytes), align: 1
  Segment part 48.            Intra module refs:   MRFI_Init
                                                   Mrfi_SyncPinRxIsr
           LOCAL                   ADDRESS         
           =====                   =======         
           ?Subroutine14           82A0 
    -------------------------------------------------------------------------
<CODE> 1 (was CODE)
  Relative segment, address: 82A4 - 82AD (0xa bytes), align: 1
  Segment part 49.            Intra module refs:   ?Subroutine14
                                                   MRFI_Init
    -------------------------------------------------------------------------
<CODE> 1 (was CODE)
  Relative segment, address: 82AE - 82C7 (0x1a bytes), align: 1
  Segment part 50.            Intra module refs:   BSP_GpioPort1Isr
           ENTRY                   ADDRESS         REF BY
           =====                   =======         ======
           MRFI_GpioIsr            82AE 
               calls direct
               CSTACK = 00000000 ( 00000002 )
    -------------------------------------------------------------------------
<CODE> 1 (was CODE)
  Relative segment, address: 82C8 - 82DD (0x16 bytes), align: 1
  Segment part 51.            Intra module refs:   BSP_GpioPort1Isr::??INTVEC 6
           ENTRY                   ADDRESS         REF BY
           =====                   =======         ======
           BSP_GpioPort1Isr        82C8 
               interrupt function
               calls direct
               CSTACK = 00000000 ( 0000000C )
    -------------------------------------------------------------------------
<CODE> 1 (was CODE)
  Relative segment, address: 82DE - 82EF (0x12 bytes), align: 1
  Segment part 52.            Intra module refs:   ?Subroutine13
                                                   MRFI_EnableRxAddrFilter
                                                   MRFI_Init
                                                   MRFI_SetRxAddrFilter
                                                   MRFI_Transmit
                                                   MRFI_WakeUp
           ENTRY                   ADDRESS         REF BY
           =====                   =======         ======
           mrfiSpiWriteReg         82DE 
               calls direct
               CSTACK = 00000000 ( 00000002 )
    -------------------------------------------------------------------------
CODE
  Segment part 53. NOT NEEDED.
           ENTRY                   ADDRESS         REF BY
           =====                   =======         ======
           MRFI_DisableRxAddrFilter
                                   
               calls direct
               not allocated function
    -------------------------------------------------------------------------
<CODE> 1 (was CODE)
  Relative segment, address: 82F0 - 8305 (0x16 bytes), align: 1
  Segment part 54.
           ENTRY                   ADDRESS         REF BY
           =====                   =======         ======
           MRFI_EnableRxAddrFilter
                                   82F0            SMPL_Init (nwk_api)
               calls direct
               CSTACK = 00000000 ( 00000002 )
    -------------------------------------------------------------------------
<CODE> 1 (was CODE)
  Relative segment, address: 8306 - 830F (0xa bytes), align: 1
  Segment part 55.            Intra module refs:   MRFI_EnableRxAddrFilter
                                                   MRFI_Transmit
                                                   spiBurstFifoAccess
           LOCAL                   ADDRESS         
           =====                   =======         
           ?Subroutine7            8306 
    -------------------------------------------------------------------------
<CODE> 1 (was CODE)
  Relative segment, address: 8310 - 8339 (0x2a bytes), align: 1
  Segment part 56.
           ENTRY                   ADDRESS         REF BY
           =====                   =======         ======
           MRFI_SetRxAddrFilter    8310            SMPL_Init (nwk_api)
               calls direct
               CSTACK = 00000000 ( 00000002 )
    -------------------------------------------------------------------------
<CODE> 1 (was CODE)
  Relative segment, address: 833A - 834D (0x14 bytes), align: 1
  Segment part 57.            Intra module refs:   ?Subroutine13
                                                   MRFI_RxOn
           LOCAL                   ADDRESS         
           =====                   =======         
           Mrfi_RxModeOn           833A 
               calls direct
               CSTACK = 00000000 ( 00000002 )
    -------------------------------------------------------------------------
<CODE> 1 (was CODE)
  Relative segment, address: 834E - 835F (0x12 bytes), align: 1
  Segment part 58.            Intra module refs:   ?Subroutine5
                                                   MRFI_Init
                                                   MRFI_RxIdle
                                                   MRFI_Transmit
           LOCAL                   ADDRESS         
           =====                   =======         
           Mrfi_RxModeOff          834E 
               calls direct
               CSTACK = 00000000 ( 00000002 )
    -------------------------------------------------------------------------
<CODE> 1 (was CODE)
  Relative segment, address: 8360 - 8367 (0x8 bytes), align: 1
  Segment part 59.            Intra module refs:   MRFI_GpioIsr
                                                   MRFI_Init
                                                   MRFI_Transmit
                                                   Mrfi_RxModeOff
                                                   Mrfi_RxModeOn
           LOCAL                   ADDRESS         
           =====                   =======         
           ?Subroutine15           8360 
    -------------------------------------------------------------------------
<CODE> 1 (was CODE)
  Relative segment, address: 8368 - 8379 (0x12 bytes), align: 1
  Segment part 60.            Intra module refs:   MRFI_Init
           ENTRY                   ADDRESS         REF BY
           =====                   =======         ======
           MRFI_SetRFPwr           8368 
               calls direct
               CSTACK = 00000000 ( 00000002 )
    -------------------------------------------------------------------------
<CODE> 1 (was CODE)
  Relative segment, address: 837A - 838B (0x12 bytes), align: 1
  Segment part 61.            Intra module refs:   MRFI_SetLogicalChannel
                                                   MRFI_SetRFPwr
                                                   MRFI_Transmit
           LOCAL                   ADDRESS         
           =====                   =======         
           ?Subroutine13           837A 
    -------------------------------------------------------------------------
<CODE> 1 (was CODE)
  Relative segment, address: 838C - 839D (0x12 bytes), align: 1
  Segment part 62.            Intra module refs:   MRFI_Init
           ENTRY                   ADDRESS         REF BY
           =====                   =======         ======
           MRFI_SetLogicalChannel
                                   838C 
               calls direct
               CSTACK = 00000000 ( 00000002 )
    -------------------------------------------------------------------------
<CODE> 1 (was CODE)
  Relative segment, address: 839E - 83A9 (0xc bytes), align: 1
  Segment part 63.            Intra module refs:   MRFI_SetLogicalChannel
                                                   MRFI_SetRFPwr
           LOCAL                   ADDRESS         
           =====                   =======         
           ?Subroutine5            839E 
    -------------------------------------------------------------------------
<CODE> 1 (was CODE)
  Relative segment, address: 83AA - 83B5 (0xc bytes), align: 1
  Segment part 64.            Intra module refs:   MRFI_Transmit
           ENTRY                   ADDRESS         REF BY
           =====                   =======         ======
           mrfiSpiWriteTxFifo      83AA 
               calls direct
               CSTACK = 00000000 ( 00000002 )
    -------------------------------------------------------------------------
<CODE> 1 (was CODE)
  Relative segment, address: 83B6 - 83E9 (0x34 bytes), align: 1
  Segment part 65.            Intra module refs:   MRFI_Init
           ENTRY                   ADDRESS         REF BY
           =====                   =======         ======
           mrfiSpiInit             83B6 
               CSTACK = 00000000 ( 00000002 )
    -------------------------------------------------------------------------
<CODE> 1 (was CODE)
  Relative segment, address: 83EA - 83EF (0x6 bytes), align: 1
  Segment part 66.
           ENTRY                   ADDRESS         REF BY
           =====                   =======         ======
           MRFI_GetRadioState      83EA            SMPL_SendOpt (nwk_api)
                                                   nwk_join (nwk_join)
               CSTACK = 00000000 ( 00000002 )
    -------------------------------------------------------------------------
<CODE> 1 (was CODE)
  Relative segment, address: 83F0 - 83FB (0xc bytes), align: 1
  Segment part 67.
           ENTRY                   ADDRESS         REF BY
           =====                   =======         ======
           MRFI_PostKillSem        83F0            nwk_isConnectionValid (nwk)
                                                   nwk_processJoin (nwk_join)
                                                   nwk_processLink (nwk_link)
                                                   nwk_processMgmt (nwk_mgmt)
                                                   nwk_processPing (nwk_ping)
               CSTACK = 00000000 ( 00000002 )
    -------------------------------------------------------------------------
<CODE> 1 (was CODE)
  Relative segment, address: 83FC - 844D (0x52 bytes), align: 1
  Segment part 68.
           ENTRY                   ADDRESS         REF BY
           =====                   =======         ======
           MRFI_ReplyDelay         83FC            nwk_join (nwk_join)
               calls direct
               CSTACK = 00000000 ( 00000008 )
    -------------------------------------------------------------------------
<CODE> 1 (was CODE)
  Relative segment, address: 844E - 846D (0x20 bytes), align: 1
  Segment part 69.            Intra module refs:   ?Subroutine16
                                                   MRFI_DelayMs
                                                   MRFI_Init
                                                   MRFI_Transmit
           LOCAL                   ADDRESS         
           =====                   =======         
           Mrfi_DelayUsec          844E 
               calls direct
               CSTACK = 00000000 ( 00000006 )
    -------------------------------------------------------------------------
<CODE> 1 (was CODE)
  Relative segment, address: 846E - 8473 (0x6 bytes), align: 1
  Segment part 70.            Intra module refs:   MRFI_Init
                                                   MRFI_RxAddrIsFiltered
                                                   Mrfi_DelayUsec
                                                   Mrfi_SyncPinRxIsr
           LOCAL                   ADDRESS         
           =====                   =======         
           ?Subroutine2            846E 
    -------------------------------------------------------------------------
<CODE> 1 (was CODE)
  Relative segment, address: 8474 - 847F (0xc bytes), align: 1
  Segment part 71.            Intra module refs:   MRFI_ReplyDelay
                                                   Mrfi_DelayUsec
           LOCAL                   ADDRESS         
           =====                   =======         
           ?Subroutine9            8474 
    -------------------------------------------------------------------------
<CODE> 1 (was CODE)
  Relative segment, address: 8480 - 8497 (0x18 bytes), align: 1
  Segment part 72.
           ENTRY                   ADDRESS         REF BY
           =====                   =======         ======
           MRFI_DelayMs            8480            monitorForBadNews (main_babble)
                                                   start2Babble (main_babble)
               calls direct
               CSTACK = 00000000 ( 00000004 )
    -------------------------------------------------------------------------
<CODE> 1 (was CODE)
  Relative segment, address: 8498 - 84AD (0x16 bytes), align: 1
  Segment part 73.            Intra module refs:   MRFI_Transmit
           ENTRY                   ADDRESS         REF BY
           =====                   =======         ======
           MRFI_RandomByte         8498            nwk_frameInit (nwk_frame)
                                                   nwk_joinInit (nwk_join)
                                                   nwk_linkInit (nwk_link)
                                                   nwk_mgmtInit (nwk_mgmt)
                                                   nwk_pingInit (nwk_ping)
               CSTACK = 00000000 ( 00000002 )
    -------------------------------------------------------------------------
<CODE> 1 (was CODE)
  Relative segment, address: 84AE - 84D9 (0x2c bytes), align: 1
  Segment part 74.
           ENTRY                   ADDRESS         REF BY
           =====                   =======         ======
           MRFI_Rssi               84AE            nwk_radioControl (nwk_ioctl)
               calls direct
               CSTACK = 00000000 ( 00000004 )
    -------------------------------------------------------------------------
<CODE> 1 (was CODE)
  Relative segment, address: 84DA - 851B (0x42 bytes), align: 1
  Segment part 75.
           ENTRY                   ADDRESS         REF BY
           =====                   =======         ======
           MRFI_WakeUp             84DA            SMPL_Init (nwk_api)
                                                   nwk_join (nwk_join)
                                                   nwk_radioControl (nwk_ioctl)
               calls direct
               CSTACK = 00000000 ( 00000002 )
    -------------------------------------------------------------------------
<CODE> 1 (was CODE)
  Relative segment, address: 851C - 8533 (0x18 bytes), align: 1
  Segment part 76.            Intra module refs:   MRFI_WakeUp
                                                   Mrfi_RxModeOff
           LOCAL                   ADDRESS         
           =====                   =======         
           ?Subroutine11           851C 
    -------------------------------------------------------------------------
<CODE> 1 (was CODE)
  Relative segment, address: 8534 - 8543 (0x10 bytes), align: 1
  Segment part 77.            Intra module refs:   MRFI_Sleep
           ENTRY                   ADDRESS         REF BY
           =====                   =======         ======
           MRFI_RxIdle             8534            nwk_join (nwk_join)
                                                   nwk_radioControl (nwk_ioctl)
               calls direct
               CSTACK = 00000000 ( 00000002 )
    -------------------------------------------------------------------------
<CODE> 1 (was CODE)
  Relative segment, address: 8544 - 8563 (0x20 bytes), align: 1
  Segment part 78.
           ENTRY                   ADDRESS         REF BY
           =====                   =======         ======
           MRFI_Sleep              8544            nwk_join (nwk_join)
                                                   nwk_radioControl (nwk_ioctl)
               calls direct
               CSTACK = 00000000 ( 00000002 )
    -------------------------------------------------------------------------
<CODE> 1 (was CODE)
  Relative segment, address: 8564 - 8575 (0x12 bytes), align: 1
  Segment part 79.
           ENTRY                   ADDRESS         REF BY
           =====                   =======         ======
           MRFI_RxOn               8564            nwk_join (nwk_join)
                                                   nwk_radioControl (nwk_ioctl)
               calls direct
               CSTACK = 00000000 ( 00000002 )
    -------------------------------------------------------------------------
<CODE> 1 (was CODE)
  Relative segment, address: 8576 - 8589 (0x14 bytes), align: 1
  Segment part 80.            Intra module refs:   MRFI_RxIdle
                                                   MRFI_RxOn
           LOCAL                   ADDRESS         
           =====                   =======         
           ?Subroutine6            8576 
    -------------------------------------------------------------------------
<CODE> 1 (was CODE)
  Relative segment, address: 858A - 8595 (0xc bytes), align: 1
  Segment part 81.
           ENTRY                   ADDRESS         REF BY
           =====                   =======         ======
           MRFI_Receive            858A            MRFI_RxCompleteISR (nwk_frame)
               CSTACK = 00000000 ( 00000002 )
    -------------------------------------------------------------------------
<CODE> 1 (was CODE)
  Relative segment, address: 8596 - 867B (0xe6 bytes), align: 1
  Segment part 82.
           ENTRY                   ADDRESS         REF BY
           =====                   =======         ======
           MRFI_Transmit           8596            nwk_sendFrame (nwk_frame)
               calls direct and indirect
               CSTACK = 00000000 ( 0000000A )
    -------------------------------------------------------------------------
<CODE> 1 (was CODE)
  Relative segment, address: 867C - 8689 (0xe bytes), align: 1
  Segment part 83.            Intra module refs:   MRFI_Rssi
                                                   MRFI_Transmit
           LOCAL                   ADDRESS         
           =====                   =======         
           ?Subroutine17           867C 
    -------------------------------------------------------------------------
<CODE> 1 (was CODE)
  Relative segment, address: 868A - 8691 (0x8 bytes), align: 1
  Segment part 84.            Intra module refs:   MRFI_Init
                                                   MRFI_Rssi
                                                   MRFI_Transmit
           LOCAL                   ADDRESS         
           =====                   =======         
           ?Subroutine16           868A 
    -------------------------------------------------------------------------
<CODE> 1 (was CODE)
  Relative segment, address: 8692 - 87CB (0x13a bytes), align: 1
  Segment part 85.
           ENTRY                   ADDRESS         REF BY
           =====                   =======         ======
           MRFI_Init               8692            SMPL_Init (nwk_api)
               calls direct and indirect
               CSTACK = 00000000 ( 00000006 )
    -------------------------------------------------------------------------
<CODE> 1 (was CODE)
  Relative segment, address: 9890 - 989F (0x10 bytes), align: 1
  Segment part 86.            Intra module refs:   MRFI_Init
                                                   MRFI_Rssi
                                                   MRFI_Transmit
                                                   Mrfi_SyncPinRxIsr
                                                   mrfiSpiWriteReg
           LOCAL                   ADDRESS         
           =====                   =======         
           ?Subroutine3            9890 
    -------------------------------------------------------------------------
<CODE> 1 (was CODE)
  Relative segment, address: 9620 - 9647 (0x28 bytes), align: 1
  Segment part 33.            Intra module refs:   MRFI_Rssi
                                                   Mrfi_SyncPinRxIsr
           LOCAL                   ADDRESS         
           =====                   =======         
           Mrfi_CalculateRssi      9620 
               CSTACK = 00000000 ( 00000002 )
    -------------------------------------------------------------------------
INTVEC
  Common segment, address: FFE0 - FFE7 (0x8 bytes), align: 1
  Segment part 17. ROOT.
           ENTRY                   ADDRESS         REF BY
           =====                   =======         ======
           BSP_GpioPort1Isr::??INTVEC 6
                                   FFE6 
    -------------------------------------------------------------------------
CSTACK
  Segment part 18. NOT NEEDED.
    -------------------------------------------------------------------------
DATA16_ID
  Relative segment, address: 805C - 805F (0x4 bytes), align: 0
  Segment part 32.            Intra module refs:   mrfiRxFilterAddr
    -------------------------------------------------------------------------
CODE
  Segment part 87. TENTATIVE. Used definition from bsp
           ENTRY                   ADDRESS         REF BY
           =====                   =======         ======
           ?setjmp_save_r4         
    -------------------------------------------------------------------------
CODE
  Segment part 88. TENTATIVE. Used definition from bsp
           ENTRY                   ADDRESS         REF BY
           =====                   =======         ======
           ?setjmp_save_r5         

    *************************************************************************

  FILE NAME : C:\Texas Instruments\SimpliciTI-IAR-1.1.0\Projects\Examples\eZ430RF\Cascading_End_Devices\IAR\CC2500-End Device\Obj\nwk.r43
  PROGRAM MODULE, NAME : nwk

  SEGMENTS IN THE MODULE
  ======================
DATA16_I
  Relative segment, address: 0204 - 0229 (0x26 bytes), align: 0
  Segment part 2.             Intra module refs:   initializeConnection
                                                   map_lid2idx
                                                   nwk_allocateLocalRxPort
                                                   nwk_getConnInfo
                                                   nwk_getNextConnection
                                                   nwk_isConnectionValid
                                                   nwk_isLinkDuplicate
                                                   nwk_nwkInit
           LOCAL                   ADDRESS         
           =====                   =======         
           sPersistInfo            0204 
    -------------------------------------------------------------------------
<CODE> 1 (was CODE)
  Relative segment, address: 9016 - 909B (0x86 bytes), align: 1
  Segment part 22.
           ENTRY                   ADDRESS         REF BY
           =====                   =======         ======
           nwk_nwkInit             9016            SMPL_Init (nwk_api)
               calls direct
               CSTACK = 00000000 ( 00000004 )
    -------------------------------------------------------------------------
<CODE> 1 (was CODE)
  Relative segment, address: 91F2 - 923D (0x4c bytes), align: 1
  Segment part 21.
           ENTRY                   ADDRESS         REF BY
           =====                   =======         ======
           nwk_getNextConnection   91F2            smpl_send_link_reply (nwk_link)
               calls direct
               CSTACK = 00000000 ( 00000004 )
    -------------------------------------------------------------------------
<CODE> 1 (was CODE)
  Relative segment, address: 94E6 - 9513 (0x2e bytes), align: 1
  Segment part 20.            Intra module refs:   nwk_getNextConnection
           LOCAL                   ADDRESS         
           =====                   =======         
           initializeConnection    94E6 
               calls direct
               CSTACK = 00000000 ( 00000004 )
    -------------------------------------------------------------------------
<CODE> 1 (was CODE)
  Relative segment, address: 992C - 9931 (0x6 bytes), align: 1
  Segment part 19.
           ENTRY                   ADDRESS         REF BY
           =====                   =======         ======
           nwk_freeConnection      992C            nwk_connectionControl (nwk_ioctl)
                                                   smpl_send_link_reply (nwk_link)
               CSTACK = 00000000 ( 00000002 )
    -------------------------------------------------------------------------
<CODE> 1 (was CODE)
  Relative segment, address: 959E - 95C9 (0x2c bytes), align: 1
  Segment part 18.
           ENTRY                   ADDRESS         REF BY
           =====                   =======         ======
           nwk_getConnInfo         959E            SMPL_Receive (nwk_api)
                                                   SMPL_SendOpt (nwk_api)
                                                   nwk_QfindOldest (nwk_QMgmt)
                                                   nwk_connectionControl (nwk_ioctl)
                                                   nwk_radioControl (nwk_ioctl)
                                                   nwk_retrieveFrame (nwk_frame)
               calls direct
               CSTACK = 00000000 ( 00000004 )
    -------------------------------------------------------------------------
<CODE> 1 (was CODE)
  Relative segment, address: 98DA - 98E5 (0xc bytes), align: 1
  Segment part 14.            Intra module refs:   nwk_allocateLocalRxPort
                                                   nwk_isConnectionValid
                                                   nwk_isLinkDuplicate
           LOCAL                   ADDRESS         
           =====                   =======         
           ?Subroutine1            98DA 
    -------------------------------------------------------------------------
<CODE> 1 (was CODE)
  Relative segment, address: 9308 - 9343 (0x3c bytes), align: 1
  Segment part 17.
           ENTRY                   ADDRESS         REF BY
           =====                   =======         ======
           nwk_isLinkDuplicate     9308            smpl_send_link_reply (nwk_link)
               calls direct
               CSTACK = 00000000 ( 0000000A )
    -------------------------------------------------------------------------
CODE
  Segment part 16. NOT NEEDED.
           ENTRY                   ADDRESS         REF BY
           =====                   =======         ======
           nwk_findAddressMatch    
               calls direct
               not allocated function
    -------------------------------------------------------------------------
<CODE> 1 (was CODE)
  Relative segment, address: 9648 - 966D (0x26 bytes), align: 1
  Segment part 15.
           ENTRY                   ADDRESS         REF BY
           =====                   =======         ======
           nwk_checkConnInfo       9648            SMPL_Receive (nwk_api)
                                                   SMPL_SendOpt (nwk_api)
               CSTACK = 00000000 ( 00000002 )
    -------------------------------------------------------------------------
<CODE> 1 (was CODE)
  Relative segment, address: 9196 - 91F1 (0x5c bytes), align: 1
  Segment part 13.
           ENTRY                   ADDRESS         REF BY
           =====                   =======         ======
           nwk_isConnectionValid   9196            dispatchFrame (nwk_frame)
               calls direct
               CSTACK = 00000000 ( 0000000C )
    -------------------------------------------------------------------------
<CODE> 1 (was CODE)
  Relative segment, address: 8BD8 - 8C99 (0xc2 bytes), align: 1
  Segment part 12.
           ENTRY                   ADDRESS         REF BY
           =====                   =======         ======
           nwk_allocateLocalRxPort
                                   8BD8            smpl_send_link_reply (nwk_link)
               calls direct
               CSTACK = 00000000 ( 0000000E )
    -------------------------------------------------------------------------
<CODE> 1 (was CODE)
  Relative segment, address: 8DDE - 8E09 (0x2c bytes), align: 1
  Segment part 6.
           ENTRY                   ADDRESS         REF BY
           =====                   =======         ======
           nwk_getNumObjectFromMsg
                                   8DDE            smpl_send_link_reply (nwk_link)
               calls direct
               CSTACK = 00000000 ( 00000006 )
    -------------------------------------------------------------------------
<CODE> 1 (was CODE)
  Relative segment, address: 8E0A - 8E0F (0x6 bytes), align: 1
  Segment part 7.             Intra module refs:   nwk_getNumObjectFromMsg
                                                   nwk_isValidReply
           LOCAL                   ADDRESS         
           =====                   =======         
           ?Subroutine0            8E0A 
    -------------------------------------------------------------------------
CODE
  Segment part 8. NOT NEEDED.
           ENTRY                   ADDRESS         REF BY
           =====                   =======         ======
           nwk_checkAppMsgTID      
               not allocated function
    -------------------------------------------------------------------------
CODE
  Segment part 9. NOT NEEDED.
           ENTRY                   ADDRESS         REF BY
           =====                   =======         ======
           nwk_findPeer            
               calls direct
               not allocated function
    -------------------------------------------------------------------------
<CODE> 1 (was CODE)
  Relative segment, address: 8E10 - 8E39 (0x2a bytes), align: 1
  Segment part 10.            Intra module refs:   initializeConnection
                                                   nwk_getConnInfo
           LOCAL                   ADDRESS         
           =====                   =======         
           map_lid2idx             8E10 
               CSTACK = 00000000 ( 00000002 )
    -------------------------------------------------------------------------
<CODE> 1 (was CODE)
  Relative segment, address: 8E3A - 8E75 (0x3c bytes), align: 1
  Segment part 11.
           ENTRY                   ADDRESS         REF BY
           =====                   =======         ======
           nwk_isValidReply        8E3A            nwk_processJoin (nwk_join)
                                                   nwk_processLink (nwk_link)
                                                   nwk_processMgmt (nwk_mgmt)
                                                   nwk_processPing (nwk_ping)
               calls direct
               CSTACK = 00000000 ( 00000006 )
    -------------------------------------------------------------------------
<CODE> 1 (was CODE)
  Relative segment, address: 93B8 - 93ED (0x36 bytes), align: 1
  Segment part 5.
           ENTRY                   ADDRESS         REF BY
           =====                   =======         ======
           nwk_putNumObjectIntoMsg
                                   93B8            nwk_join (nwk_join)
               calls direct
               CSTACK = 00000000 ( 00000008 )
    -------------------------------------------------------------------------
CODE
  Segment part 4. NOT NEEDED.
           ENTRY                   ADDRESS         REF BY
           =====                   =======         ======
           nwk_NVObj               
               not allocated function
    -------------------------------------------------------------------------
CSTACK
  Segment part 1. NOT NEEDED.
    -------------------------------------------------------------------------
DATA16_ID
  Relative segment, address: 8060 - 8085 (0x26 bytes), align: 0
  Segment part 3.             Intra module refs:   sPersistInfo
    -------------------------------------------------------------------------
CODE
  Segment part 23. TENTATIVE. Used definition from bsp
           ENTRY                   ADDRESS         REF BY
           =====                   =======         ======
           ?setjmp_save_r4         
    -------------------------------------------------------------------------
CODE
  Segment part 24. TENTATIVE. Used definition from bsp
           ENTRY                   ADDRESS         REF BY
           =====                   =======         ======
           ?setjmp_save_r5         

    *************************************************************************

  FILE NAME : C:\Texas Instruments\SimpliciTI-IAR-1.1.0\Projects\Examples\eZ430RF\Cascading_End_Devices\IAR\CC2500-End Device\Obj\nwk_QMgmt.r43
  PROGRAM MODULE, NAME : nwk_QMgmt

  SEGMENTS IN THE MODULE
  ======================
DATA16_Z
  Relative segment, address: 025A - 028D (0x34 bytes), align: 0
  Segment part 2.             Intra module refs:   nwk_QInit
                                                   nwk_QadjustOrder
                                                   nwk_QfindOldest
                                                   nwk_QfindSlot
           LOCAL                   ADDRESS         
           =====                   =======         
           sInFrameQ               025A 
    -------------------------------------------------------------------------
DATA16_Z
  Relative segment, address: 028E - 02C1 (0x34 bytes), align: 0
  Segment part 3.             Intra module refs:   nwk_QInit
                                                   nwk_QfindSlot
           LOCAL                   ADDRESS         
           =====                   =======         
           sOutFrameQ              028E 
    -------------------------------------------------------------------------
<CODE> 1 (was CODE)
  Relative segment, address: 9768 - 9783 (0x1c bytes), align: 1
  Segment part 8.
           ENTRY                   ADDRESS         REF BY
           =====                   =======         ======
           nwk_QInit               9768            nwk_nwkInit (nwk)
               calls direct
               CSTACK = 00000000 ( 00000002 )
    -------------------------------------------------------------------------
<CODE> 1 (was CODE)
  Relative segment, address: 909C - 9119 (0x7e bytes), align: 1
  Segment part 7.
           ENTRY                   ADDRESS         REF BY
           =====                   =======         ======
           nwk_QfindSlot           909C            MRFI_RxCompleteISR (nwk_frame)
                                                   nwk_buildFrame (nwk_frame)
               calls direct
               CSTACK = 00000000 ( 0000000A )
    -------------------------------------------------------------------------
<CODE> 1 (was CODE)
  Relative segment, address: 95CA - 95F5 (0x2c bytes), align: 1
  Segment part 6.             Intra module refs:   nwk_QfindSlot
           ENTRY                   ADDRESS         REF BY
           =====                   =======         ======
           nwk_QadjustOrder        95CA            nwk_retrieveFrame (nwk_frame)
               CSTACK = 00000000 ( 00000002 )
    -------------------------------------------------------------------------
<CODE> 1 (was CODE)
  Relative segment, address: 8AF8 - 8BD7 (0xe0 bytes), align: 1
  Segment part 5.
           ENTRY                   ADDRESS         REF BY
           =====                   =======         ======
           nwk_QfindOldest         8AF8            nwk_retrieveFrame (nwk_frame)
               calls direct
               CSTACK = 00000000 ( 00000014 )
    -------------------------------------------------------------------------
CODE
  Segment part 4. NOT NEEDED.
           ENTRY                   ADDRESS         REF BY
           =====                   =======         ======
           nwk_getQ                
               not allocated function
    -------------------------------------------------------------------------
CSTACK
  Segment part 1. NOT NEEDED.
    -------------------------------------------------------------------------
CODE
  Segment part 9. TENTATIVE. Used definition from bsp
           ENTRY                   ADDRESS         REF BY
           =====                   =======         ======
           ?setjmp_save_r4         
    -------------------------------------------------------------------------
CODE
  Segment part 10. TENTATIVE. Used definition from bsp
           ENTRY                   ADDRESS         REF BY
           =====                   =======         ======
           ?setjmp_save_r5         

    *************************************************************************

  FILE NAME : C:\Texas Instruments\SimpliciTI-IAR-1.1.0\Projects\Examples\eZ430RF\Cascading_End_Devices\IAR\CC2500-End Device\Obj\nwk_api.r43
  PROGRAM MODULE, NAME : nwk_api

  SEGMENTS IN THE MODULE
  ======================
DATA16_Z
  Relative segment, address: 02C2 - 02C2 (0x1 bytes), align: 0
  Segment part 2.             Intra module refs:   SMPL_Init
                                                   SMPL_Ioctl
           LOCAL                   ADDRESS         
           =====                   =======         
           sInit_done              02C2 
    -------------------------------------------------------------------------
<CODE> 1 (was CODE)
  Relative segment, address: 93EE - 9421 (0x34 bytes), align: 1
  Segment part 9.
[...]
                    | + function block  :  00000002
                    |  Already listed
  07              MRFI_RxIdle
                  | Stack used (prev) :  00000060
                  | + function block  :  00000002
  07              mrfiSpiCmdStrobe
                  | Stack used (prev) :  00000000
                  | + function block  :  00000002
                  |  Already listed
  06            MRFI_Sleep
                | Stack used (prev) :  00000062
                | + function block  :  00000002
  06            MRFI_RxIdle
                | Stack used (prev) :  00000060
                | + function block  :  00000002
                |  Already listed
  07              mrfiSpiWriteReg
                  | Stack used (prev) :  00000030
                  | + function block  :  00000002
                  |  Already listed
  07              mrfiSpiWriteReg
                  | Stack used (prev) :  00000030
                  | + function block  :  00000002
                  |  Already listed
  07              mrfiSpiWriteReg
                  | Stack used (prev) :  00000030
                  | + function block  :  00000002
                  |  Already listed
  07              mrfiSpiCmdStrobe
                  | Stack used (prev) :  00000000
                  | + function block  :  00000002
                  |  Already listed
  07              mrfiSpiCmdStrobe
                  | Stack used (prev) :  00000000
                  | + function block  :  00000002
                  |  Already listed
  06            MRFI_WakeUp
                | Stack used (prev) :  00000060
                | + function block  :  00000002
  07              Mrfi_CalculateRssi
                  | Stack used (prev) :  00000000
                  | + function block  :  00000002
                  |  Already listed
  07              Mrfi_DelayUsec
                  | Stack used (prev) :  00000034
                  | + function block  :  00000006
                  |  Already listed
  07              mrfiSpiReadReg
                  | Stack used (prev) :  00000002
                  | + function block  :  00000002
                  |  Already listed
  07              mrfiSpiReadReg
                  | Stack used (prev) :  00000002
                  | + function block  :  00000002
                  |  Already listed
  06            MRFI_Rssi
                | Stack used (prev) :  00000060
                | + function block  :  00000004
  05          nwk_radioControl
              | Stack used (prev) :  00000064
              | + function block  :  00000006
  06            memcpy
                | Stack used (prev) :  00000030
                | + function block  :  00000004
                |  Already listed
  07              memcpy
                  | Stack used (prev) :  00000030
                  | + function block  :  00000004
                  |  Already listed
  06            nwk_setMyAddress
                | Stack used (prev) :  00000060
                | + function block  :  00000002
  06            nwk_getMyAddress
                | Stack used (prev) :  00000030
                | + function block  :  00000002
                |  Already listed
  05          nwk_deviceAddress
              | Stack used (prev) :  00000062
              | + function block  :  00000006
  05          nwk_getProtocolVersion
              | Stack used (prev) :  00000030
              | + function block  :  00000002
              |  Already listed
  05          nwk_getFWVersion
              | Stack used (prev) :  00000060
              | + function block  :  00000002
  04        SMPL_Ioctl
            | Stack used (prev) :  00000090
            | + function block  :  00000004
  05          memmove
              | Stack used (prev) :  00000030
              | + function block  :  00000004
              |  Already listed
  04        nwk_putNumObjectIntoMsg
            | Stack used (prev) :  00000060
            | + function block  :  00000008
  04        MRFI_RxOn
            | Stack used (prev) :  00000060
            | + function block  :  00000002
            |  Already listed
  04        MRFI_Sleep
            | Stack used (prev) :  00000062
            | + function block  :  00000002
            |  Already listed
  04        MRFI_RxIdle
            | Stack used (prev) :  00000060
            | + function block  :  00000002
            |  Already listed
  04        MRFI_WakeUp
            | Stack used (prev) :  00000060
            | + function block  :  00000002
            |  Already listed
  05          BSP_Delay
              | Stack used (prev) :  00000030
              | + function block  :  00000004
              |  Already listed
  04        MRFI_ReplyDelay
            | Stack used (prev) :  00000060
            | + function block  :  00000008
  04        MRFI_GetRadioState
            | Stack used (prev) :  00000060
            | + function block  :  00000002
  03      nwk_join
          | Stack used (prev) :  00000094
          | + function block  :  00000022
  03      nwk_getMyAddress
          | Stack used (prev) :  00000030
          | + function block  :  00000002
          |  Already listed
  04        memset
            | Stack used (prev) :  00000000
            | + function block  :  00000004
            |  Already listed
  04        memcpy
            | Stack used (prev) :  00000030
            | + function block  :  00000004
            |  Already listed
  04        nwk_securityInit
            | Stack used (prev) :  00000060
            | + function block  :  00000002
  05          MRFI_RandomByte
              | Stack used (prev) :  00000030
              | + function block  :  00000002
              |  Already listed
  04        nwk_pingInit
            | Stack used (prev) :  00000060
            | + function block  :  00000002
  05          MRFI_RandomByte
              | Stack used (prev) :  00000030
              | + function block  :  00000002
              |  Already listed
  04        nwk_mgmtInit
            | Stack used (prev) :  00000060
            | + function block  :  00000002
  05          memset
              | Stack used (prev) :  00000000
              | + function block  :  00000004
              |  Already listed
  05          MRFI_RandomByte
              | Stack used (prev) :  00000030
              | + function block  :  00000002
              |  Already listed
  04        nwk_linkInit
            | Stack used (prev) :  00000060
            | + function block  :  00000002
  05          MRFI_RandomByte
              | Stack used (prev) :  00000030
              | + function block  :  00000002
              |  Already listed
  04        nwk_joinInit
            | Stack used (prev) :  00000060
            | + function block  :  00000002
  04        nwk_getBCastAddress
            | Stack used (prev) :  00000060
            | + function block  :  00000002
            |  Already listed
  05          memset
              | Stack used (prev) :  00000000
              | + function block  :  00000004
              |  Already listed
  05          memcpy
              | Stack used (prev) :  00000030
              | + function block  :  00000004
              |  Already listed
  04        nwk_globalsInit
            | Stack used (prev) :  00000060
            | + function block  :  00000002
  04        nwk_freqInit
            | Stack used (prev) :  00000060
            | + function block  :  00000002
  05          nwk_getMyAddress
              | Stack used (prev) :  00000030
              | + function block  :  00000002
              |  Already listed
  05          MRFI_RandomByte
              | Stack used (prev) :  00000030
              | + function block  :  00000002
              |  Already listed
  04        nwk_frameInit
            | Stack used (prev) :  00000060
            | + function block  :  00000002
  05          memset
              | Stack used (prev) :  00000000
              | + function block  :  00000004
              |  Already listed
  04        nwk_QInit
            | Stack used (prev) :  00000060
            | + function block  :  00000002
  03      nwk_nwkInit
          | Stack used (prev) :  00000062
          | + function block  :  00000004
  04        memset
            | Stack used (prev) :  00000000
            | + function block  :  00000004
            |  Already listed
  04        Mrfi_DelayUsec
            | Stack used (prev) :  00000034
            | + function block  :  00000006
            |  Already listed
  04        Mrfi_DelayUsec
            | Stack used (prev) :  00000034
            | + function block  :  00000006
            |  Already listed
  04        Mrfi_DelayUsec
            | Stack used (prev) :  00000034
            | + function block  :  00000006
            |  Already listed
  04        mrfiSpiInit
            | Stack used (prev) :  00000060
            | + function block  :  00000002
  05          Mrfi_RxModeOff
              | Stack used (prev) :  00000030
              | + function block  :  00000002
              |  Already listed
  05          Mrfi_RxModeOn
              | Stack used (prev) :  00000030
              | + function block  :  00000002
              |  Already listed
  05          mrfiSpiWriteReg
              | Stack used (prev) :  00000030
              | + function block  :  00000002
              |  Already listed
  04        MRFI_SetLogicalChannel
            | Stack used (prev) :  00000060
            | + function block  :  00000002
  05          Mrfi_RxModeOff
              | Stack used (prev) :  00000030
              | + function block  :  00000002
              |  Already listed
  05          Mrfi_RxModeOn
              | Stack used (prev) :  00000030
              | + function block  :  00000002
              |  Already listed
  05          mrfiSpiWriteReg
              | Stack used (prev) :  00000030
              | + function block  :  00000002
              |  Already listed
  04        MRFI_SetRFPwr
            | Stack used (prev) :  00000060
            | + function block  :  00000002
  04        Mrfi_RxModeOff
            | Stack used (prev) :  00000030
            | + function block  :  00000002
            |  Already listed
  04        mrfiSpiWriteReg
            | Stack used (prev) :  00000030
            | + function block  :  00000002
            |  Already listed
  04        mrfiSpiWriteReg
            | Stack used (prev) :  00000030
            | + function block  :  00000002
            |  Already listed
  04        mrfiSpiWriteReg
            | Stack used (prev) :  00000030
            | + function block  :  00000002
            |  Already listed
  04        mrfiSpiReadReg
            | Stack used (prev) :  00000002
            | + function block  :  00000002
            |  Already listed
  04        mrfiSpiReadReg
            | Stack used (prev) :  00000002
            | + function block  :  00000002
            |  Already listed
  04        mrfiSpiReadReg
            | Stack used (prev) :  00000002
            | + function block  :  00000002
            |  Already listed
  04        mrfiSpiCmdStrobe
            | Stack used (prev) :  00000000
            | + function block  :  00000002
            |  Already listed
  03      MRFI_Init
          | Stack used (prev) :  00000062
          | + function block  :  00000006
  03      MRFI_WakeUp
          | Stack used (prev) :  00000060
          | + function block  :  00000002
          |  Already listed
  04        mrfiSpiWriteReg
            | Stack used (prev) :  00000030
            | + function block  :  00000002
            |  Already listed
  03      MRFI_SetRxAddrFilter
          | Stack used (prev) :  00000060
          | + function block  :  00000002
  04        mrfiSpiWriteReg
            | Stack used (prev) :  00000030
            | + function block  :  00000002
            |  Already listed
  03      MRFI_EnableRxAddrFilter
          | Stack used (prev) :  00000060
          | + function block  :  00000002
  02    SMPL_Init
        | Stack used (prev) :  000000B6
        | + function block  :  00000004
  02    toggleLED
        | Stack used (prev) :  00000060
        | + function block  :  00000002
  02    toggleLED
        | Stack used (prev) :  00000060
        | + function block  :  00000002
        |  Already listed
  03      SMPL_Ioctl
          | Stack used (prev) :  00000090
          | + function block  :  00000004
          |  Already listed
  04        nwk_retrieveFrame
            | Stack used (prev) :  00000078
            | + function block  :  00000010
            |  Already listed
  04        nwk_checkConnInfo
            | Stack used (prev) :  00000060
            | + function block  :  00000002
  04        nwk_getConnInfo
            | Stack used (prev) :  00000060
            | + function block  :  00000004
            |  Already listed
  03      SMPL_Receive
          | Stack used (prev) :  00000088
          | + function block  :  0000000E
  04        Mrfi_DelayUsec
            | Stack used (prev) :  00000034
            | + function block  :  00000006
            |  Already listed
  03      MRFI_DelayMs
          | Stack used (prev) :  00000060
          | + function block  :  00000004
  04        SMPL_Ioctl
            | Stack used (prev) :  00000090
            | + function block  :  00000004
            |  Already listed
  06            memcpy
                | Stack used (prev) :  00000030
                | + function block  :  00000004
                |  Already listed
  06            nwk_sendFrame
                | Stack used (prev) :  00000044
                | + function block  :  00000004
                |  Already listed
  06            nwk_buildFrame
                | Stack used (prev) :  00000034
                | + function block  :  0000000C
                |  Already listed
  06            nwk_checkConnInfo
                | Stack used (prev) :  00000060
                | + function block  :  00000002
                |  Already listed
  06            nwk_getConnInfo
                | Stack used (prev) :  00000060
                | + function block  :  00000004
                |  Already listed
  06            MRFI_GetRadioState
                | Stack used (prev) :  00000060
                | + function block  :  00000002
                |  Already listed
  05          SMPL_SendOpt
              | Stack used (prev) :  00000064
              | + function block  :  0000000C
  04        SMPL_Send
            | Stack used (prev) :  00000070
            | + function block  :  00000002
  04        MRFI_DelayMs
            | Stack used (prev) :  00000060
            | + function block  :  00000004
            |  Already listed
  04        toggleLED
            | Stack used (prev) :  00000060
            | + function block  :  00000002
            |  Already listed
  03      start2Babble
          | Stack used (prev) :  00000094
          | + function block  :  00000004
  03      start2Babble
          | Stack used (prev) :  00000094
          | + function block  :  00000004
          |  Already listed
  03      toggleLED
          | Stack used (prev) :  00000060
          | + function block  :  00000002
          |  Already listed
  03      toggleLED
          | Stack used (prev) :  00000060
          | + function block  :  00000002
          |  Already listed
  03      toggleLED
          | Stack used (prev) :  00000060
          | + function block  :  00000002
          |  Already listed
  02    monitorForBadNews
        | Stack used (prev) :  00000098
        | + function block  :  0000000A
  03      BSP_InitButtons
          | Stack used (prev) :  00000060
          | + function block  :  00000002
  03      BSP_InitLeds
          | Stack used (prev) :  00000060
          | + function block  :  00000002
  03      BSP_InitBoard
          | Stack used (prev) :  00000060
          | + function block  :  00000002
  02    BSP_Init
        | Stack used (prev) :  00000062
        | + function block  :  00000004
  01  main
      | Stack used (prev) :  000000BA
      | + function block  :  00000002
  <-Sub-tree of type: Function tree
    | Stack used          :  000000BC


  ->Sub-tree of type: Function tree
                             CSTACK
    | Stack used (prev) :  000000BC
  01  exit
      | Stack used (prev) :  000000BC
      | + function block  :  00000002
  <-Sub-tree of type: Function tree
    | Stack used          :  000000BE


  ->Sub-tree of type: Function tree
                             CSTACK
    | Stack used (prev) :  000000BE
  01  __data16_memzero
      | Stack used (prev) :  000000BE
      | + function block  :  00000002
  <-Sub-tree of type: Function tree
    | Stack used          :  000000C0


  ->Sub-tree of type: Function tree
                             CSTACK
    | Stack used (prev) :  000000C0
  02    memcpy
        | Stack used (prev) :  00000030
        | + function block  :  00000004
        |  Already listed
  01  __data16_memcpy
      | Stack used (prev) :  000000C0
      | + function block  :  00000002
  <-Sub-tree of type: Function tree
    | Stack used          :  000000C2




                ****************************************
                *                                      *
                *      SEGMENTS IN ADDRESS ORDER       *
                *                                      *
                ****************************************


SEGMENT              SPACE    START ADDRESS   END ADDRESS     SIZE  TYPE  ALIGN
=======              =====    =============   ===========     ====  ====  =====
DATA16_AN                              0003 - 0003               1   rel    0
                                       0018 - 001B               4 
                                       0020 - 0022               3 
                                       0027 - 0028               2 
                                       002B - 002E               4 
                                       0056 - 0057               2 
                                       0068 - 006B               4 
                                       006E - 006F               2 
                                       0120 - 0121               2 
                                       0160 - 0161               2 
DATA16_I                               0200 - 0229              2A   rel    1
DATA16_Z                               022A - 02D6              AD   rel    1
CSTACK                                 0538 - 05FF              C8   rel    1
DATA16_AN                              10FC - 10FD               2   rel    0
DATA16_C                               8000 - 805B              5C   rel    1
DATA16_ID                              805C - 8085              2A   rel    1
CSTART                                 8086 - 80B5              30   rel    1
<CODE> 1                               80B6 - 9955            18A0   rel    1
INTVEC                                 FFE0 - FFE7               8   com    1
RESET                                  FFFE - FFFF               2   rel    1

                ****************************************
                *                                      *
                *        END OF CROSS REFERENCE        *
                *                                      *
                ****************************************

 6 362 bytes of CODE  memory
   415 bytes of DATA  memory (+ 28 absolute )
   134 bytes of CONST memory

Errors: none
Warnings: none

