################################################################################
#                                                                              #
#      IAR Universal Linker V4.61I/W32                                         #
#                                                                              #
#           Link time     =  12/May/2009  22:15:46                             #
#           Target CPU    =  MSP430                                            #
#           List file     =  "C:\Texas Instruments\SimpliciTI-IAR-1.1.0\Projec #
#                            ts\Examples\eZ430RF\Polling_with_AP\IAR\CC2500-Ac #
#                            cess Point\List\Polling_with_AP.map"              #
#           Output file 1 =  "C:\Texas Instruments\SimpliciTI-IAR-1.1.0\Projec #
#                            ts\Examples\eZ430RF\Polling_with_AP\IAR\CC2500-Ac #
#                            cess Point\Exe\Polling_with_AP.d43"               #
#                            Format: debug                                     #
#                            UBROF version 10.0.2                              #
#                            Using library modules for C-SPY (-rt)             #
#           Command line  =  "C:\Texas Instruments\SimpliciTI-IAR-1.1.0\Projec #
#                            ts\Examples\eZ430RF\Polling_with_AP\IAR\CC2500-Ac #
#                            cess Point\Obj\bsp.r43"                           #
#                            "C:\Texas Instruments\SimpliciTI-IAR-1.1.0\Projec #
#                            ts\Examples\eZ430RF\Polling_with_AP\IAR\CC2500-Ac #
#                            cess Point\Obj\main_AP_RE.r43"                    #
#                            "C:\Texas Instruments\SimpliciTI-IAR-1.1.0\Projec #
#                            ts\Examples\eZ430RF\Polling_with_AP\IAR\CC2500-Ac #
#                            cess Point\Obj\mrfi.r43"                          #
#                            "C:\Texas Instruments\SimpliciTI-IAR-1.1.0\Projec #
#                            ts\Examples\eZ430RF\Polling_with_AP\IAR\CC2500-Ac #
#                            cess Point\Obj\nwk.r43"                           #
#                            "C:\Texas Instruments\SimpliciTI-IAR-1.1.0\Projec #
#                            ts\Examples\eZ430RF\Polling_with_AP\IAR\CC2500-Ac #
#                            cess Point\Obj\nwk_QMgmt.r43"                     #
#                            "C:\Texas Instruments\SimpliciTI-IAR-1.1.0\Projec #
#                            ts\Examples\eZ430RF\Polling_with_AP\IAR\CC2500-Ac #
#                            cess Point\Obj\nwk_api.r43"                       #
#                            "C:\Texas Instruments\SimpliciTI-IAR-1.1.0\Projec #
#                            ts\Examples\eZ430RF\Polling_with_AP\IAR\CC2500-Ac #
#                            cess Point\Obj\nwk_frame.r43"                     #
#                            "C:\Texas Instruments\SimpliciTI-IAR-1.1.0\Projec #
#                            ts\Examples\eZ430RF\Polling_with_AP\IAR\CC2500-Ac #
#                            cess Point\Obj\nwk_freq.r43"                      #
#                            "C:\Texas Instruments\SimpliciTI-IAR-1.1.0\Projec #
#                            ts\Examples\eZ430RF\Polling_with_AP\IAR\CC2500-Ac #
#                            cess Point\Obj\nwk_globals.r43"                   #
#                            "C:\Texas Instruments\SimpliciTI-IAR-1.1.0\Projec #
#                            ts\Examples\eZ430RF\Polling_with_AP\IAR\CC2500-Ac #
#                            cess Point\Obj\nwk_ioctl.r43"                     #
#                            "C:\Texas Instruments\SimpliciTI-IAR-1.1.0\Projec #
#                            ts\Examples\eZ430RF\Polling_with_AP\IAR\CC2500-Ac #
#                            cess Point\Obj\nwk_join.r43"                      #
#                            "C:\Texas Instruments\SimpliciTI-IAR-1.1.0\Projec #
#                            ts\Examples\eZ430RF\Polling_with_AP\IAR\CC2500-Ac #
#                            cess Point\Obj\nwk_link.r43"                      #
#                            "C:\Texas Instruments\SimpliciTI-IAR-1.1.0\Projec #
#                            ts\Examples\eZ430RF\Polling_with_AP\IAR\CC2500-Ac #
#                            cess Point\Obj\nwk_mgmt.r43"                      #
#                            "C:\Texas Instruments\SimpliciTI-IAR-1.1.0\Projec #
#                            ts\Examples\eZ430RF\Polling_with_AP\IAR\CC2500-Ac #
#                            cess Point\Obj\nwk_ping.r43"                      #
#                            "C:\Texas Instruments\SimpliciTI-IAR-1.1.0\Projec #
#                            ts\Examples\eZ430RF\Polling_with_AP\IAR\CC2500-Ac #
#                            cess Point\Obj\nwk_security.r43"                  #
#                            -o                                                #
#                            "C:\Texas Instruments\SimpliciTI-IAR-1.1.0\Projec #
#                            ts\Examples\eZ430RF\Polling_with_AP\IAR\CC2500-Ac #
#                            cess Point\Exe\Polling_with_AP.d43"               #
#                            -l                                                #
#                            "C:\Texas Instruments\SimpliciTI-IAR-1.1.0\Projec #
#                            ts\Examples\eZ430RF\Polling_with_AP\IAR\CC2500-Ac #
#                            cess Point\List\Polling_with_AP.map"              #
#                            -xmsnio                                           #
#                            "-IC:\Program Files\IAR Systems\Embedded Workbenc #
#                            h 5.3 Evaluation\430\LIB\"                        #
#                            -f                                                #
#                            "C:\Program Files\IAR Systems\Embedded Workbench  #
#                            5.3 Evaluation\430\CONFIG\lnk430F2274.xcl"        #
#                            (-cmsp430                                         #
#                            -Z(DATA)DATA16_I,DATA16_Z,DATA16_N,DATA16_HEAP+_D #
#                            ATA16_HEAP_SIZE=0200-05FF                         #
#                            -Z(DATA)CSTACK+_STACK_SIZE#                       #
#                            -Z(CODE)INFO=1000-10FF -Z(CODE)INFOA=10C0-10FF    #
#                            -Z(CODE)INFOB=1080-10BF -Z(CODE)INFOC=1040-107F   #
#                            -Z(CODE)INFOD=1000-103F                           #
#                            -Z(CONST)DATA16_C,DATA16_ID,DIFUNCT=8000-FFDD     #
#                            -Z(CODE)CSTART,ISR_CODE=8000-FFDD                 #
#                            -P(CODE)CODE=8000-FFDD -Z(CODE)INTVEC=FFE0-FFFF   #
#                            -Z(CODE)RESET=FFFE-FFFF) -D_STACK_SIZE=C8 -rt     #
#                            "C:\Program Files\IAR Systems\Embedded Workbench  #
#                            5.3 Evaluation\430\LIB\CLIB\cl430f.r43"           #
#                            -D_DATA16_HEAP_SIZE=0 -s __program_start          #
#                            -D_DATA20_HEAP_SIZE=50                            #
#                                                                              #
#                        Copyright 1987-2008 IAR Systems. All rights reserved. #
################################################################################





                ****************************************
                *                                      *
                *           CROSS REFERENCE            *
                *                                      *
                ****************************************

       Program entry at :           8080  Relocatable, from module : ?cstart




                ****************************************
                *                                      *
                *            RUNTIME MODEL             *
                *                                      *
                ****************************************

  __core        = 430
  __double_size = 32
  __pic         = no
  __reg_r4      = free
  __reg_r5      = free
  __rt_version  = 3



                ****************************************
                *                                      *
                *              MODULE MAP              *
                *                                      *
                ****************************************


  DEFINED ABSOLUTE ENTRIES
    *************************************************************************

  DEFINED ABSOLUTE ENTRIES
  PROGRAM MODULE, NAME : ?ABS_ENTRY_MOD

Absolute parts
           ENTRY                   ADDRESS         REF BY
           =====                   =======         ======
           _DATA20_HEAP_SIZE       0050 
           _DATA16_HEAP_SIZE       0000 
           _STACK_SIZE             00C8 
    *************************************************************************

  FILE NAME : C:\Texas Instruments\SimpliciTI-IAR-1.1.0\Projects\Examples\eZ430RF\Polling_with_AP\IAR\CC2500-Access Point\Obj\bsp.r43
  PROGRAM MODULE, NAME : bsp

  SEGMENTS IN THE MODULE
  ======================
DATA16_AN
  Relative segment, address: 0056 - 0056 (0x1 bytes), align: 0
  Segment part 1.             Intra module refs:   BSP_InitBoard
           ENTRY                   ADDRESS         REF BY
           =====                   =======         ======
           DCOCTL                  0056 
    -------------------------------------------------------------------------
DATA16_AN
  Relative segment, address: 0057 - 0057 (0x1 bytes), align: 0
  Segment part 2.             Intra module refs:   BSP_InitBoard
           ENTRY                   ADDRESS         REF BY
           =====                   =======         ======
           BCSCTL1                 0057 
    -------------------------------------------------------------------------
DATA16_AN
  Relative segment, address: 0021 - 0021 (0x1 bytes), align: 0
  Segment part 3.             Intra module refs:   BSP_InitButtons
                                                   BSP_InitLeds
                                                   toggleLED (main_AP_RE)
           ENTRY                   ADDRESS         REF BY
           =====                   =======         ======
           P1OUT                   0021 
    -------------------------------------------------------------------------
DATA16_AN
  Relative segment, address: 0022 - 0022 (0x1 bytes), align: 0
  Segment part 4.             Intra module refs:   BSP_InitLeds
           ENTRY                   ADDRESS         REF BY
           =====                   =======         ======
           P1DIR                   0022 
    -------------------------------------------------------------------------
DATA16_AN
  Relative segment, address: 0027 - 0027 (0x1 bytes), align: 0
  Segment part 5.             Intra module refs:   BSP_InitButtons
           ENTRY                   ADDRESS         REF BY
           =====                   =======         ======
           P1REN                   0027 
    -------------------------------------------------------------------------
DATA16_AN
  Relative segment, address: 0160 - 0161 (0x2 bytes), align: 0
  Segment part 6.             Intra module refs:   BSP_InitBoard
           ENTRY                   ADDRESS         REF BY
           =====                   =======         ======
           TACTL                   0160 
    -------------------------------------------------------------------------
DATA16_AN
  Relative segment, address: 0120 - 0121 (0x2 bytes), align: 0
  Segment part 7.             Intra module refs:   __low_level_init
           ENTRY                   ADDRESS         REF BY
           =====                   =======         ======
           WDTCTL                  0120 
    -------------------------------------------------------------------------
DATA16_AN
  Relative segment, address: 10FC - 10FC (0x1 bytes), align: 0
  Segment part 8.             Intra module refs:   BSP_InitBoard
           ENTRY                   ADDRESS         REF BY
           =====                   =======         ======
           CALDCO_8MHZ             10FC 
    -------------------------------------------------------------------------
DATA16_AN
  Relative segment, address: 10FD - 10FD (0x1 bytes), align: 0
  Segment part 9.             Intra module refs:   BSP_InitBoard
           ENTRY                   ADDRESS         REF BY
           =====                   =======         ======
           CALBC1_8MHZ             10FD 
    -------------------------------------------------------------------------
<CODE> 1 (was CODE)
  Relative segment, address: 96E4 - 96FB (0x18 bytes), align: 1
  Segment part 18.
           ENTRY                   ADDRESS         REF BY
           =====                   =======         ======
           BSP_Init                96E4            main (main_AP_RE)
               calls direct
               CSTACK = 00000000 ( 00000004 )
    -------------------------------------------------------------------------
DATA16_Z
  Relative segment, address: 0238 - 0238 (0x1 bytes), align: 0
  Segment part 11.            Intra module refs:   BSP_Delay
                                                   BSP_InitBoard
           LOCAL                   ADDRESS         
           =====                   =======         
           sIterationsPerUsec      0238 
    -------------------------------------------------------------------------
<CODE> 1 (was CODE)
  Relative segment, address: 9834 - 983D (0xa bytes), align: 1
  Segment part 17. ROOT.
           ENTRY                   ADDRESS         REF BY
           =====                   =======         ======
           __low_level_init        9834            ?cstart_call_low_level_init (?cstart)
               CSTACK = 00000000 ( 00000002 )
    -------------------------------------------------------------------------
<CODE> 1 (was CODE)
  Relative segment, address: 9650 - 966F (0x20 bytes), align: 1
  Segment part 16.            Intra module refs:   BSP_Init
           ENTRY                   ADDRESS         REF BY
           =====                   =======         ======
           BSP_InitBoard           9650 
               CSTACK = 00000000 ( 00000002 )
    -------------------------------------------------------------------------
<CODE> 1 (was CODE)
  Relative segment, address: 960C - 962D (0x22 bytes), align: 1
  Segment part 15.
           ENTRY                   ADDRESS         REF BY
           =====                   =======         ======
           BSP_Delay               960C            ?Subroutine9 (mrfi)
               CSTACK = 00000000 ( 00000004 )
    -------------------------------------------------------------------------
CODE
  Segment part 14. NOT NEEDED.
           ENTRY                   ADDRESS         REF BY
           =====                   =======         ======
           BSP_InitDrivers         
               calls direct
               not allocated function
    -------------------------------------------------------------------------
<CODE> 1 (was CODE)
  Relative segment, address: 977E - 978F (0x12 bytes), align: 1
  Segment part 13.            Intra module refs:   BSP_Init
           ENTRY                   ADDRESS         REF BY
           =====                   =======         ======
           BSP_InitLeds            977E 
               CSTACK = 00000000 ( 00000002 )
    -------------------------------------------------------------------------
<CODE> 1 (was CODE)
  Relative segment, address: 983E - 9847 (0xa bytes), align: 1
  Segment part 12.            Intra module refs:   BSP_Init
           ENTRY                   ADDRESS         REF BY
           =====                   =======         ======
           BSP_InitButtons         983E 
               CSTACK = 00000000 ( 00000002 )
    -------------------------------------------------------------------------
CSTACK
  Segment part 10. NOT NEEDED.
    -------------------------------------------------------------------------
CODE
  Segment part 19. NOT NEEDED.
           ENTRY                   ADDRESS         REF BY
           =====                   =======         ======
           ?setjmp_save_r4         
    -------------------------------------------------------------------------
CODE
  Segment part 20. NOT NEEDED.
           ENTRY                   ADDRESS         REF BY
           =====                   =======         ======
           ?setjmp_save_r5         

    *************************************************************************

  FILE NAME : C:\Texas Instruments\SimpliciTI-IAR-1.1.0\Projects\Examples\eZ430RF\Polling_with_AP\IAR\CC2500-Access Point\Obj\main_AP_RE.r43
  PROGRAM MODULE, NAME : main_AP_RE

  SEGMENTS IN THE MODULE
  ======================
DATA16_AN
  Segment part 1. TENTATIVE. Used definition from bsp
           ENTRY                   ADDRESS         REF BY
           =====                   =======         ======
           P1OUT                   
    -------------------------------------------------------------------------
<CODE> 1 (was CODE)
  Relative segment, address: 913A - 9193 (0x5a bytes), align: 1
  Segment part 4.
           ENTRY                   ADDRESS         REF BY
           =====                   =======         ======
           main                    913A            Segment part 11 (?cstart)
               calls direct and indirect
               CSTACK = 00000000 ( 0000000A )
    -------------------------------------------------------------------------
<CODE> 1 (was CODE)
  Relative segment, address: 9758 - 976B (0x14 bytes), align: 1
  Segment part 3.             Intra module refs:   main
           ENTRY                   ADDRESS         REF BY
           =====                   =======         ======
           toggleLED               9758 
               CSTACK = 00000000 ( 00000002 )
    -------------------------------------------------------------------------
CSTACK
  Segment part 2. NOT NEEDED.
    -------------------------------------------------------------------------
CODE
  Segment part 5. TENTATIVE. Used definition from bsp
           ENTRY                   ADDRESS         REF BY
           =====                   =======         ======
           ?setjmp_save_r4         
    -------------------------------------------------------------------------
CODE
  Segment part 6. TENTATIVE. Used definition from bsp
           ENTRY                   ADDRESS         REF BY
           =====                   =======         ======
           ?setjmp_save_r5         

    *************************************************************************

  FILE NAME : C:\Texas Instruments\SimpliciTI-IAR-1.1.0\Projects\Examples\eZ430RF\Polling_with_AP\IAR\CC2500-Access Point\Obj\mrfi.r43
  PROGRAM MODULE, NAME : mrfi

  SEGMENTS IN THE MODULE
  ======================
DATA16_AN
  Relative segment, address: 0003 - 0003 (0x1 bytes), align: 0
  Segment part 1.             Intra module refs:   MRFI_Init
                                                   mrfiSpiCmdStrobe
                                                   spiBurstFifoAccess
                                                   spiRegAccess
           ENTRY                   ADDRESS         REF BY
           =====                   =======         ======
           IFG2                    0003 
    -------------------------------------------------------------------------
DATA16_AN
  Relative segment, address: 0028 - 0028 (0x1 bytes), align: 0
  Segment part 2.             Intra module refs:   MRFI_Transmit
           ENTRY                   ADDRESS         REF BY
           =====                   =======         ======
           P2IN                    0028 
    -------------------------------------------------------------------------
DATA16_AN
  Relative segment, address: 002B - 002B (0x1 bytes), align: 0
  Segment part 3.             Intra module refs:   MRFI_GpioIsr
                                                   MRFI_Init
                                                   MRFI_Transmit
                                                   Mrfi_RxModeOff
                                                   Mrfi_RxModeOn
           ENTRY                   ADDRESS         REF BY
           =====                   =======         ======
           P2IFG                   002B 
    -------------------------------------------------------------------------
DATA16_AN
  Relative segment, address: 002C - 002C (0x1 bytes), align: 0
  Segment part 4.             Intra module refs:   MRFI_Init
           ENTRY                   ADDRESS         REF BY
           =====                   =======         ======
           P2IES                   002C 
    -------------------------------------------------------------------------
DATA16_AN
  Relative segment, address: 002D - 002D (0x1 bytes), align: 0
  Segment part 5.             Intra module refs:   MRFI_GpioIsr
                                                   Mrfi_RxModeOff
                                                   Mrfi_RxModeOn
           ENTRY                   ADDRESS         REF BY
           =====                   =======         ======
           P2IE                    002D 
    -------------------------------------------------------------------------
DATA16_AN
  Relative segment, address: 002E - 002E (0x1 bytes), align: 0
  Segment part 6.             Intra module refs:   MRFI_Init
           ENTRY                   ADDRESS         REF BY
           =====                   =======         ======
           P2SEL                   002E 
    -------------------------------------------------------------------------
DATA16_AN
  Relative segment, address: 0018 - 0018 (0x1 bytes), align: 0
  Segment part 7.             Intra module refs:   MRFI_Init
                                                   MRFI_WakeUp
           ENTRY                   ADDRESS         REF BY
           =====                   =======         ======
           P3IN                    0018 
    -------------------------------------------------------------------------
DATA16_AN
  Relative segment, address: 0019 - 0019 (0x1 bytes), align: 0
  Segment part 8.             Intra module refs:   MRFI_Init
                                                   MRFI_WakeUp
                                                   mrfiSpiCmdStrobe
                                                   mrfiSpiInit
                                                   spiBurstFifoAccess
                                                   spiRegAccess
           ENTRY                   ADDRESS         REF BY
           =====                   =======         ======
           P3OUT                   0019 
    -------------------------------------------------------------------------
DATA16_AN
  Relative segment, address: 001A - 001A (0x1 bytes), align: 0
  Segment part 9.             Intra module refs:   mrfiSpiInit
           ENTRY                   ADDRESS         REF BY
           =====                   =======         ======
           P3DIR                   001A 
    -------------------------------------------------------------------------
DATA16_AN
  Relative segment, address: 001B - 001B (0x1 bytes), align: 0
  Segment part 10.            Intra module refs:   mrfiSpiInit
           ENTRY                   ADDRESS         REF BY
           =====                   =======         ======
           P3SEL                   001B 
    -------------------------------------------------------------------------
DATA16_AN
  Relative segment, address: 0068 - 0068 (0x1 bytes), align: 0
  Segment part 11.            Intra module refs:   mrfiSpiCmdStrobe
                                                   mrfiSpiInit
                                                   spiBurstFifoAccess
                                                   spiRegAccess
           ENTRY                   ADDRESS         REF BY
           =====                   =======         ======
           UCB0CTL0                0068 
    -------------------------------------------------------------------------
DATA16_AN
  Relative segment, address: 0069 - 0069 (0x1 bytes), align: 0
  Segment part 12.            Intra module refs:   mrfiSpiInit
           ENTRY                   ADDRESS         REF BY
           =====                   =======         ======
           UCB0CTL1                0069 
    -------------------------------------------------------------------------
DATA16_AN
  Relative segment, address: 006A - 006A (0x1 bytes), align: 0
  Segment part 13.            Intra module refs:   mrfiSpiInit
           ENTRY                   ADDRESS         REF BY
           =====                   =======         ======
           UCB0BR0                 006A 
    -------------------------------------------------------------------------
DATA16_AN
  Relative segment, address: 006B - 006B (0x1 bytes), align: 0
  Segment part 14.            Intra module refs:   mrfiSpiInit
           ENTRY                   ADDRESS         REF BY
           =====                   =======         ======
           UCB0BR1                 006B 
    -------------------------------------------------------------------------
DATA16_AN
  Relative segment, address: 006E - 006E (0x1 bytes), align: 0
  Segment part 15.            Intra module refs:   mrfiSpiCmdStrobe
                                                   spiBurstFifoAccess
                                                   spiRegAccess
           ENTRY                   ADDRESS         REF BY
           =====                   =======         ======
           UCB0RXBUF               006E 
    -------------------------------------------------------------------------
DATA16_AN
  Relative segment, address: 006F - 006F (0x1 bytes), align: 0
  Segment part 16.            Intra module refs:   MRFI_Init
                                                   mrfiSpiCmdStrobe
                                                   spiBurstFifoAccess
                                                   spiRegAccess
           ENTRY                   ADDRESS         REF BY
           =====                   =======         ======
           UCB0TXBUF               006F 
    -------------------------------------------------------------------------
DATA16_C
  Relative segment, address: 800C - 8047 (0x3c bytes), align: 0
  Segment part 19.            Intra module refs:   MRFI_Init
           LOCAL                   ADDRESS         
           =====                   =======         
           mrfiRadioCfg            800C 
    -------------------------------------------------------------------------
DATA16_Z
  Relative segment, address: 0239 - 0239 (0x1 bytes), align: 0
  Segment part 20.            Intra module refs:   ?Subroutine13
                                                   ?Subroutine3
                                                   ?Subroutine6
                                                   MRFI_Init
                                                   MRFI_RxIdle
                                                   MRFI_RxOn
                                                   MRFI_Sleep
                                                   MRFI_Transmit
                                                   MRFI_WakeUp
           LOCAL                   ADDRESS         
           =====                   =======         
           mrfiRadioState          0239 
    -------------------------------------------------------------------------
DATA16_Z
  Relative segment, address: 023A - 0251 (0x18 bytes), align: 0
  Segment part 21.            Intra module refs:   MRFI_Init
                                                   MRFI_Receive
                                                   Mrfi_SyncPinRxIsr
                                                   Segment part 49
           LOCAL                   ADDRESS         
           =====                   =======         
           mrfiIncomingPacket      023A 
    -------------------------------------------------------------------------
DATA16_Z
  Relative segment, address: 0252 - 0252 (0x1 bytes), align: 0
  Segment part 22.            Intra module refs:   MRFI_Init
                                                   MRFI_RandomByte
           LOCAL                   ADDRESS         
           =====                   =======         
           mrfiRndSeed             0252 
    -------------------------------------------------------------------------
DATA16_Z
  Relative segment, address: 0253 - 0253 (0x1 bytes), align: 0
  Segment part 23.            Intra module refs:   MRFI_PostKillSem
           LOCAL                   ADDRESS         
           =====                   =======         
           sKillSem                0253 
    -------------------------------------------------------------------------
DATA16_Z
  Relative segment, address: 0254 - 0254 (0x1 bytes), align: 0
  Segment part 24.            Intra module refs:   MRFI_PostKillSem
           LOCAL                   ADDRESS         
           =====                   =======         
           sReplyDelayContext      0254 
    -------------------------------------------------------------------------
DATA16_Z
  Relative segment, address: 0224 - 0225 (0x2 bytes), align: 1
  Segment part 25.            Intra module refs:   MRFI_Init
           LOCAL                   ADDRESS         
           =====                   =======         
           sReplyDelayScalar       0224 
    -------------------------------------------------------------------------
DATA16_Z
  Relative segment, address: 0226 - 0227 (0x2 bytes), align: 1
  Segment part 26.            Intra module refs:   MRFI_Init
                                                   MRFI_Transmit
           LOCAL                   ADDRESS         
           =====                   =======         
           sBackoffHelper          0226 
    -------------------------------------------------------------------------
DATA16_C
  Relative segment, address: 8048 - 804B (0x4 bytes), align: 0
  Segment part 27.            Intra module refs:   MRFI_RxAddrIsFiltered
           ENTRY                   ADDRESS         REF BY
           =====                   =======         ======
           mrfiBroadcastAddr       8048            nwk_getBCastAddress (nwk_globals)
    -------------------------------------------------------------------------
DATA16_C
  Relative segment, address: 804C - 804F (0x4 bytes), align: 0
  Segment part 28.            Intra module refs:   MRFI_SetLogicalChannel
           LOCAL                   ADDRESS         
           =====                   =======         
           mrfiLogicalChanTable    804C 
    -------------------------------------------------------------------------
DATA16_C
  Relative segment, address: 8050 - 8052 (0x3 bytes), align: 0
  Segment part 29.            Intra module refs:   MRFI_SetRFPwr
           LOCAL                   ADDRESS         
           =====                   =======         
           mrfiRFPowerTable        8050 
    -------------------------------------------------------------------------
DATA16_Z
  Relative segment, address: 0255 - 0255 (0x1 bytes), align: 0
  Segment part 30.            Intra module refs:   MRFI_RxAddrIsFiltered
           LOCAL                   ADDRESS         
           =====                   =======         
           mrfiRxFilterEnabled     0255 
    -------------------------------------------------------------------------
DATA16_I
  Relative segment, address: 0200 - 0203 (0x4 bytes), align: 0
  Segment part 31.            Intra module refs:   MRFI_RxAddrIsFiltered
           LOCAL                   ADDRESS         
           =====                   =======         
           mrfiRxFilterAddr        0200 
    -------------------------------------------------------------------------
<CODE> 1 (was CODE)
  Relative segment, address: 80B0 - 80ED (0x3e bytes), align: 1
  Segment part 34.            Intra module refs:   Mrfi_SyncPinRxIsr
           ENTRY                   ADDRESS         REF BY
           =====                   =======         ======
           MRFI_RxAddrIsFiltered   80B0 
               CSTACK = 00000000 ( 00000006 )
    -------------------------------------------------------------------------
<CODE> 1 (was CODE)
  Relative segment, address: 80EE - 8107 (0x1a bytes), align: 1
  Segment part 35.            Intra module refs:   ?Subroutine11
                                                   MRFI_Init
                                                   MRFI_Sleep
                                                   MRFI_Transmit
                                                   Mrfi_RxModeOff
                                                   Mrfi_RxModeOn
                                                   Mrfi_SyncPinRxIsr
           ENTRY                   ADDRESS         REF BY
           =====                   =======         ======
           mrfiSpiCmdStrobe        80EE 
               CSTACK = 00000000 ( 00000002 )
    -------------------------------------------------------------------------
<CODE> 1 (was CODE)
  Relative segment, address: 8108 - 810F (0x8 bytes), align: 1
  Segment part 36.            Intra module refs:   mrfiSpiCmdStrobe
                                                   spiRegAccess
           LOCAL                   ADDRESS         
           =====                   =======         
           ?Subroutine0            8108 
    -------------------------------------------------------------------------
<CODE> 1 (was CODE)
  Relative segment, address: 8110 - 8117 (0x8 bytes), align: 1
  Segment part 37.            Intra module refs:   ?Subroutine0
                                                   spiBurstFifoAccess
    -------------------------------------------------------------------------
<CODE> 1 (was CODE)
  Relative segment, address: 8118 - 8171 (0x5a bytes), align: 1
  Segment part 38.            Intra module refs:   mrfiSpiReadRxFifo
                                                   mrfiSpiWriteTxFifo
           LOCAL                   ADDRESS         
           =====                   =======         
           spiBurstFifoAccess      8118 
               CSTACK = 00000000 ( 00000002 )
    -------------------------------------------------------------------------
<CODE> 1 (was CODE)
  Relative segment, address: 8172 - 8175 (0x4 bytes), align: 1
  Segment part 39.            Intra module refs:   mrfiSpiCmdStrobe
                                                   spiBurstFifoAccess
                                                   spiRegAccess
           LOCAL                   ADDRESS         
           =====                   =======         
           ?Subroutine4            8172 
    -------------------------------------------------------------------------
<CODE> 1 (was CODE)
  Relative segment, address: 8176 - 817F (0xa bytes), align: 1
  Segment part 40.            Intra module refs:   ?Subroutine4
                                                   MRFI_Init
                                                   spiBurstFifoAccess
           LOCAL                   ADDRESS         
           =====                   =======         
           ?Subroutine19           8176 
    -------------------------------------------------------------------------
<CODE> 1 (was CODE)
  Relative segment, address: 8180 - 8189 (0xa bytes), align: 1
  Segment part 41.            Intra module refs:   Mrfi_SyncPinRxIsr
           ENTRY                   ADDRESS         REF BY
           =====                   =======         ======
           mrfiSpiReadRxFifo       8180 
               calls direct
               CSTACK = 00000000 ( 00000002 )
    -------------------------------------------------------------------------
<CODE> 1 (was CODE)
  Relative segment, address: 818A - 819F (0x16 bytes), align: 1
  Segment part 42.            Intra module refs:   mrfiSpiReadReg
                                                   mrfiSpiWriteReg
           LOCAL                   ADDRESS         
           =====                   =======         
           spiRegAccess            818A 
               CSTACK = 00000000 ( 00000002 )
    -------------------------------------------------------------------------
<CODE> 1 (was CODE)
  Relative segment, address: 81A0 - 81A7 (0x8 bytes), align: 1
  Segment part 43.            Intra module refs:   ?Subroutine0
                                                   MRFI_Init
                                                   spiBurstFifoAccess
                                                   spiRegAccess
           LOCAL                   ADDRESS         
           =====                   =======         
           ?Subroutine12           81A0 
    -------------------------------------------------------------------------
<CODE> 1 (was CODE)
  Relative segment, address: 81A8 - 81B5 (0xe bytes), align: 1
  Segment part 44.            Intra module refs:   mrfiSpiCmdStrobe
                                                   spiRegAccess
           LOCAL                   ADDRESS         
           =====                   =======         
           ?Subroutine8            81A8 
    -------------------------------------------------------------------------
<CODE> 1 (was CODE)
  Relative segment, address: 81B6 - 81C5 (0x10 bytes), align: 1
  Segment part 45.            Intra module refs:   ?Subroutine8
                                                   spiBurstFifoAccess
           LOCAL                   ADDRESS         
           =====                   =======         
           ?Subroutine18           81B6 
    -------------------------------------------------------------------------
<CODE> 1 (was CODE)
  Relative segment, address: 81C6 - 81DD (0x18 bytes), align: 1
  Segment part 46.            Intra module refs:   ?Subroutine17
                                                   MRFI_Init
                                                   MRFI_Rssi
                                                   Mrfi_SyncPinRxIsr
           ENTRY                   ADDRESS         REF BY
           =====                   =======         ======
           mrfiSpiReadReg          81C6 
               calls direct
               CSTACK = 00000000 ( 00000002 )
    -------------------------------------------------------------------------
<CODE> 1 (was CODE)
  Relative segment, address: 81DE - 8299 (0xbc bytes), align: 1
  Segment part 47.            Intra module refs:   MRFI_GpioIsr
           LOCAL                   ADDRESS         
           =====                   =======         
           Mrfi_SyncPinRxIsr       81DE 
               calls direct and indirect
               CSTACK = 00000000 ( 00000008 )
    -------------------------------------------------------------------------
<CODE> 1 (was CODE)
  Relative segment, address: 829A - 829D (0x4 bytes), align: 1
  Segment part 48.            Intra module refs:   MRFI_Init
                                                   Mrfi_SyncPinRxIsr
           LOCAL                   ADDRESS         
           =====                   =======         
           ?Subroutine14           829A 
    -------------------------------------------------------------------------
<CODE> 1 (was CODE)
  Relative segment, address: 829E - 82A7 (0xa bytes), align: 1
  Segment part 49.            Intra module refs:   ?Subroutine14
                                                   MRFI_Init
    -------------------------------------------------------------------------
<CODE> 1 (was CODE)
  Relative segment, address: 82A8 - 82C1 (0x1a bytes), align: 1
  Segment part 50.            Intra module refs:   BSP_GpioPort1Isr
           ENTRY                   ADDRESS         REF BY
           =====                   =======         ======
           MRFI_GpioIsr            82A8 
               calls direct
               CSTACK = 00000000 ( 00000002 )
    -------------------------------------------------------------------------
<CODE> 1 (was CODE)
  Relative segment, address: 82C2 - 82D7 (0x16 bytes), align: 1
  Segment part 51.            Intra module refs:   BSP_GpioPort1Isr::??INTVEC 6
           ENTRY                   ADDRESS         REF BY
           =====                   =======         ======
           BSP_GpioPort1Isr        82C2 
               interrupt function
               calls direct
               CSTACK = 00000000 ( 0000000C )
    -------------------------------------------------------------------------
<CODE> 1 (was CODE)
  Relative segment, address: 82D8 - 82E9 (0x12 bytes), align: 1
  Segment part 52.            Intra module refs:   ?Subroutine13
                                                   MRFI_Init
                                                   MRFI_Transmit
                                                   MRFI_WakeUp
           ENTRY                   ADDRESS         REF BY
           =====                   =======         ======
           mrfiSpiWriteReg         82D8 
               calls direct
               CSTACK = 00000000 ( 00000002 )
    -------------------------------------------------------------------------
CODE
  Segment part 53. NOT NEEDED.
           ENTRY                   ADDRESS         REF BY
           =====                   =======         ======
           MRFI_DisableRxAddrFilter
                                   
               calls direct
               not allocated function
    -------------------------------------------------------------------------
CODE
  Segment part 54. NOT NEEDED.
           ENTRY                   ADDRESS         REF BY
           =====                   =======         ======
           MRFI_EnableRxAddrFilter
                                   
               calls direct
               not allocated function
    -------------------------------------------------------------------------
<CODE> 1 (was CODE)
  Relative segment, address: 82EA - 82F3 (0xa bytes), align: 1
  Segment part 55.            Intra module refs:   MRFI_Transmit
                                                   spiBurstFifoAccess
           LOCAL                   ADDRESS         
           =====                   =======         
           ?Subroutine7            82EA 
    -------------------------------------------------------------------------
CODE
  Segment part 56. NOT NEEDED.
           ENTRY                   ADDRESS         REF BY
           =====                   =======         ======
           MRFI_SetRxAddrFilter    
               calls direct
               not allocated function
    -------------------------------------------------------------------------
<CODE> 1 (was CODE)
  Relative segment, address: 82F4 - 8307 (0x14 bytes), align: 1
  Segment part 57.            Intra module refs:   ?Subroutine13
                                                   MRFI_RxOn
           LOCAL                   ADDRESS         
           =====                   =======         
           Mrfi_RxModeOn           82F4 
               calls direct
               CSTACK = 00000000 ( 00000002 )
    -------------------------------------------------------------------------
<CODE> 1 (was CODE)
  Relative segment, address: 8308 - 8319 (0x12 bytes), align: 1
  Segment part 58.            Intra module refs:   ?Subroutine5
                                                   MRFI_Init
                                                   MRFI_RxIdle
                                                   MRFI_Transmit
           LOCAL                   ADDRESS         
           =====                   =======         
           Mrfi_RxModeOff          8308 
               calls direct
               CSTACK = 00000000 ( 00000002 )
    -------------------------------------------------------------------------
<CODE> 1 (was CODE)
  Relative segment, address: 831A - 8321 (0x8 bytes), align: 1
  Segment part 59.            Intra module refs:   MRFI_GpioIsr
                                                   MRFI_Init
                                                   MRFI_Transmit
                                                   Mrfi_RxModeOff
                                                   Mrfi_RxModeOn
           LOCAL                   ADDRESS         
           =====                   =======         
           ?Subroutine15           831A 
    -------------------------------------------------------------------------
<CODE> 1 (was CODE)
  Relative segment, address: 8322 - 8333 (0x12 bytes), align: 1
  Segment part 60.            Intra module refs:   MRFI_Init
           ENTRY                   ADDRESS         REF BY
           =====                   =======         ======
           MRFI_SetRFPwr           8322 
               calls direct
               CSTACK = 00000000 ( 00000002 )
    -------------------------------------------------------------------------
<CODE> 1 (was CODE)
  Relative segment, address: 8334 - 8345 (0x12 bytes), align: 1
  Segment part 61.            Intra module refs:   MRFI_SetLogicalChannel
                                                   MRFI_SetRFPwr
                                                   MRFI_Transmit
           LOCAL                   ADDRESS         
           =====                   =======         
           ?Subroutine13           8334 
    -------------------------------------------------------------------------
<CODE> 1 (was CODE)
  Relative segment, address: 8346 - 8357 (0x12 bytes), align: 1
  Segment part 62.            Intra module refs:   MRFI_Init
           ENTRY                   ADDRESS         REF BY
           =====                   =======         ======
           MRFI_SetLogicalChannel
                                   8346 
               calls direct
               CSTACK = 00000000 ( 00000002 )
    -------------------------------------------------------------------------
<CODE> 1 (was CODE)
  Relative segment, address: 8358 - 8363 (0xc bytes), align: 1
  Segment part 63.            Intra module refs:   MRFI_SetLogicalChannel
                                                   MRFI_SetRFPwr
           LOCAL                   ADDRESS         
           =====                   =======         
           ?Subroutine5            8358 
    -------------------------------------------------------------------------
<CODE> 1 (was CODE)
  Relative segment, address: 8364 - 836F (0xc bytes), align: 1
  Segment part 64.            Intra module refs:   MRFI_Transmit
           ENTRY                   ADDRESS         REF BY
           =====                   =======         ======
           mrfiSpiWriteTxFifo      8364 
               calls direct
               CSTACK = 00000000 ( 00000002 )
    -------------------------------------------------------------------------
<CODE> 1 (was CODE)
  Relative segment, address: 8370 - 83A3 (0x34 bytes), align: 1
  Segment part 65.            Intra module refs:   MRFI_Init
           ENTRY                   ADDRESS         REF BY
           =====                   =======         ======
           mrfiSpiInit             8370 
               CSTACK = 00000000 ( 00000002 )
    -------------------------------------------------------------------------
CODE
  Segment part 66. NOT NEEDED.
           ENTRY                   ADDRESS         REF BY
           =====                   =======         ======
           MRFI_GetRadioState      
               not allocated function
    -------------------------------------------------------------------------
<CODE> 1 (was CODE)
  Relative segment, address: 83A4 - 83AF (0xc bytes), align: 1
  Segment part 67.
           ENTRY                   ADDRESS         REF BY
           =====                   =======         ======
           MRFI_PostKillSem        83A4            nwk_isConnectionValid (nwk)
                                                   nwk_processJoin (nwk_join)
                                                   nwk_processLink (nwk_link)
                                                   nwk_processMgmt (nwk_mgmt)
                                                   nwk_processPing (nwk_ping)
               CSTACK = 00000000 ( 00000002 )
    -------------------------------------------------------------------------
CODE
  Segment part 68. NOT NEEDED.
           ENTRY                   ADDRESS         REF BY
           =====                   =======         ======
           MRFI_ReplyDelay         
               calls direct
               not allocated function
    -------------------------------------------------------------------------
<CODE> 1 (was CODE)
  Relative segment, address: 83B0 - 83CF (0x20 bytes), align: 1
  Segment part 69.            Intra module refs:   ?Subroutine16
                                                   MRFI_DelayMs
                                                   MRFI_Init
                                                   MRFI_Transmit
           LOCAL                   ADDRESS         
           =====                   =======         
           Mrfi_DelayUsec          83B0 
               calls direct
               CSTACK = 00000000 ( 00000006 )
    -------------------------------------------------------------------------
<CODE> 1 (was CODE)
  Relative segment, address: 83D0 - 83D5 (0x6 bytes), align: 1
  Segment part 70.            Intra module refs:   MRFI_Init
                                                   MRFI_RxAddrIsFiltered
                                                   Mrfi_DelayUsec
                                                   Mrfi_SyncPinRxIsr
           LOCAL                   ADDRESS         
           =====                   =======         
           ?Subroutine2            83D0 
    -------------------------------------------------------------------------
<CODE> 1 (was CODE)
  Relative segment, address: 83D6 - 83E1 (0xc bytes), align: 1
  Segment part 71.            Intra module refs:   Mrfi_DelayUsec
           LOCAL                   ADDRESS         
           =====                   =======         
           ?Subroutine9            83D6 
    -------------------------------------------------------------------------
<CODE> 1 (was CODE)
  Relative segment, address: 83E2 - 83F9 (0x18 bytes), align: 1
  Segment part 72.
           ENTRY                   ADDRESS         REF BY
           =====                   =======         ======
           MRFI_DelayMs            83E2            main (main_AP_RE)
                                                   nwk_replayFrame (nwk_frame)
               calls direct
               CSTACK = 00000000 ( 00000004 )
    -------------------------------------------------------------------------
<CODE> 1 (was CODE)
  Relative segment, address: 83FA - 840F (0x16 bytes), align: 1
  Segment part 73.            Intra module refs:   MRFI_Transmit
           ENTRY                   ADDRESS         REF BY
           =====                   =======         ======
           MRFI_RandomByte         83FA            nwk_frameInit (nwk_frame)
                                                   nwk_joinInit (nwk_join)
                                                   nwk_linkInit (nwk_link)
                                                   nwk_mgmtInit (nwk_mgmt)
                                                   nwk_pingInit (nwk_ping)
               CSTACK = 00000000 ( 00000002 )
    -------------------------------------------------------------------------
<CODE> 1 (was CODE)
  Relative segment, address: 8410 - 843B (0x2c bytes), align: 1
  Segment part 74.
           ENTRY                   ADDRESS         REF BY
           =====                   =======         ======
           MRFI_Rssi               8410            nwk_radioControl (nwk_ioctl)
               calls direct
               CSTACK = 00000000 ( 00000004 )
    -------------------------------------------------------------------------
<CODE> 1 (was CODE)
  Relative segment, address: 843C - 847D (0x42 bytes), align: 1
  Segment part 75.
           ENTRY                   ADDRESS         REF BY
           =====                   =======         ======
           MRFI_WakeUp             843C            SMPL_Init (nwk_api)
                                                   nwk_radioControl (nwk_ioctl)
               calls direct
               CSTACK = 00000000 ( 00000002 )
    -------------------------------------------------------------------------
<CODE> 1 (was CODE)
  Relative segment, address: 847E - 8495 (0x18 bytes), align: 1
  Segment part 76.            Intra module refs:   MRFI_WakeUp
                                                   Mrfi_RxModeOff
           LOCAL                   ADDRESS         
           =====                   =======         
           ?Subroutine11           847E 
    -------------------------------------------------------------------------
<CODE> 1 (was CODE)
  Relative segment, address: 8496 - 84A5 (0x10 bytes), align: 1
  Segment part 77.            Intra module refs:   MRFI_Sleep
           ENTRY                   ADDRESS         REF BY
           =====                   =======         ======
           MRFI_RxIdle             8496            nwk_radioControl (nwk_ioctl)
               calls direct
               CSTACK = 00000000 ( 00000002 )
    -------------------------------------------------------------------------
<CODE> 1 (was CODE)
  Relative segment, address: 84A6 - 84C5 (0x20 bytes), align: 1
  Segment part 78.
           ENTRY                   ADDRESS         REF BY
           =====                   =======         ======
           MRFI_Sleep              84A6            nwk_radioControl (nwk_ioctl)
               calls direct
               CSTACK = 00000000 ( 00000002 )
    -------------------------------------------------------------------------
<CODE> 1 (was CODE)
  Relative segment, address: 84C6 - 84D7 (0x12 bytes), align: 1
  Segment part 79.
           ENTRY                   ADDRESS         REF BY
           =====                   =======         ======
           MRFI_RxOn               84C6            SMPL_Init (nwk_api)
                                                   nwk_radioControl (nwk_ioctl)
               calls direct
               CSTACK = 00000000 ( 00000002 )
    -------------------------------------------------------------------------
<CODE> 1 (was CODE)
  Relative segment, address: 84D8 - 84EB (0x14 bytes), align: 1
  Segment part 80.            Intra module refs:   MRFI_RxIdle
                                                   MRFI_RxOn
           LOCAL                   ADDRESS         
           =====                   =======         
           ?Subroutine6            84D8 
    -------------------------------------------------------------------------
<CODE> 1 (was CODE)
  Relative segment, address: 84EC - 84F7 (0xc bytes), align: 1
  Segment part 81.
           ENTRY                   ADDRESS         REF BY
           =====                   =======         ======
           MRFI_Receive            84EC            MRFI_RxCompleteISR (nwk_frame)
               CSTACK = 00000000 ( 00000002 )
    -------------------------------------------------------------------------
<CODE> 1 (was CODE)
  Relative segment, address: 84F8 - 85DD (0xe6 bytes), align: 1
  Segment part 82.
           ENTRY                   ADDRESS         REF BY
           =====                   =======         ======
           MRFI_Transmit           84F8            nwk_SendEmptyPollRspFrame (nwk_frame)
                                                   nwk_sendFrame (nwk_frame)
               calls direct and indirect
               CSTACK = 00000000 ( 0000000A )
    -------------------------------------------------------------------------
<CODE> 1 (was CODE)
  Relative segment, address: 85DE - 85EB (0xe bytes), align: 1
  Segment part 83.            Intra module refs:   MRFI_Rssi
                                                   MRFI_Transmit
           LOCAL                   ADDRESS         
           =====                   =======         
           ?Subroutine17           85DE 
    -------------------------------------------------------------------------
<CODE> 1 (was CODE)
  Relative segment, address: 85EC - 85F3 (0x8 bytes), align: 1
  Segment part 84.            Intra module refs:   MRFI_Init
                                                   MRFI_Rssi
                                                   MRFI_Transmit
           LOCAL                   ADDRESS         
           =====                   =======         
           ?Subroutine16           85EC 
    -------------------------------------------------------------------------
<CODE> 1 (was CODE)
  Relative segment, address: 85F4 - 872D (0x13a bytes), align: 1
  Segment part 85.
           ENTRY                   ADDRESS         REF BY
           =====                   =======         ======
           MRFI_Init               85F4            SMPL_Init (nwk_api)
               calls direct and indirect
               CSTACK = 00000000 ( 00000006 )
    -------------------------------------------------------------------------
<CODE> 1 (was CODE)
  Relative segment, address: 97E8 - 97F7 (0x10 bytes), align: 1
  Segment part 86.            Intra module refs:   MRFI_Init
                                                   MRFI_Rssi
                                                   MRFI_Transmit
                                                   Mrfi_SyncPinRxIsr
                                                   mrfiSpiWriteReg
           LOCAL                   ADDRESS         
           =====                   =======         
           ?Subroutine3            97E8 
    -------------------------------------------------------------------------
<CODE> 1 (was CODE)
  Relative segment, address: 959A - 95C1 (0x28 bytes), align: 1
  Segment part 33.            Intra module refs:   MRFI_Rssi
                                                   Mrfi_SyncPinRxIsr
           LOCAL                   ADDRESS         
           =====                   =======         
           Mrfi_CalculateRssi      959A 
               CSTACK = 00000000 ( 00000002 )
    -------------------------------------------------------------------------
INTVEC
  Common segment, address: FFE0 - FFE7 (0x8 bytes), align: 1
  Segment part 17. ROOT.
           ENTRY                   ADDRESS         REF BY
           =====                   =======         ======
           BSP_GpioPort1Isr::??INTVEC 6
                                   FFE6 
    -------------------------------------------------------------------------
CSTACK
  Segment part 18. NOT NEEDED.
    -------------------------------------------------------------------------
DATA16_ID
  Relative segment, address: 805C - 805F (0x4 bytes), align: 0
  Segment part 32.            Intra module refs:   mrfiRxFilterAddr
    -------------------------------------------------------------------------
CODE
  Segment part 87. TENTATIVE. Used definition from bsp
           ENTRY                   ADDRESS         REF BY
           =====                   =======         ======
           ?setjmp_save_r4         
    -------------------------------------------------------------------------
CODE
  Segment part 88. TENTATIVE. Used definition from bsp
           ENTRY                   ADDRESS         REF BY
           =====                   =======         ======
           ?setjmp_save_r5         

    *************************************************************************

  FILE NAME : C:\Texas Instruments\SimpliciTI-IAR-1.1.0\Projects\Examples\eZ430RF\Polling_with_AP\IAR\CC2500-Access Point\Obj\nwk.r43
  PROGRAM MODULE, NAME : nwk

  SEGMENTS IN THE MODULE
  ======================
DATA16_I
  Relative segment, address: 0204 - 0223 (0x20 bytes), align: 0
  Segment part 2.             Intra module refs:   map_lid2idx
                                                   nwk_getConnInfo
                                                   nwk_getSFInfoPtr
                                                   nwk_isConnectionValid
                                                   nwk_nwkInit
           LOCAL                   ADDRESS         
           =====                   =======         
           sPersistInfo            0204 
    -------------------------------------------------------------------------
<CODE> 1 (was CODE)
  Relative segment, address: 903E - 90C1 (0x84 bytes), align: 1
  Segment part 22.
           ENTRY                   ADDRESS         REF BY
           =====                   =======         ======
           nwk_nwkInit             903E            SMPL_Init (nwk_api)
               calls direct
               CSTACK = 00000000 ( 00000004 )
    -------------------------------------------------------------------------
CODE
  Segment part 21. NOT NEEDED.
           ENTRY                   ADDRESS         REF BY
           =====                   =======         ======
           nwk_getNextConnection   
               calls direct
               not allocated function
    -------------------------------------------------------------------------
CODE
  Segment part 20. NOT NEEDED.
           LOCAL                   ADDRESS         
           =====                   =======         
           initializeConnection    
               calls direct
               not allocated function
    -------------------------------------------------------------------------
<CODE> 1 (was CODE)
  Relative segment, address: 988A - 988B (0x2 bytes), align: 1
  Segment part 19.
           ENTRY                   ADDRESS         REF BY
           =====                   =======         ======
           nwk_freeConnection      988A            nwk_connectionControl (nwk_ioctl)
               CSTACK = 00000000 ( 00000002 )
    -------------------------------------------------------------------------
<CODE> 1 (was CODE)
  Relative segment, address: 9518 - 9543 (0x2c bytes), align: 1
  Segment part 18.
           ENTRY                   ADDRESS         REF BY
           =====                   =======         ======
           nwk_getConnInfo         9518            nwk_QfindOldest (nwk_QMgmt)
                                                   nwk_connectionControl (nwk_ioctl)
                                                   nwk_radioControl (nwk_ioctl)
                                                   nwk_retrieveFrame (nwk_frame)
               calls direct
               CSTACK = 00000000 ( 00000004 )
    -------------------------------------------------------------------------
CODE
  Segment part 17. NOT NEEDED.
           ENTRY                   ADDRESS         REF BY
           =====                   =======         ======
           nwk_isLinkDuplicate     
               not allocated function
    -------------------------------------------------------------------------
CODE
  Segment part 16. NOT NEEDED.
           ENTRY                   ADDRESS         REF BY
           =====                   =======         ======
           nwk_findAddressMatch    
               not allocated function
    -------------------------------------------------------------------------
<CODE> 1 (was CODE)
  Relative segment, address: 9860 - 9865 (0x6 bytes), align: 1
  Segment part 15.
           ENTRY                   ADDRESS         REF BY
           =====                   =======         ======
           nwk_getSFInfoPtr        9860            nwk_joinInit (nwk_join)
               CSTACK = 00000000 ( 00000002 )
    -------------------------------------------------------------------------
CODE
  Segment part 14. NOT NEEDED.
           ENTRY                   ADDRESS         REF BY
           =====                   =======         ======
           nwk_checkConnInfo       
               not allocated function
    -------------------------------------------------------------------------
<CODE> 1 (was CODE)
  Relative segment, address: 927C - 92C1 (0x46 bytes), align: 1
  Segment part 13.
           ENTRY                   ADDRESS         REF BY
           =====                   =======         ======
           nwk_isConnectionValid   927C            dispatchFrame (nwk_frame)
               calls direct
               CSTACK = 00000000 ( 00000004 )
    -------------------------------------------------------------------------
CODE
  Segment part 12. NOT NEEDED.
           ENTRY                   ADDRESS         REF BY
           =====                   =======         ======
           nwk_allocateLocalRxPort
                                   
               not allocated function
    -------------------------------------------------------------------------
<CODE> 1 (was CODE)
  Relative segment, address: 8B8C - 8BB7 (0x2c bytes), align: 1
  Segment part 6.
           ENTRY                   ADDRESS         REF BY
           =====                   =======         ======
           nwk_getNumObjectFromMsg
                                   8B8C            smpl_send_join_reply (nwk_join)
               calls direct
               CSTACK = 00000000 ( 00000006 )
    -------------------------------------------------------------------------
<CODE> 1 (was CODE)
  Relative segment, address: 8BB8 - 8BBD (0x6 bytes), align: 1
  Segment part 7.             Intra module refs:   nwk_getNumObjectFromMsg
                                                   nwk_isValidReply
           LOCAL                   ADDRESS         
           =====                   =======         
           ?Subroutine0            8BB8 
    -------------------------------------------------------------------------
<CODE> 1 (was CODE)
  Relative segment, address: 8BBE - 8BE5 (0x28 bytes), align: 1
  Segment part 8.
           ENTRY                   ADDRESS         REF BY
           =====                   =======         ======
           nwk_checkAppMsgTID      8BBE            send_poll_reply (nwk_mgmt)
               CSTACK = 00000000 ( 00000002 )
    -------------------------------------------------------------------------
CODE
  Segment part 9. NOT NEEDED.
           ENTRY                   ADDRESS         REF BY
           =====                   =======         ======
           nwk_findPeer            
               calls direct
               not allocated function
    -------------------------------------------------------------------------
<CODE> 1 (was CODE)
  Relative segment, address: 8BE6 - 8BFD (0x18 bytes), align: 1
  Segment part 10.            Intra module refs:   nwk_getConnInfo
           LOCAL                   ADDRESS         
           =====                   =======         
           map_lid2idx             8BE6 
               CSTACK = 00000000 ( 00000002 )
    -------------------------------------------------------------------------
<CODE> 1 (was CODE)
  Relative segment, address: 8BFE - 8C39 (0x3c bytes), align: 1
  Segment part 11.
           ENTRY                   ADDRESS         REF BY
           =====                   =======         ======
           nwk_isValidReply        8BFE            nwk_processJoin (nwk_join)
                                                   nwk_processLink (nwk_link)
                                                   nwk_processMgmt (nwk_mgmt)
                                                   nwk_processPing (nwk_ping)
               calls direct
               CSTACK = 00000000 ( 00000006 )
    -------------------------------------------------------------------------
<CODE> 1 (was CODE)
  Relative segment, address: 93B8 - 93ED (0x36 bytes), align: 1
  Segment part 5.
           ENTRY                   ADDRESS         REF BY
           =====                   =======         ======
           nwk_putNumObjectIntoMsg
                                   93B8            smpl_send_join_reply (nwk_join)
               calls direct
               CSTACK = 00000000 ( 00000008 )
    -------------------------------------------------------------------------
CODE
  Segment part 4. NOT NEEDED.
           ENTRY                   ADDRESS         REF BY
           =====                   =======         ======
           nwk_NVObj               
               not allocated function
    -------------------------------------------------------------------------
CSTACK
  Segment part 1. NOT NEEDED.
    -------------------------------------------------------------------------
DATA16_ID
  Relative segment, address: 8060 - 807F (0x20 bytes), align: 0
  Segment part 3.             Intra module refs:   sPersistInfo
    -------------------------------------------------------------------------
CODE
  Segment part 23. TENTATIVE. Used definition from bsp
           ENTRY                   ADDRESS         REF BY
           =====                   =======         ======
           ?setjmp_save_r4         
    -------------------------------------------------------------------------
CODE
  Segment part 24. TENTATIVE. Used definition from bsp
           ENTRY                   ADDRESS         REF BY
           =====                   =======         ======
           ?setjmp_save_r5         

    *************************************************************************

  FILE NAME : C:\Texas Instruments\SimpliciTI-IAR-1.1.0\Projects\Examples\eZ430RF\Polling_with_AP\IAR\CC2500-Access Point\Obj\nwk_QMgmt.r43
  PROGRAM MODULE, NAME : nwk_QMgmt

  SEGMENTS IN THE MODULE
  ======================
DATA16_Z
  Relative segment, address: 0256 - 02F1 (0x9c bytes), align: 0
  Segment part 2.             Intra module refs:   nwk_QInit
                                                   nwk_QadjustOrder
                                                   nwk_QfindOldest
                                                   nwk_QfindSlot
                                                   nwk_getQ
           LOCAL                   ADDRESS         
           =====                   =======         
           sInFrameQ               0256 
    -------------------------------------------------------------------------
DATA16_Z
  Relative segment, address: 02F2 - 0325 (0x34 bytes), align: 0
  Segment part 3.             Intra module refs:   nwk_QInit
                                                   nwk_QfindSlot
                                                   nwk_getQ
           LOCAL                   ADDRESS         
           =====                   =======         
           sOutFrameQ              02F2 
    -------------------------------------------------------------------------
<CODE> 1 (was CODE)
  Relative segment, address: 96C8 - 96E3 (0x1c bytes), align: 1
  Segment part 8.
           ENTRY                   ADDRESS         REF BY
           =====                   =======         ======
           nwk_QInit               96C8            nwk_nwkInit (nwk)
               calls direct
               CSTACK = 00000000 ( 00000002 )
    -------------------------------------------------------------------------
<CODE> 1 (was CODE)
  Relative segment, address: 8F30 - 8FB7 (0x88 bytes), align: 1
  Segment part 7.
           ENTRY                   ADDRESS         REF BY
           =====                   =======         ======
           nwk_QfindSlot           8F30            MRFI_RxCompleteISR (nwk_frame)
                                                   nwk_buildFrame (nwk_frame)
               calls direct
               CSTACK = 00000000 ( 0000000C )
    -------------------------------------------------------------------------
<CODE> 1 (was CODE)
  Relative segment, address: 94EA - 9517 (0x2e bytes), align: 1
  Segment part 6.             Intra module refs:   nwk_QfindSlot
           ENTRY                   ADDRESS         REF BY
           =====                   =======         ======
           nwk_QadjustOrder        94EA            nwk_retrieveFrame (nwk_frame)
                                                   send_poll_reply (nwk_mgmt)
               CSTACK = 00000000 ( 00000002 )
    -------------------------------------------------------------------------
<CODE> 1 (was CODE)
  Relative segment, address: 8864 - 898D (0x12a bytes), align: 1
  Segment part 5.
           ENTRY                   ADDRESS         REF BY
           =====                   =======         ======
           nwk_QfindOldest         8864            nwk_getSandFFrame (nwk_frame)
                                                   nwk_retrieveFrame (nwk_frame)
               calls direct
               CSTACK = 00000000 ( 00000018 )
    -------------------------------------------------------------------------
<CODE> 1 (was CODE)
  Relative segment, address: 97D8 - 97E7 (0x10 bytes), align: 1
  Segment part 4.
           ENTRY                   ADDRESS         REF BY
           =====                   =======         ======
           nwk_getQ                97D8            isDupSandFFrame (nwk_frame)
                                                   nwk_getSandFFrame (nwk_frame)
               CSTACK = 00000000 ( 00000002 )
    -------------------------------------------------------------------------
CSTACK
  Segment part 1. NOT NEEDED.
    -------------------------------------------------------------------------
CODE
  Segment part 9. TENTATIVE. Used definition from bsp
           ENTRY                   ADDRESS         REF BY
           =====                   =======         ======
           ?setjmp_save_r4         
    -------------------------------------------------------------------------
CODE
  Segment part 10. TENTATIVE. Used definition from bsp
           ENTRY                   ADDRESS         REF BY
           =====                   =======         ======
           ?setjmp_save_r5         

    *************************************************************************

  FILE NAME : C:\Texas Instruments\SimpliciTI-IAR-1.1.0\Projects\Examples\eZ430RF\Polling_with_AP\IAR\CC2500-Access Point\Obj\nwk_api.r43
  PROGRAM MODULE, NAME : nwk_api

  SEGMENTS IN THE MODULE
  ======================
DATA16_Z
  Relative segment, address: 0326 - 0326 (0x1 bytes), align: 0
  Segment part 2.             Intra module refs:   SMPL_Init
                                                   SMPL_Ioctl
           LOCAL                   ADDRESS         
           =====                   =======         
           sInit_done              0326 
    -------------------------------------------------------------------------
<CODE> 1 (was CODE)
  Relative segment, address: 9544 - 956F (0x2c bytes), align: 1
  Segment part 9.
           ENTRY                   ADDRESS         REF BY
           =====                   =======         ======
           SMPL_Init               9544            main (main_AP_RE)
               calls direct
               CSTACK = 00000000 ( 00000004 )
    -------------------------------------------------------------------------
CODE
  Segment part 8. NOT NEEDED.
           ENTRY                   ADDRESS         REF BY
           =====                   =======         ======
           SMPL_LinkListen         
               calls direct
               not allocated function
    -------------------------------------------------------------------------
CODE
  Segment part 7. NOT NEEDED.
           ENTRY                   ADDRESS         REF BY
           =====                   =======         ======
           SMPL_Send               
               calls direct
               not allocated function
    -------------------------------------------------------------------------
CODE
  Segment part 6. NOT NEEDED.
           ENTRY                   ADDRESS         REF BY
           =====                   =======         ======
           SMPL_SendOpt            
               calls direct
               not allocated function
    -------------------------------------------------------------------------
CODE
  Segment part 5. NOT NEEDED.
           ENTRY                   ADDRESS         REF BY
           =====                   =======         ======
           SMPL_Receive            
               calls direct
               not allocated function
    -------------------------------------------------------------------------
CODE
  Segment part 4. NOT NEEDED.
           ENTRY                   ADDRESS         REF BY
           =====                   =======         ======
           SMPL_Link               
               calls direct
               not allocated function
    -------------------------------------------------------------------------
<CODE> 1 (was CODE)
  Relative segment, address: 8CE4 - 8D87 (0xa4 bytes), align: 1
  Segment part 3.
           ENTRY                   ADDRESS         REF BY
           =====                   =======         ======
           SMPL_Ioctl              8CE4            main (main_AP_RE)
               calls direct
               CSTACK = 00000000 ( 00000004 )
    -------------------------------------------------------------------------
CSTACK
  Segment part 1. NOT NEEDED.
    -------------------------------------------------------------------------
CODE
  Segment part 10. TENTATIVE. Used definition from bsp
           ENTRY                   ADDRESS         REF BY
           =====                   =======         ======
           ?setjmp_save_r4         
    -------------------------------------------------------------------------
CODE
  Segment part 11. TENTATIVE. Used definition from bsp
           ENTRY                   ADDRESS         REF BY
           =====                   =======         ======
           ?setjmp_save_r5         

    *************************************************************************

  FILE NAME : C:\Texas Instruments\SimpliciTI-IAR-1.1.0\Projects\Examples\eZ430RF\Polling_with_AP\IAR\CC2500-Access Point\Obj\nwk_frame.r43
  PROGRAM MODULE, NAME : nwk_frame

  SEGMENTS IN THE MODULE
  ======================
DATA16_C
  Relative segment, address: 8000 - 800B (0xc bytes), align: 1
  Segment part 2.             Intra module refs:   dispatchFrame
           LOCAL                   ADDRESS         
           =====                   =======         
           func                    8000 
    -------------------------------------------------------------------------
DATA16_Z
[...]
                    : as not overlayable)
                             CSTACK
    | Stack used (prev) :  00000042
  03      memcpy
          | Stack used (prev) :  00000042
          | + function block  :  00000004
          |  Already listed
  03      nwk_sendFrame
          | Stack used (prev) :  00000014
          | + function block  :  00000004
          |  Already listed
  03      nwk_buildFrame
          | Stack used (prev) :  00000046
          | + function block  :  0000000C
          |  Already listed
  02    smpl_send_ping_reply
        | Stack used (prev) :  00000052
        | + function block  :  00000006
  02    nwk_isValidReply
        | Stack used (prev) :  00000044
        | + function block  :  00000006
        |  Already listed
  02    MRFI_PostKillSem
        | Stack used (prev) :  00000000
        | + function block  :  00000002
        |  Already listed
  01  nwk_processPing
      | Stack used (prev) :  00000058
      | + function block  :  00000004
  <-Sub-tree of type: Indirectly called function tree that does not make
                    : indirect calls (Is not an interrupt and is not flagged
                    : as not overlayable)
    | Stack used          :  0000005C


  ->Sub-tree of type: Indirectly called function tree that does not make
                    : indirect calls (Is not an interrupt and is not flagged
                    : as not overlayable)
                             CSTACK
    | Stack used (prev) :  00000042
  01  nwk_processSecurity
      | Stack used (prev) :  00000042
      | + function block  :  00000002
  <-Sub-tree of type: Indirectly called function tree that does not make
                    : indirect calls (Is not an interrupt and is not flagged
                    : as not overlayable)
    | Stack used          :  00000044


  ->Sub-tree of type: Function tree that makes indirect calls
                             CSTACK
    | Stack used (prev) :  0000007C
  03      memcpy
          | Stack used (prev) :  00000042
          | + function block  :  00000004
          |  Already listed
  04        nwk_getConnInfo
            | Stack used (prev) :  00000044
            | + function block  :  00000004
            |  Already listed
  04        nwk_freeConnection
            | Stack used (prev) :  0000007C
            | + function block  :  00000002
  03      nwk_connectionControl
          | Stack used (prev) :  0000007E
          | + function block  :  00000002
  04        memcpy
            | Stack used (prev) :  00000042
            | + function block  :  00000004
            |  Already listed
  04        nwk_sendFrame
            | Stack used (prev) :  00000014
            | + function block  :  00000004
            |  Already listed
  04        nwk_buildFrame
            | Stack used (prev) :  00000046
            | + function block  :  0000000C
            |  Already listed
  03      nwk_rawSend
          | Stack used (prev) :  0000007C
          | + function block  :  00000006
  05          memcpy
              | Stack used (prev) :  00000042
              | + function block  :  00000004
              |  Already listed
  05          nwk_QfindOldest
              | Stack used (prev) :  00000048
              | + function block  :  00000018
              |  Already listed
  05          nwk_QadjustOrder
              | Stack used (prev) :  00000000
              | + function block  :  00000002
              |  Already listed
  05          nwk_getConnInfo
              | Stack used (prev) :  00000044
              | + function block  :  00000004
              |  Already listed
  04        nwk_retrieveFrame
            | Stack used (prev) :  0000007C
            | + function block  :  00000010
  03      nwk_rawReceive
          | Stack used (prev) :  0000008C
          | + function block  :  00000008
  04        memcpy
            | Stack used (prev) :  00000042
            | + function block  :  00000004
            |  Already listed
  04        nwk_getConnInfo
            | Stack used (prev) :  00000044
            | + function block  :  00000004
            |  Already listed
  05          Mrfi_RxModeOn
              | Stack used (prev) :  00000002
              | + function block  :  00000002
              |  Already listed
  04        MRFI_RxOn
            | Stack used (prev) :  0000007C
            | + function block  :  00000002
  06            Mrfi_RxModeOff
                | Stack used (prev) :  00000002
                | + function block  :  00000002
                |  Already listed
  05          MRFI_RxIdle
              | Stack used (prev) :  0000007C
              | + function block  :  00000002
  05          mrfiSpiCmdStrobe
              | Stack used (prev) :  00000000
              | + function block  :  00000002
              |  Already listed
  04        MRFI_Sleep
            | Stack used (prev) :  0000007E
            | + function block  :  00000002
  04        MRFI_RxIdle
            | Stack used (prev) :  0000007C
            | + function block  :  00000002
            |  Already listed
  05          mrfiSpiWriteReg
              | Stack used (prev) :  00000002
              | + function block  :  00000002
              |  Already listed
  05          mrfiSpiWriteReg
              | Stack used (prev) :  00000002
              | + function block  :  00000002
              |  Already listed
  05          mrfiSpiWriteReg
              | Stack used (prev) :  00000002
              | + function block  :  00000002
              |  Already listed
  05          mrfiSpiCmdStrobe
              | Stack used (prev) :  00000000
              | + function block  :  00000002
              |  Already listed
  05          mrfiSpiCmdStrobe
              | Stack used (prev) :  00000000
              | + function block  :  00000002
              |  Already listed
  04        MRFI_WakeUp
            | Stack used (prev) :  0000007C
            | + function block  :  00000002
  05          Mrfi_CalculateRssi
              | Stack used (prev) :  00000000
              | + function block  :  00000002
              |  Already listed
  05          Mrfi_DelayUsec
              | Stack used (prev) :  00000004
              | + function block  :  00000006
              |  Already listed
  05          mrfiSpiReadReg
              | Stack used (prev) :  00000002
              | + function block  :  00000002
              |  Already listed
  05          mrfiSpiReadReg
              | Stack used (prev) :  00000002
              | + function block  :  00000002
              |  Already listed
  04        MRFI_Rssi
            | Stack used (prev) :  0000007C
            | + function block  :  00000004
  03      nwk_radioControl
          | Stack used (prev) :  00000080
          | + function block  :  00000006
  04        nwk_setJoinContext
            | Stack used (prev) :  0000007C
            | + function block  :  00000002
  03      nwk_joinContext
          | Stack used (prev) :  0000007E
          | + function block  :  00000002
  04        memcpy
            | Stack used (prev) :  00000042
            | + function block  :  00000004
            |  Already listed
  05          memcpy
              | Stack used (prev) :  00000042
              | + function block  :  00000004
              |  Already listed
  04        nwk_setMyAddress
            | Stack used (prev) :  0000007C
            | + function block  :  00000002
  04        nwk_getMyAddress
            | Stack used (prev) :  00000042
            | + function block  :  00000002
            |  Already listed
  03      nwk_deviceAddress
          | Stack used (prev) :  0000007E
          | + function block  :  00000006
  03      nwk_getProtocolVersion
          | Stack used (prev) :  00000042
          | + function block  :  00000002
          |  Already listed
  03      nwk_getFWVersion
          | Stack used (prev) :  0000007C
          | + function block  :  00000002
  02    SMPL_Ioctl
        | Stack used (prev) :  00000094
        | + function block  :  00000004
  03      nwk_join
          | Stack used (prev) :  0000007C
          | + function block  :  00000002
  04        memset
            | Stack used (prev) :  00000000
            | + function block  :  00000004
            |  Already listed
  04        memcpy
            | Stack used (prev) :  00000042
            | + function block  :  00000004
            |  Already listed
  04        nwk_securityInit
            | Stack used (prev) :  0000007C
            | + function block  :  00000002
  05          MRFI_RandomByte
              | Stack used (prev) :  00000000
              | + function block  :  00000002
              |  Already listed
  04        nwk_pingInit
            | Stack used (prev) :  0000007C
            | + function block  :  00000002
  05          memset
              | Stack used (prev) :  00000000
              | + function block  :  00000004
              |  Already listed
  05          MRFI_RandomByte
              | Stack used (prev) :  00000000
              | + function block  :  00000002
              |  Already listed
  04        nwk_mgmtInit
            | Stack used (prev) :  0000007C
            | + function block  :  00000002
  05          MRFI_RandomByte
              | Stack used (prev) :  00000000
              | + function block  :  00000002
              |  Already listed
  04        nwk_linkInit
            | Stack used (prev) :  0000007C
            | + function block  :  00000002
  05          nwk_setLinkToken
              | Stack used (prev) :  0000007C
              | + function block  :  00000002
  05          nwk_getSFInfoPtr
              | Stack used (prev) :  0000007C
              | + function block  :  00000002
  05          MRFI_RandomByte
              | Stack used (prev) :  00000000
              | + function block  :  00000002
              |  Already listed
  04        nwk_joinInit
            | Stack used (prev) :  0000007E
            | + function block  :  00000002
  04        nwk_getBCastAddress
            | Stack used (prev) :  00000000
            | + function block  :  00000002
            |  Already listed
  05          memset
              | Stack used (prev) :  00000000
              | + function block  :  00000004
              |  Already listed
  05          memcpy
              | Stack used (prev) :  00000042
              | + function block  :  00000004
              |  Already listed
  04        nwk_globalsInit
            | Stack used (prev) :  0000007C
            | + function block  :  00000002
  04        nwk_freqInit
            | Stack used (prev) :  0000007C
            | + function block  :  00000002
  05          nwk_getMyAddress
              | Stack used (prev) :  00000042
              | + function block  :  00000002
              |  Already listed
  05          MRFI_RandomByte
              | Stack used (prev) :  00000000
              | + function block  :  00000002
              |  Already listed
  04        nwk_frameInit
            | Stack used (prev) :  0000007C
            | + function block  :  00000002
  05          memset
              | Stack used (prev) :  00000000
              | + function block  :  00000004
              |  Already listed
  04        nwk_QInit
            | Stack used (prev) :  0000007C
            | + function block  :  00000002
  03      nwk_nwkInit
          | Stack used (prev) :  00000080
          | + function block  :  00000004
  04        memset
            | Stack used (prev) :  00000000
            | + function block  :  00000004
            |  Already listed
  04        Mrfi_DelayUsec
            | Stack used (prev) :  00000004
            | + function block  :  00000006
            |  Already listed
  04        Mrfi_DelayUsec
            | Stack used (prev) :  00000004
            | + function block  :  00000006
            |  Already listed
  04        Mrfi_DelayUsec
            | Stack used (prev) :  00000004
            | + function block  :  00000006
            |  Already listed
  04        mrfiSpiInit
            | Stack used (prev) :  0000007C
            | + function block  :  00000002
  05          Mrfi_RxModeOff
              | Stack used (prev) :  00000002
              | + function block  :  00000002
              |  Already listed
  05          Mrfi_RxModeOn
              | Stack used (prev) :  00000002
              | + function block  :  00000002
              |  Already listed
  05          mrfiSpiWriteReg
              | Stack used (prev) :  00000002
              | + function block  :  00000002
              |  Already listed
  04        MRFI_SetLogicalChannel
            | Stack used (prev) :  0000007C
            | + function block  :  00000002
  05          Mrfi_RxModeOff
              | Stack used (prev) :  00000002
              | + function block  :  00000002
              |  Already listed
  05          Mrfi_RxModeOn
              | Stack used (prev) :  00000002
              | + function block  :  00000002
              |  Already listed
  05          mrfiSpiWriteReg
              | Stack used (prev) :  00000002
              | + function block  :  00000002
              |  Already listed
  04        MRFI_SetRFPwr
            | Stack used (prev) :  0000007C
            | + function block  :  00000002
  04        Mrfi_RxModeOff
            | Stack used (prev) :  00000002
            | + function block  :  00000002
            |  Already listed
  04        mrfiSpiWriteReg
            | Stack used (prev) :  00000002
            | + function block  :  00000002
            |  Already listed
  04        mrfiSpiWriteReg
            | Stack used (prev) :  00000002
            | + function block  :  00000002
            |  Already listed
  04        mrfiSpiWriteReg
            | Stack used (prev) :  00000002
            | + function block  :  00000002
            |  Already listed
  04        mrfiSpiReadReg
            | Stack used (prev) :  00000002
            | + function block  :  00000002
            |  Already listed
  04        mrfiSpiReadReg
            | Stack used (prev) :  00000002
            | + function block  :  00000002
            |  Already listed
  04        mrfiSpiReadReg
            | Stack used (prev) :  00000002
            | + function block  :  00000002
            |  Already listed
  04        mrfiSpiCmdStrobe
            | Stack used (prev) :  00000000
            | + function block  :  00000002
            |  Already listed
  03      MRFI_Init
          | Stack used (prev) :  0000007E
          | + function block  :  00000006
  03      MRFI_RxOn
          | Stack used (prev) :  0000007C
          | + function block  :  00000002
          |  Already listed
  03      MRFI_WakeUp
          | Stack used (prev) :  0000007C
          | + function block  :  00000002
          |  Already listed
  02    SMPL_Init
        | Stack used (prev) :  00000084
        | + function block  :  00000004
  02    MRFI_DelayMs
        | Stack used (prev) :  0000000A
        | + function block  :  00000004
        |  Already listed
  02    toggleLED
        | Stack used (prev) :  0000007C
        | + function block  :  00000002
  02    toggleLED
        | Stack used (prev) :  0000007C
        | + function block  :  00000002
        |  Already listed
  03      BSP_InitButtons
          | Stack used (prev) :  0000007C
          | + function block  :  00000002
  03      BSP_InitLeds
          | Stack used (prev) :  0000007C
          | + function block  :  00000002
  03      BSP_InitBoard
          | Stack used (prev) :  0000007C
          | + function block  :  00000002
  02    BSP_Init
        | Stack used (prev) :  0000007E
        | + function block  :  00000004
  01  main
      | Stack used (prev) :  00000098
      | + function block  :  0000000A
  <-Sub-tree of type: Function tree that makes indirect calls
    | Stack used          :  000000A2


  ->Sub-tree of type: Function tree
                             CSTACK
    | Stack used (prev) :  000000A2
  01  __low_level_init
      | Stack used (prev) :  000000A2
      | + function block  :  00000002
  <-Sub-tree of type: Function tree
    | Stack used          :  000000A4


  ->Sub-tree of type: Function tree
                             CSTACK
    | Stack used (prev) :  000000A4
  01  exit
      | Stack used (prev) :  000000A4
      | + function block  :  00000002
  <-Sub-tree of type: Function tree
    | Stack used          :  000000A6


  ->Sub-tree of type: Function tree
                             CSTACK
    | Stack used (prev) :  000000A6
  01  __data16_memzero
      | Stack used (prev) :  000000A6
      | + function block  :  00000002
  <-Sub-tree of type: Function tree
    | Stack used          :  000000A8


  ->Sub-tree of type: Function tree
                             CSTACK
    | Stack used (prev) :  000000A8
  02    memcpy
        | Stack used (prev) :  00000042
        | + function block  :  00000004
        |  Already listed
  01  __data16_memcpy
      | Stack used (prev) :  000000A8
      | + function block  :  00000002
  <-Sub-tree of type: Function tree
    | Stack used          :  000000AA




                ****************************************
                *                                      *
                *      SEGMENTS IN ADDRESS ORDER       *
                *                                      *
                ****************************************


SEGMENT              SPACE    START ADDRESS   END ADDRESS     SIZE  TYPE  ALIGN
=======              =====    =============   ===========     ====  ====  =====
DATA16_AN                              0003 - 0003               1   rel    0
                                       0018 - 001B               4 
                                       0021 - 0022               2 
                                       0027 - 0028               2 
                                       002B - 002E               4 
                                       0056 - 0057               2 
                                       0068 - 006B               4 
                                       006E - 006F               2 
                                       0120 - 0121               2 
                                       0160 - 0161               2 
DATA16_I                               0200 - 0223              24   rel    1
DATA16_Z                               0224 - 033B             118   rel    1
CSTACK                                 0538 - 05FF              C8   rel    1
DATA16_AN                              10FC - 10FD               2   rel    0
DATA16_C                               8000 - 805B              5C   rel    1
DATA16_ID                              805C - 807F              24   rel    1
CSTART                                 8080 - 80AF              30   rel    1
<CODE> 1                               80B0 - 988F            17E0   rel    1
INTVEC                                 FFE0 - FFE7               8   com    1
RESET                                  FFFE - FFFF               2   rel    1

                ****************************************
                *                                      *
                *        END OF CROSS REFERENCE        *
                *                                      *
                ****************************************

 6 170 bytes of CODE  memory
   516 bytes of DATA  memory (+ 27 absolute )
   128 bytes of CONST memory

Errors: none
Warnings: none

