################################################################################
#                                                                              #
#      IAR Universal Linker V4.61I/W32                                         #
#                                                                              #
#           Link time     =  13/May/2009  07:35:37                             #
#           Target CPU    =  MSP430                                            #
#           List file     =  "C:\Texas Instruments\SimpliciTI-IAR-1.1.0\Projec #
#                            ts\Examples\eZ430RF\Simple_Peer_to_Peer\IAR\CC250 #
#                            0-LinkListen\List\Simple_Peer_To_Peer.map"        #
#           Output file 1 =  "C:\Texas Instruments\SimpliciTI-IAR-1.1.0\Projec #
#                            ts\Examples\eZ430RF\Simple_Peer_to_Peer\IAR\CC250 #
#                            0-LinkListen\Exe\Simple_Peer_To_Peer.d43"         #
#                            Format: debug                                     #
#                            UBROF version 10.0.2                              #
#                            Using library modules for C-SPY (-rt)             #
#           Command line  =  "C:\Texas Instruments\SimpliciTI-IAR-1.1.0\Projec #
#                            ts\Examples\eZ430RF\Simple_Peer_to_Peer\IAR\CC250 #
#                            0-LinkListen\Obj\bsp.r43"                         #
#                            "C:\Texas Instruments\SimpliciTI-IAR-1.1.0\Projec #
#                            ts\Examples\eZ430RF\Simple_Peer_to_Peer\IAR\CC250 #
#                            0-LinkListen\Obj\main_LinkListen.r43"             #
#                            "C:\Texas Instruments\SimpliciTI-IAR-1.1.0\Projec #
#                            ts\Examples\eZ430RF\Simple_Peer_to_Peer\IAR\CC250 #
#                            0-LinkListen\Obj\mrfi.r43"                        #
#                            "C:\Texas Instruments\SimpliciTI-IAR-1.1.0\Projec #
#                            ts\Examples\eZ430RF\Simple_Peer_to_Peer\IAR\CC250 #
#                            0-LinkListen\Obj\nwk.r43"                         #
#                            "C:\Texas Instruments\SimpliciTI-IAR-1.1.0\Projec #
#                            ts\Examples\eZ430RF\Simple_Peer_to_Peer\IAR\CC250 #
#                            0-LinkListen\Obj\nwk_QMgmt.r43"                   #
#                            "C:\Texas Instruments\SimpliciTI-IAR-1.1.0\Projec #
#                            ts\Examples\eZ430RF\Simple_Peer_to_Peer\IAR\CC250 #
#                            0-LinkListen\Obj\nwk_api.r43"                     #
#                            "C:\Texas Instruments\SimpliciTI-IAR-1.1.0\Projec #
#                            ts\Examples\eZ430RF\Simple_Peer_to_Peer\IAR\CC250 #
#                            0-LinkListen\Obj\nwk_frame.r43"                   #
#                            "C:\Texas Instruments\SimpliciTI-IAR-1.1.0\Projec #
#                            ts\Examples\eZ430RF\Simple_Peer_to_Peer\IAR\CC250 #
#                            0-LinkListen\Obj\nwk_freq.r43"                    #
#                            "C:\Texas Instruments\SimpliciTI-IAR-1.1.0\Projec #
#                            ts\Examples\eZ430RF\Simple_Peer_to_Peer\IAR\CC250 #
#                            0-LinkListen\Obj\nwk_globals.r43"                 #
#                            "C:\Texas Instruments\SimpliciTI-IAR-1.1.0\Projec #
#                            ts\Examples\eZ430RF\Simple_Peer_to_Peer\IAR\CC250 #
#                            0-LinkListen\Obj\nwk_ioctl.r43"                   #
#                            "C:\Texas Instruments\SimpliciTI-IAR-1.1.0\Projec #
#                            ts\Examples\eZ430RF\Simple_Peer_to_Peer\IAR\CC250 #
#                            0-LinkListen\Obj\nwk_join.r43"                    #
#                            "C:\Texas Instruments\SimpliciTI-IAR-1.1.0\Projec #
#                            ts\Examples\eZ430RF\Simple_Peer_to_Peer\IAR\CC250 #
#                            0-LinkListen\Obj\nwk_link.r43"                    #
#                            "C:\Texas Instruments\SimpliciTI-IAR-1.1.0\Projec #
#                            ts\Examples\eZ430RF\Simple_Peer_to_Peer\IAR\CC250 #
#                            0-LinkListen\Obj\nwk_mgmt.r43"                    #
#                            "C:\Texas Instruments\SimpliciTI-IAR-1.1.0\Projec #
#                            ts\Examples\eZ430RF\Simple_Peer_to_Peer\IAR\CC250 #
#                            0-LinkListen\Obj\nwk_ping.r43"                    #
#                            "C:\Texas Instruments\SimpliciTI-IAR-1.1.0\Projec #
#                            ts\Examples\eZ430RF\Simple_Peer_to_Peer\IAR\CC250 #
#                            0-LinkListen\Obj\nwk_security.r43"                #
#                            -o                                                #
#                            "C:\Texas Instruments\SimpliciTI-IAR-1.1.0\Projec #
#                            ts\Examples\eZ430RF\Simple_Peer_to_Peer\IAR\CC250 #
#                            0-LinkListen\Exe\Simple_Peer_To_Peer.d43"         #
#                            -l                                                #
#                            "C:\Texas Instruments\SimpliciTI-IAR-1.1.0\Projec #
#                            ts\Examples\eZ430RF\Simple_Peer_to_Peer\IAR\CC250 #
#                            0-LinkListen\List\Simple_Peer_To_Peer.map"        #
#                            -xms                                              #
#                            "-IC:\Program Files\IAR Systems\Embedded Workbenc #
#                            h 5.3 Evaluation\430\LIB\"                        #
#                            -f                                                #
#                            "C:\Program Files\IAR Systems\Embedded Workbench  #
#                            5.3 Evaluation\430\CONFIG\lnk430F2274.xcl"        #
#                            (-cmsp430                                         #
#                            -Z(DATA)DATA16_I,DATA16_Z,DATA16_N,DATA16_HEAP+_D #
#                            ATA16_HEAP_SIZE=0200-05FF                         #
#                            -Z(DATA)CSTACK+_STACK_SIZE#                       #
#                            -Z(CODE)INFO=1000-10FF -Z(CODE)INFOA=10C0-10FF    #
#                            -Z(CODE)INFOB=1080-10BF -Z(CODE)INFOC=1040-107F   #
#                            -Z(CODE)INFOD=1000-103F                           #
#                            -Z(CONST)DATA16_C,DATA16_ID,DIFUNCT=8000-FFDD     #
#                            -Z(CODE)CSTART,ISR_CODE=8000-FFDD                 #
#                            -P(CODE)CODE=8000-FFDD -Z(CODE)INTVEC=FFE0-FFFF   #
#                            -Z(CODE)RESET=FFFE-FFFF) -D_STACK_SIZE=C8 -rt     #
#                            "C:\Program Files\IAR Systems\Embedded Workbench  #
#                            5.3 Evaluation\430\LIB\CLIB\cl430f.r43"           #
#                            -D_DATA16_HEAP_SIZE=0 -s __program_start          #
#                            -D_DATA20_HEAP_SIZE=50                            #
#                                                                              #
#                        Copyright 1987-2008 IAR Systems. All rights reserved. #
################################################################################





                ****************************************
                *                                      *
                *           CROSS REFERENCE            *
                *                                      *
                ****************************************

       Program entry at :           8086  Relocatable, from module : ?cstart




                ****************************************
                *                                      *
                *            RUNTIME MODEL             *
                *                                      *
                ****************************************

  __core        = 430
  __double_size = 32
  __pic         = no
  __reg_r4      = free
  __reg_r5      = free
  __rt_version  = 3



                ****************************************
                *                                      *
                *              MODULE MAP              *
                *                                      *
                ****************************************


  DEFINED ABSOLUTE ENTRIES
    *************************************************************************

  DEFINED ABSOLUTE ENTRIES
  PROGRAM MODULE, NAME : ?ABS_ENTRY_MOD

Absolute parts
           ENTRY                   ADDRESS         REF BY
           =====                   =======         ======
           _DATA20_HEAP_SIZE       0050 
           _DATA16_HEAP_SIZE       0000 
           _STACK_SIZE             00C8 
    *************************************************************************

  FILE NAME : C:\Texas Instruments\SimpliciTI-IAR-1.1.0\Projects\Examples\eZ430RF\Simple_Peer_to_Peer\IAR\CC2500-LinkListen\Obj\bsp.r43
  PROGRAM MODULE, NAME : bsp

  SEGMENTS IN THE MODULE
  ======================
DATA16_AN
  Relative segment, address: 0056 - 0056 (0x1 bytes), align: 0
  Segment part 1.             Intra module refs:   BSP_InitBoard
           ENTRY                   ADDRESS         REF BY
           =====                   =======         ======
           DCOCTL                  0056 
    -------------------------------------------------------------------------
DATA16_AN
  Relative segment, address: 0057 - 0057 (0x1 bytes), align: 0
  Segment part 2.             Intra module refs:   BSP_InitBoard
           ENTRY                   ADDRESS         REF BY
           =====                   =======         ======
           BCSCTL1                 0057 
    -------------------------------------------------------------------------
DATA16_AN
  Relative segment, address: 0021 - 0021 (0x1 bytes), align: 0
  Segment part 3.             Intra module refs:   BSP_InitButtons
                                                   BSP_InitLeds
                                                   linkFrom (main_LinkListen)
                                                   main (main_LinkListen)
                                                   sRxCallback (main_LinkListen)
                                                   toggleLED (main_LinkListen)
           ENTRY                   ADDRESS         REF BY
           =====                   =======         ======
           P1OUT                   0021 
    -------------------------------------------------------------------------
DATA16_AN
  Relative segment, address: 0022 - 0022 (0x1 bytes), align: 0
  Segment part 4.             Intra module refs:   BSP_InitLeds
           ENTRY                   ADDRESS         REF BY
           =====                   =======         ======
           P1DIR                   0022 
    -------------------------------------------------------------------------
DATA16_AN
  Relative segment, address: 0027 - 0027 (0x1 bytes), align: 0
  Segment part 5.             Intra module refs:   BSP_InitButtons
           ENTRY                   ADDRESS         REF BY
           =====                   =======         ======
           P1REN                   0027 
    -------------------------------------------------------------------------
DATA16_AN
  Relative segment, address: 0160 - 0161 (0x2 bytes), align: 0
  Segment part 6.             Intra module refs:   BSP_InitBoard
           ENTRY                   ADDRESS         REF BY
           =====                   =======         ======
           TACTL                   0160 
    -------------------------------------------------------------------------
DATA16_AN
  Relative segment, address: 0120 - 0121 (0x2 bytes), align: 0
  Segment part 7.             Intra module refs:   __low_level_init
           ENTRY                   ADDRESS         REF BY
           =====                   =======         ======
           WDTCTL                  0120 
    -------------------------------------------------------------------------
DATA16_AN
  Relative segment, address: 10FC - 10FC (0x1 bytes), align: 0
  Segment part 8.             Intra module refs:   BSP_InitBoard
           ENTRY                   ADDRESS         REF BY
           =====                   =======         ======
           CALDCO_8MHZ             10FC 
    -------------------------------------------------------------------------
DATA16_AN
  Relative segment, address: 10FD - 10FD (0x1 bytes), align: 0
  Segment part 9.             Intra module refs:   BSP_InitBoard
           ENTRY                   ADDRESS         REF BY
           =====                   =======         ======
           CALBC1_8MHZ             10FD 
    -------------------------------------------------------------------------
<CODE> 1 (was CODE)
  Relative segment, address: 9802 - 9819 (0x18 bytes), align: 1
  Segment part 18.
           ENTRY                   ADDRESS         REF BY
           =====                   =======         ======
           BSP_Init                9802            main (main_LinkListen)
               calls direct
               CSTACK = 00000000 ( 00000004 )
    -------------------------------------------------------------------------
DATA16_Z
  Relative segment, address: 023C - 023C (0x1 bytes), align: 0
  Segment part 11.            Intra module refs:   BSP_Delay
                                                   BSP_InitBoard
           LOCAL                   ADDRESS         
           =====                   =======         
           sIterationsPerUsec      023C 
    -------------------------------------------------------------------------
<CODE> 1 (was CODE)
  Relative segment, address: 997E - 9987 (0xa bytes), align: 1
  Segment part 17. ROOT.
           ENTRY                   ADDRESS         REF BY
           =====                   =======         ======
           __low_level_init        997E            ?cstart_call_low_level_init (?cstart)
               CSTACK = 00000000 ( 00000002 )
    -------------------------------------------------------------------------
<CODE> 1 (was CODE)
  Relative segment, address: 9716 - 9735 (0x20 bytes), align: 1
  Segment part 16.            Intra module refs:   BSP_Init
           ENTRY                   ADDRESS         REF BY
           =====                   =======         ======
           BSP_InitBoard           9716 
               CSTACK = 00000000 ( 00000002 )
    -------------------------------------------------------------------------
<CODE> 1 (was CODE)
  Relative segment, address: 96F4 - 9715 (0x22 bytes), align: 1
  Segment part 15.
           ENTRY                   ADDRESS         REF BY
           =====                   =======         ======
           BSP_Delay               96F4            ?Subroutine9 (mrfi)
               CSTACK = 00000000 ( 00000004 )
    -------------------------------------------------------------------------
<CODE> 1 (was CODE)
  Relative segment, address: 98E2 - 98F3 (0x12 bytes), align: 1
  Segment part 13.            Intra module refs:   BSP_Init
           ENTRY                   ADDRESS         REF BY
           =====                   =======         ======
           BSP_InitLeds            98E2 
               CSTACK = 00000000 ( 00000002 )
    -------------------------------------------------------------------------
<CODE> 1 (was CODE)
  Relative segment, address: 9992 - 999B (0xa bytes), align: 1
  Segment part 12.            Intra module refs:   BSP_Init
           ENTRY                   ADDRESS         REF BY
           =====                   =======         ======
           BSP_InitButtons         9992 
               CSTACK = 00000000 ( 00000002 )

    *************************************************************************

  FILE NAME : C:\Texas Instruments\SimpliciTI-IAR-1.1.0\Projects\Examples\eZ430RF\Simple_Peer_to_Peer\IAR\CC2500-LinkListen\Obj\main_LinkListen.r43
  PROGRAM MODULE, NAME : main_LinkListen

  SEGMENTS IN THE MODULE
  ======================
DATA16_Z
  Relative segment, address: 023D - 023D (0x1 bytes), align: 0
  Segment part 3.             Intra module refs:   linkFrom
                                                   sRxCallback
           LOCAL                   ADDRESS         
           =====                   =======         
           sLinkID2                023D 
    -------------------------------------------------------------------------
DATA16_Z
  Relative segment, address: 023E - 023E (0x1 bytes), align: 0
  Segment part 4.             Intra module refs:   linkFrom
                                                   sRxCallback
           LOCAL                   ADDRESS         
           =====                   =======         
           sSemaphore              023E 
    -------------------------------------------------------------------------
<CODE> 1 (was CODE)
  Relative segment, address: 96D2 - 96F3 (0x22 bytes), align: 1
  Segment part 8.
           ENTRY                   ADDRESS         REF BY
           =====                   =======         ======
           main                    96D2            Segment part 11 (?cstart)
               calls direct
               CSTACK = 00000000 ( 00000002 )
    -------------------------------------------------------------------------
<CODE> 1 (was CODE)
  Relative segment, address: 9940 - 994D (0xe bytes), align: 1
  Segment part 9.             Intra module refs:   linkFrom
                                                   main
           LOCAL                   ADDRESS         
           =====                   =======         
           ?Subroutine0            9940 
    -------------------------------------------------------------------------
<CODE> 1 (was CODE)
  Relative segment, address: 9374 - 93AD (0x3a bytes), align: 1
  Segment part 7.             Intra module refs:   main
           LOCAL                   ADDRESS         
           =====                   =======         
           linkFrom                9374 
               calls direct
               CSTACK = 00000000 ( 00000004 )
    -------------------------------------------------------------------------
<CODE> 1 (was CODE)
  Relative segment, address: 9874 - 9887 (0x14 bytes), align: 1
  Segment part 5.             Intra module refs:   ?Subroutine0
                                                   main
                                                   sRxCallback
           ENTRY                   ADDRESS         REF BY
           =====                   =======         ======
           toggleLED               9874 
               CSTACK = 00000000 ( 00000002 )
    -------------------------------------------------------------------------
<CODE> 1 (was CODE)
  Relative segment, address: 9226 - 926D (0x48 bytes), align: 1
  Segment part 6.             Intra module refs:   main
           LOCAL                   ADDRESS         
           =====                   =======         
           sRxCallback             9226 
               calls direct
               CSTACK = 00000000 ( 00000006 )

    *************************************************************************

  FILE NAME : C:\Texas Instruments\SimpliciTI-IAR-1.1.0\Projects\Examples\eZ430RF\Simple_Peer_to_Peer\IAR\CC2500-LinkListen\Obj\mrfi.r43
  PROGRAM MODULE, NAME : mrfi

  SEGMENTS IN THE MODULE
  ======================
DATA16_AN
  Relative segment, address: 0003 - 0003 (0x1 bytes), align: 0
  Segment part 1.             Intra module refs:   MRFI_Init
                                                   mrfiSpiCmdStrobe
                                                   spiBurstFifoAccess
                                                   spiRegAccess
           ENTRY                   ADDRESS         REF BY
           =====                   =======         ======
           IFG2                    0003 
    -------------------------------------------------------------------------
DATA16_AN
  Relative segment, address: 0028 - 0028 (0x1 bytes), align: 0
  Segment part 2.             Intra module refs:   MRFI_Transmit
           ENTRY                   ADDRESS         REF BY
           =====                   =======         ======
           P2IN                    0028 
    -------------------------------------------------------------------------
DATA16_AN
  Relative segment, address: 002B - 002B (0x1 bytes), align: 0
  Segment part 3.             Intra module refs:   MRFI_GpioIsr
                                                   MRFI_Init
                                                   MRFI_Transmit
                                                   Mrfi_RxModeOff
                                                   Mrfi_RxModeOn
           ENTRY                   ADDRESS         REF BY
           =====                   =======         ======
           P2IFG                   002B 
    -------------------------------------------------------------------------
DATA16_AN
  Relative segment, address: 002C - 002C (0x1 bytes), align: 0
  Segment part 4.             Intra module refs:   MRFI_Init
           ENTRY                   ADDRESS         REF BY
           =====                   =======         ======
           P2IES                   002C 
    -------------------------------------------------------------------------
DATA16_AN
  Relative segment, address: 002D - 002D (0x1 bytes), align: 0
  Segment part 5.             Intra module refs:   MRFI_GpioIsr
                                                   Mrfi_RxModeOff
                                                   Mrfi_RxModeOn
           ENTRY                   ADDRESS         REF BY
           =====                   =======         ======
           P2IE                    002D 
    -------------------------------------------------------------------------
DATA16_AN
  Relative segment, address: 002E - 002E (0x1 bytes), align: 0
  Segment part 6.             Intra module refs:   MRFI_Init
           ENTRY                   ADDRESS         REF BY
           =====                   =======         ======
           P2SEL                   002E 
    -------------------------------------------------------------------------
DATA16_AN
  Relative segment, address: 0018 - 0018 (0x1 bytes), align: 0
  Segment part 7.             Intra module refs:   MRFI_Init
                                                   MRFI_WakeUp
           ENTRY                   ADDRESS         REF BY
           =====                   =======         ======
           P3IN                    0018 
    -------------------------------------------------------------------------
DATA16_AN
  Relative segment, address: 0019 - 0019 (0x1 bytes), align: 0
  Segment part 8.             Intra module refs:   MRFI_Init
                                                   MRFI_WakeUp
                                                   mrfiSpiCmdStrobe
                                                   mrfiSpiInit
                                                   spiBurstFifoAccess
                                                   spiRegAccess
           ENTRY                   ADDRESS         REF BY
           =====                   =======         ======
           P3OUT                   0019 
    -------------------------------------------------------------------------
DATA16_AN
  Relative segment, address: 001A - 001A (0x1 bytes), align: 0
  Segment part 9.             Intra module refs:   mrfiSpiInit
           ENTRY                   ADDRESS         REF BY
           =====                   =======         ======
           P3DIR                   001A 
    -------------------------------------------------------------------------
DATA16_AN
  Relative segment, address: 001B - 001B (0x1 bytes), align: 0
  Segment part 10.            Intra module refs:   mrfiSpiInit
           ENTRY                   ADDRESS         REF BY
           =====                   =======         ======
           P3SEL                   001B 
    -------------------------------------------------------------------------
DATA16_AN
  Relative segment, address: 0068 - 0068 (0x1 bytes), align: 0
  Segment part 11.            Intra module refs:   mrfiSpiCmdStrobe
                                                   mrfiSpiInit
                                                   spiBurstFifoAccess
                                                   spiRegAccess
           ENTRY                   ADDRESS         REF BY
           =====                   =======         ======
           UCB0CTL0                0068 
    -------------------------------------------------------------------------
DATA16_AN
  Relative segment, address: 0069 - 0069 (0x1 bytes), align: 0
  Segment part 12.            Intra module refs:   mrfiSpiInit
           ENTRY                   ADDRESS         REF BY
           =====                   =======         ======
           UCB0CTL1                0069 
    -------------------------------------------------------------------------
DATA16_AN
  Relative segment, address: 006A - 006A (0x1 bytes), align: 0
  Segment part 13.            Intra module refs:   mrfiSpiInit
           ENTRY                   ADDRESS         REF BY
           =====                   =======         ======
           UCB0BR0                 006A 
    -------------------------------------------------------------------------
DATA16_AN
  Relative segment, address: 006B - 006B (0x1 bytes), align: 0
  Segment part 14.            Intra module refs:   mrfiSpiInit
           ENTRY                   ADDRESS         REF BY
           =====                   =======         ======
           UCB0BR1                 006B 
    -------------------------------------------------------------------------
DATA16_AN
  Relative segment, address: 006E - 006E (0x1 bytes), align: 0
  Segment part 15.            Intra module refs:   mrfiSpiCmdStrobe
                                                   spiBurstFifoAccess
                                                   spiRegAccess
           ENTRY                   ADDRESS         REF BY
           =====                   =======         ======
           UCB0RXBUF               006E 
    -------------------------------------------------------------------------
DATA16_AN
  Relative segment, address: 006F - 006F (0x1 bytes), align: 0
  Segment part 16.            Intra module refs:   MRFI_Init
                                                   mrfiSpiCmdStrobe
                                                   spiBurstFifoAccess
                                                   spiRegAccess
           ENTRY                   ADDRESS         REF BY
           =====                   =======         ======
           UCB0TXBUF               006F 
    -------------------------------------------------------------------------
DATA16_C
  Relative segment, address: 800C - 8047 (0x3c bytes), align: 0
  Segment part 19.            Intra module refs:   MRFI_Init
           LOCAL                   ADDRESS         
           =====                   =======         
           mrfiRadioCfg            800C 
    -------------------------------------------------------------------------
DATA16_Z
  Relative segment, address: 023F - 023F (0x1 bytes), align: 0
  Segment part 20.            Intra module refs:   ?Subroutine13
                                                   ?Subroutine3
                                                   ?Subroutine6
                                                   MRFI_GetRadioState
                                                   MRFI_Init
                                                   MRFI_RxIdle
                                                   MRFI_RxOn
                                                   MRFI_Sleep
                                                   MRFI_Transmit
                                                   MRFI_WakeUp
           LOCAL                   ADDRESS         
           =====                   =======         
           mrfiRadioState          023F 
    -------------------------------------------------------------------------
DATA16_Z
  Relative segment, address: 0240 - 0257 (0x18 bytes), align: 0
  Segment part 21.            Intra module refs:   MRFI_Init
                                                   MRFI_Receive
                                                   Mrfi_SyncPinRxIsr
                                                   Segment part 49
           LOCAL                   ADDRESS         
           =====                   =======         
           mrfiIncomingPacket      0240 
    -------------------------------------------------------------------------
DATA16_Z
  Relative segment, address: 0258 - 0258 (0x1 bytes), align: 0
  Segment part 22.            Intra module refs:   MRFI_Init
                                                   MRFI_RandomByte
           LOCAL                   ADDRESS         
           =====                   =======         
           mrfiRndSeed             0258 
    -------------------------------------------------------------------------
DATA16_Z
  Relative segment, address: 0259 - 0259 (0x1 bytes), align: 0
  Segment part 23.            Intra module refs:   MRFI_PostKillSem
                                                   MRFI_ReplyDelay
           LOCAL                   ADDRESS         
           =====                   =======         
           sKillSem                0259 
    -------------------------------------------------------------------------
DATA16_Z
  Relative segment, address: 025A - 025A (0x1 bytes), align: 0
  Segment part 24.            Intra module refs:   MRFI_PostKillSem
                                                   MRFI_ReplyDelay
           LOCAL                   ADDRESS         
           =====                   =======         
           sReplyDelayContext      025A 
    -------------------------------------------------------------------------
DATA16_Z
  Relative segment, address: 022A - 022B (0x2 bytes), align: 1
  Segment part 25.            Intra module refs:   MRFI_Init
                                                   MRFI_ReplyDelay
           LOCAL                   ADDRESS         
           =====                   =======         
           sReplyDelayScalar       022A 
    -------------------------------------------------------------------------
DATA16_Z
  Relative segment, address: 022C - 022D (0x2 bytes), align: 1
  Segment part 26.            Intra module refs:   MRFI_Init
                                                   MRFI_Transmit
           LOCAL                   ADDRESS         
           =====                   =======         
           sBackoffHelper          022C 
    -------------------------------------------------------------------------
DATA16_C
  Relative segment, address: 8048 - 804B (0x4 bytes), align: 0
  Segment part 27.            Intra module refs:   MRFI_RxAddrIsFiltered
           ENTRY                   ADDRESS         REF BY
           =====                   =======         ======
           mrfiBroadcastAddr       8048            nwk_getBCastAddress (nwk_globals)
    -------------------------------------------------------------------------
DATA16_C
  Relative segment, address: 804C - 804F (0x4 bytes), align: 0
  Segment part 28.            Intra module refs:   MRFI_SetLogicalChannel
           LOCAL                   ADDRESS         
           =====                   =======         
           mrfiLogicalChanTable    804C 
    -------------------------------------------------------------------------
DATA16_C
  Relative segment, address: 8050 - 8052 (0x3 bytes), align: 0
  Segment part 29.            Intra module refs:   MRFI_SetRFPwr
           LOCAL                   ADDRESS         
           =====                   =======         
           mrfiRFPowerTable        8050 
    -------------------------------------------------------------------------
DATA16_Z
  Relative segment, address: 025B - 025B (0x1 bytes), align: 0
  Segment part 30.            Intra module refs:   MRFI_EnableRxAddrFilter
                                                   MRFI_RxAddrIsFiltered
           LOCAL                   ADDRESS         
           =====                   =======         
           mrfiRxFilterEnabled     025B 
    -------------------------------------------------------------------------
DATA16_I
  Relative segment, address: 0200 - 0203 (0x4 bytes), align: 0
  Segment part 31.            Intra module refs:   MRFI_EnableRxAddrFilter
                                                   MRFI_RxAddrIsFiltered
                                                   MRFI_SetRxAddrFilter
           LOCAL                   ADDRESS         
           =====                   =======         
           mrfiRxFilterAddr        0200 
    -------------------------------------------------------------------------
<CODE> 1 (was CODE)
  Relative segment, address: 80B6 - 80F3 (0x3e bytes), align: 1
  Segment part 34.            Intra module refs:   Mrfi_SyncPinRxIsr
           ENTRY                   ADDRESS         REF BY
           =====                   =======         ======
           MRFI_RxAddrIsFiltered   80B6 
               CSTACK = 00000000 ( 00000006 )
    -------------------------------------------------------------------------
<CODE> 1 (was CODE)
  Relative segment, address: 80F4 - 810D (0x1a bytes), align: 1
  Segment part 35.            Intra module refs:   ?Subroutine11
                                                   MRFI_Init
                                                   MRFI_Sleep
                                                   MRFI_Transmit
                                                   Mrfi_RxModeOff
                                                   Mrfi_RxModeOn
                                                   Mrfi_SyncPinRxIsr
           ENTRY                   ADDRESS         REF BY
           =====                   =======         ======
           mrfiSpiCmdStrobe        80F4 
               CSTACK = 00000000 ( 00000002 )
    -------------------------------------------------------------------------
<CODE> 1 (was CODE)
  Relative segment, address: 810E - 8115 (0x8 bytes), align: 1
  Segment part 36.            Intra module refs:   mrfiSpiCmdStrobe
                                                   spiRegAccess
           LOCAL                   ADDRESS         
           =====                   =======         
           ?Subroutine0            810E 
    -------------------------------------------------------------------------
<CODE> 1 (was CODE)
  Relative segment, address: 8116 - 811D (0x8 bytes), align: 1
  Segment part 37.            Intra module refs:   ?Subroutine0
                                                   spiBurstFifoAccess
    -------------------------------------------------------------------------
<CODE> 1 (was CODE)
  Relative segment, address: 811E - 8177 (0x5a bytes), align: 1
  Segment part 38.            Intra module refs:   mrfiSpiReadRxFifo
                                                   mrfiSpiWriteTxFifo
           LOCAL                   ADDRESS         
           =====                   =======         
           spiBurstFifoAccess      811E 
               CSTACK = 00000000 ( 00000002 )
    -------------------------------------------------------------------------
<CODE> 1 (was CODE)
  Relative segment, address: 8178 - 817B (0x4 bytes), align: 1
  Segment part 39.            Intra module refs:   mrfiSpiCmdStrobe
                                                   spiBurstFifoAccess
                                                   spiRegAccess
           LOCAL                   ADDRESS         
           =====                   =======         
           ?Subroutine4            8178 
    -------------------------------------------------------------------------
<CODE> 1 (was CODE)
  Relative segment, address: 817C - 8185 (0xa bytes), align: 1
  Segment part 40.            Intra module refs:   ?Subroutine4
                                                   MRFI_Init
                                                   spiBurstFifoAccess
           LOCAL                   ADDRESS         
           =====                   =======         
           ?Subroutine19           817C 
    -------------------------------------------------------------------------
<CODE> 1 (was CODE)
  Relative segment, address: 8186 - 818F (0xa bytes), align: 1
  Segment part 41.            Intra module refs:   Mrfi_SyncPinRxIsr
           ENTRY                   ADDRESS         REF BY
           =====                   =======         ======
           mrfiSpiReadRxFifo       8186 
               calls direct
               CSTACK = 00000000 ( 00000002 )
    -------------------------------------------------------------------------
<CODE> 1 (was CODE)
  Relative segment, address: 8190 - 81A5 (0x16 bytes), align: 1
  Segment part 42.            Intra module refs:   mrfiSpiReadReg
                                                   mrfiSpiWriteReg
           LOCAL                   ADDRESS         
           =====                   =======         
           spiRegAccess            8190 
               CSTACK = 00000000 ( 00000002 )
    -------------------------------------------------------------------------
<CODE> 1 (was CODE)
  Relative segment, address: 81A6 - 81AD (0x8 bytes), align: 1
  Segment part 43.            Intra module refs:   ?Subroutine0
                                                   MRFI_Init
                                                   spiBurstFifoAccess
                                                   spiRegAccess
           LOCAL                   ADDRESS         
           =====                   =======         
           ?Subroutine12           81A6 
    -------------------------------------------------------------------------
<CODE> 1 (was CODE)
  Relative segment, address: 81AE - 81BB (0xe bytes), align: 1
  Segment part 44.            Intra module refs:   mrfiSpiCmdStrobe
                                                   spiRegAccess
           LOCAL                   ADDRESS         
           =====                   =======         
           ?Subroutine8            81AE 
    -------------------------------------------------------------------------
<CODE> 1 (was CODE)
  Relative segment, address: 81BC - 81CB (0x10 bytes), align: 1
  Segment part 45.            Intra module refs:   ?Subroutine8
                                                   spiBurstFifoAccess
           LOCAL                   ADDRESS         
           =====                   =======         
           ?Subroutine18           81BC 
    -------------------------------------------------------------------------
<CODE> 1 (was CODE)
  Relative segment, address: 81CC - 81E3 (0x18 bytes), align: 1
  Segment part 46.            Intra module refs:   ?Subroutine17
                                                   MRFI_Init
                                                   MRFI_Rssi
                                                   Mrfi_SyncPinRxIsr
           ENTRY                   ADDRESS         REF BY
           =====                   =======         ======
           mrfiSpiReadReg          81CC 
               calls direct
               CSTACK = 00000000 ( 00000002 )
    -------------------------------------------------------------------------
<CODE> 1 (was CODE)
  Relative segment, address: 81E4 - 829F (0xbc bytes), align: 1
  Segment part 47.            Intra module refs:   MRFI_GpioIsr
           LOCAL                   ADDRESS         
           =====                   =======         
           Mrfi_SyncPinRxIsr       81E4 
               calls direct and indirect
               CSTACK = 00000000 ( 00000008 )
    -------------------------------------------------------------------------
<CODE> 1 (was CODE)
  Relative segment, address: 82A0 - 82A3 (0x4 bytes), align: 1
  Segment part 48.            Intra module refs:   MRFI_Init
                                                   Mrfi_SyncPinRxIsr
           LOCAL                   ADDRESS         
           =====                   =======         
           ?Subroutine14           82A0 
    -------------------------------------------------------------------------
<CODE> 1 (was CODE)
  Relative segment, address: 82A4 - 82AD (0xa bytes), align: 1
  Segment part 49.            Intra module refs:   ?Subroutine14
                                                   MRFI_Init
    -------------------------------------------------------------------------
<CODE> 1 (was CODE)
  Relative segment, address: 82AE - 82C7 (0x1a bytes), align: 1
  Segment part 50.            Intra module refs:   BSP_GpioPort1Isr
           ENTRY                   ADDRESS         REF BY
           =====                   =======         ======
           MRFI_GpioIsr            82AE 
               calls direct
               CSTACK = 00000000 ( 00000002 )
    -------------------------------------------------------------------------
<CODE> 1 (was CODE)
  Relative segment, address: 82C8 - 82DD (0x16 bytes), align: 1
  Segment part 51.            Intra module refs:   BSP_GpioPort1Isr::??INTVEC 6
           ENTRY                   ADDRESS         REF BY
           =====                   =======         ======
           BSP_GpioPort1Isr        82C8 
               interrupt function
               calls direct
               CSTACK = 00000000 ( 0000000C )
    -------------------------------------------------------------------------
<CODE> 1 (was CODE)
  Relative segment, address: 82DE - 82EF (0x12 bytes), align: 1
  Segment part 52.            Intra module refs:   ?Subroutine13
                                                   MRFI_EnableRxAddrFilter
                                                   MRFI_Init
                                                   MRFI_SetRxAddrFilter
                                                   MRFI_Transmit
                                                   MRFI_WakeUp
           ENTRY                   ADDRESS         REF BY
           =====                   =======         ======
           mrfiSpiWriteReg         82DE 
               calls direct
               CSTACK = 00000000 ( 00000002 )
    -------------------------------------------------------------------------
<CODE> 1 (was CODE)
  Relative segment, address: 82F0 - 8305 (0x16 bytes), align: 1
  Segment part 54.
           ENTRY                   ADDRESS         REF BY
           =====                   =======         ======
           MRFI_EnableRxAddrFilter
                                   82F0            SMPL_Init (nwk_api)
               calls direct
               CSTACK = 00000000 ( 00000002 )
    -------------------------------------------------------------------------
<CODE> 1 (was CODE)
  Relative segment, address: 8306 - 830F (0xa bytes), align: 1
  Segment part 55.            Intra module refs:   MRFI_EnableRxAddrFilter
                                                   MRFI_Transmit
                                                   spiBurstFifoAccess
           LOCAL                   ADDRESS         
           =====                   =======         
           ?Subroutine7            8306 
    -------------------------------------------------------------------------
<CODE> 1 (was CODE)
  Relative segment, address: 8310 - 8339 (0x2a bytes), align: 1
  Segment part 56.
           ENTRY                   ADDRESS         REF BY
           =====                   =======         ======
           MRFI_SetRxAddrFilter    8310            SMPL_Init (nwk_api)
               calls direct
               CSTACK = 00000000 ( 00000002 )
    -------------------------------------------------------------------------
<CODE> 1 (was CODE)
  Relative segment, address: 833A - 834D (0x14 bytes), align: 1
  Segment part 57.            Intra module refs:   ?Subroutine13
                                                   MRFI_RxOn
           LOCAL                   ADDRESS         
           =====                   =======         
           Mrfi_RxModeOn           833A 
               calls direct
               CSTACK = 00000000 ( 00000002 )
    -------------------------------------------------------------------------
<CODE> 1 (was CODE)
  Relative segment, address: 834E - 835F (0x12 bytes), align: 1
  Segment part 58.            Intra module refs:   ?Subroutine5
                                                   MRFI_Init
                                                   MRFI_RxIdle
                                                   MRFI_Transmit
           LOCAL                   ADDRESS         
           =====                   =======         
           Mrfi_RxModeOff          834E 
               calls direct
               CSTACK = 00000000 ( 00000002 )
    -------------------------------------------------------------------------
<CODE> 1 (was CODE)
  Relative segment, address: 8360 - 8367 (0x8 bytes), align: 1
  Segment part 59.            Intra module refs:   MRFI_GpioIsr
                                                   MRFI_Init
                                                   MRFI_Transmit
                                                   Mrfi_RxModeOff
                                                   Mrfi_RxModeOn
           LOCAL                   ADDRESS         
           =====                   =======         
           ?Subroutine15           8360 
    -------------------------------------------------------------------------
<CODE> 1 (was CODE)
  Relative segment, address: 8368 - 8379 (0x12 bytes), align: 1
  Segment part 60.            Intra module refs:   MRFI_Init
           ENTRY                   ADDRESS         REF BY
           =====                   =======         ======
           MRFI_SetRFPwr           8368 
               calls direct
               CSTACK = 00000000 ( 00000002 )
    -------------------------------------------------------------------------
<CODE> 1 (was CODE)
  Relative segment, address: 837A - 838B (0x12 bytes), align: 1
  Segment part 61.            Intra module refs:   MRFI_SetLogicalChannel
                                                   MRFI_SetRFPwr
                                                   MRFI_Transmit
           LOCAL                   ADDRESS         
           =====                   =======         
           ?Subroutine13           837A 
    -------------------------------------------------------------------------
<CODE> 1 (was CODE)
  Relative segment, address: 838C - 839D (0x12 bytes), align: 1
  Segment part 62.            Intra module refs:   MRFI_Init
           ENTRY                   ADDRESS         REF BY
           =====                   =======         ======
           MRFI_SetLogicalChannel
                                   838C 
               calls direct
               CSTACK = 00000000 ( 00000002 )
    -------------------------------------------------------------------------
<CODE> 1 (was CODE)
  Relative segment, address: 839E - 83A9 (0xc bytes), align: 1
  Segment part 63.            Intra module refs:   MRFI_SetLogicalChannel
                                                   MRFI_SetRFPwr
           LOCAL                   ADDRESS         
           =====                   =======         
           ?Subroutine5            839E 
    -------------------------------------------------------------------------
<CODE> 1 (was CODE)
  Relative segment, address: 83AA - 83B5 (0xc bytes), align: 1
  Segment part 64.            Intra module refs:   MRFI_Transmit
           ENTRY                   ADDRESS         REF BY
           =====                   =======         ======
           mrfiSpiWriteTxFifo      83AA 
               calls direct
               CSTACK = 00000000 ( 00000002 )
    -------------------------------------------------------------------------
<CODE> 1 (was CODE)
  Relative segment, address: 83B6 - 83E9 (0x34 bytes), align: 1
  Segment part 65.            Intra module refs:   MRFI_Init
           ENTRY                   ADDRESS         REF BY
           =====                   =======         ======
           mrfiSpiInit             83B6 
               CSTACK = 00000000 ( 00000002 )
    -------------------------------------------------------------------------
<CODE> 1 (was CODE)
  Relative segment, address: 83EA - 83EF (0x6 bytes), align: 1
  Segment part 66.
           ENTRY                   ADDRESS         REF BY
           =====                   =======         ======
           MRFI_GetRadioState      83EA            SMPL_LinkListen (nwk_api)
                                                   SMPL_SendOpt (nwk_api)
                                                   nwk_join (nwk_join)
               CSTACK = 00000000 ( 00000002 )
    -------------------------------------------------------------------------
<CODE> 1 (was CODE)
  Relative segment, address: 83F0 - 83FB (0xc bytes), align: 1
  Segment part 67.
           ENTRY                   ADDRESS         REF BY
           =====                   =======         ======
           MRFI_PostKillSem        83F0            nwk_isConnectionValid (nwk)
                                                   nwk_processJoin (nwk_join)
                                                   nwk_processLink (nwk_link)
                                                   nwk_processMgmt (nwk_mgmt)
                                                   nwk_processPing (nwk_ping)
               CSTACK = 00000000 ( 00000002 )
    -------------------------------------------------------------------------
<CODE> 1 (was CODE)
  Relative segment, address: 83FC - 844D (0x52 bytes), align: 1
  Segment part 68.
           ENTRY                   ADDRESS         REF BY
           =====                   =======         ======
           MRFI_ReplyDelay         83FC            nwk_join (nwk_join)
               calls direct
               CSTACK = 00000000 ( 00000008 )
    -------------------------------------------------------------------------
<CODE> 1 (was CODE)
  Relative segment, address: 844E - 846D (0x20 bytes), align: 1
  Segment part 69.            Intra module refs:   ?Subroutine16
                                                   MRFI_DelayMs
                                                   MRFI_Init
                                                   MRFI_Transmit
           LOCAL                   ADDRESS         
           =====                   =======         
           Mrfi_DelayUsec          844E 
               calls direct
               CSTACK = 00000000 ( 00000006 )
    -------------------------------------------------------------------------
<CODE> 1 (was CODE)
  Relative segment, address: 846E - 8473 (0x6 bytes), align: 1
  Segment part 70.            Intra module refs:   MRFI_Init
                                                   MRFI_RxAddrIsFiltered
                                                   Mrfi_DelayUsec
                                                   Mrfi_SyncPinRxIsr
           LOCAL                   ADDRESS         
           =====                   =======         
           ?Subroutine2            846E 
    -------------------------------------------------------------------------
<CODE> 1 (was CODE)
  Relative segment, address: 8474 - 847F (0xc bytes), align: 1
  Segment part 71.            Intra module refs:   MRFI_ReplyDelay
                                                   Mrfi_DelayUsec
           LOCAL                   ADDRESS         
           =====                   =======         
           ?Subroutine9            8474 
    -------------------------------------------------------------------------
<CODE> 1 (was CODE)
  Relative segment, address: 8480 - 8497 (0x18 bytes), align: 1
  Segment part 72.
           ENTRY                   ADDRESS         REF BY
           =====                   =======         ======
           MRFI_DelayMs            8480            SMPL_LinkListen (nwk_api)
               calls direct
               CSTACK = 00000000 ( 00000004 )
    -------------------------------------------------------------------------
<CODE> 1 (was CODE)
  Relative segment, address: 8498 - 84AD (0x16 bytes), align: 1
  Segment part 73.            Intra module refs:   MRFI_Transmit
           ENTRY                   ADDRESS         REF BY
           =====                   =======         ======
           MRFI_RandomByte         8498            nwk_frameInit (nwk_frame)
                                                   nwk_joinInit (nwk_join)
                                                   nwk_linkInit (nwk_link)
                                                   nwk_mgmtInit (nwk_mgmt)
                                                   nwk_pingInit (nwk_ping)
               CSTACK = 00000000 ( 00000002 )
    -------------------------------------------------------------------------
<CODE> 1 (was CODE)
  Relative segment, address: 84AE - 84D9 (0x2c bytes), align: 1
  Segment part 74.
           ENTRY                   ADDRESS         REF BY
           =====                   =======         ======
           MRFI_Rssi               84AE            nwk_radioControl (nwk_ioctl)
               calls direct
               CSTACK = 00000000 ( 00000004 )
    -------------------------------------------------------------------------
<CODE> 1 (was CODE)
  Relative segment, address: 84DA - 851B (0x42 bytes), align: 1
  Segment part 75.
           ENTRY                   ADDRESS         REF BY
           =====                   =======         ======
           MRFI_WakeUp             84DA            SMPL_Init (nwk_api)
                                                   SMPL_LinkListen (nwk_api)
                                                   nwk_join (nwk_join)
                                                   nwk_radioControl (nwk_ioctl)
               calls direct
               CSTACK = 00000000 ( 00000002 )
    -------------------------------------------------------------------------
<CODE> 1 (was CODE)
  Relative segment, address: 851C - 8533 (0x18 bytes), align: 1
  Segment part 76.            Intra module refs:   MRFI_WakeUp
                                                   Mrfi_RxModeOff
           LOCAL                   ADDRESS         
           =====                   =======         
           ?Subroutine11           851C 
    -------------------------------------------------------------------------
<CODE> 1 (was CODE)
  Relative segment, address: 8534 - 8543 (0x10 bytes), align: 1
  Segment part 77.            Intra module refs:   MRFI_Sleep
           ENTRY                   ADDRESS         REF BY
           =====                   =======         ======
           MRFI_RxIdle             8534            SMPL_LinkListen (nwk_api)
                                                   nwk_join (nwk_join)
                                                   nwk_radioControl (nwk_ioctl)
               calls direct
               CSTACK = 00000000 ( 00000002 )
    -------------------------------------------------------------------------
<CODE> 1 (was CODE)
  Relative segment, address: 8544 - 8563 (0x20 bytes), align: 1
  Segment part 78.
           ENTRY                   ADDRESS         REF BY
           =====                   =======         ======
           MRFI_Sleep              8544            SMPL_LinkListen (nwk_api)
                                                   nwk_join (nwk_join)
                                                   nwk_radioControl (nwk_ioctl)
               calls direct
               CSTACK = 00000000 ( 00000002 )
    -------------------------------------------------------------------------
<CODE> 1 (was CODE)
  Relative segment, address: 8564 - 8575 (0x12 bytes), align: 1
  Segment part 79.
           ENTRY                   ADDRESS         REF BY
           =====                   =======         ======
           MRFI_RxOn               8564            SMPL_LinkListen (nwk_api)
                                                   nwk_join (nwk_join)
                                                   nwk_radioControl (nwk_ioctl)
               calls direct
               CSTACK = 00000000 ( 00000002 )
    -------------------------------------------------------------------------
<CODE> 1 (was CODE)
  Relative segment, address: 8576 - 8589 (0x14 bytes), align: 1
  Segment part 80.            Intra module refs:   MRFI_RxIdle
                                                   MRFI_RxOn
           LOCAL                   ADDRESS         
           =====                   =======         
           ?Subroutine6            8576 
    -------------------------------------------------------------------------
<CODE> 1 (was CODE)
  Relative segment, address: 858A - 8595 (0xc bytes), align: 1
  Segment part 81.
           ENTRY                   ADDRESS         REF BY
           =====                   =======         ======
           MRFI_Receive            858A            MRFI_RxCompleteISR (nwk_frame)
               CSTACK = 00000000 ( 00000002 )
    -------------------------------------------------------------------------
<CODE> 1 (was CODE)
  Relative segment, address: 8596 - 867B (0xe6 bytes), align: 1
  Segment part 82.
           ENTRY                   ADDRESS         REF BY
           =====                   =======         ======
           MRFI_Transmit           8596            nwk_sendFrame (nwk_frame)
               calls direct and indirect
               CSTACK = 00000000 ( 0000000A )
    -------------------------------------------------------------------------
<CODE> 1 (was CODE)
  Relative segment, address: 867C - 8689 (0xe bytes), align: 1
  Segment part 83.            Intra module refs:   MRFI_Rssi
                                                   MRFI_Transmit
           LOCAL                   ADDRESS         
           =====                   =======         
           ?Subroutine17           867C 
    -------------------------------------------------------------------------
<CODE> 1 (was CODE)
  Relative segment, address: 868A - 8691 (0x8 bytes), align: 1
  Segment part 84.            Intra module refs:   MRFI_Init
                                                   MRFI_Rssi
                                                   MRFI_Transmit
           LOCAL                   ADDRESS         
           =====                   =======         
           ?Subroutine16           868A 
    -------------------------------------------------------------------------
<CODE> 1 (was CODE)
  Relative segment, address: 8692 - 87CB (0x13a bytes), align: 1
  Segment part 85.
           ENTRY                   ADDRESS         REF BY
           =====                   =======         ======
           MRFI_Init               8692            SMPL_Init (nwk_api)
               calls direct and indirect
               CSTACK = 00000000 ( 00000006 )
    -------------------------------------------------------------------------
<CODE> 1 (was CODE)
  Relative segment, address: 9904 - 9913 (0x10 bytes), align: 1
  Segment part 86.            Intra module refs:   MRFI_Init
                                                   MRFI_Rssi
                                                   MRFI_Transmit
                                                   Mrfi_SyncPinRxIsr
                                                   mrfiSpiWriteReg
           LOCAL                   ADDRESS         
           =====                   =======         
           ?Subroutine3            9904 
    -------------------------------------------------------------------------
<CODE> 1 (was CODE)
  Relative segment, address: 9662 - 9689 (0x28 bytes), align: 1
  Segment part 33.            Intra module refs:   MRFI_Rssi
                                                   Mrfi_SyncPinRxIsr
           LOCAL                   ADDRESS         
           =====                   =======         
           Mrfi_CalculateRssi      9662 
               CSTACK = 00000000 ( 00000002 )
    -------------------------------------------------------------------------
INTVEC
  Common segment, address: FFE0 - FFE7 (0x8 bytes), align: 1
  Segment part 17. ROOT.
           ENTRY                   ADDRESS         REF BY
           =====                   =======         ======
           BSP_GpioPort1Isr::??INTVEC 6
                                   FFE6 
    -------------------------------------------------------------------------
DATA16_ID
  Relative segment, address: 805C - 805F (0x4 bytes), align: 0
  Segment part 32.            Intra module refs:   mrfiRxFilterAddr

    *************************************************************************

  FILE NAME : C:\Texas Instruments\SimpliciTI-IAR-1.1.0\Projects\Examples\eZ430RF\Simple_Peer_to_Peer\IAR\CC2500-LinkListen\Obj\nwk.r43
  PROGRAM MODULE, NAME : nwk

  SEGMENTS IN THE MODULE
  ======================
DATA16_I
  Relative segment, address: 0204 - 0229 (0x26 bytes), align: 0
  Segment part 2.             Intra module refs:   initializeConnection
                                                   map_lid2idx
                                                   nwk_allocateLocalRxPort
                                                   nwk_getConnInfo
                                                   nwk_getNextConnection
                                                   nwk_isConnectionValid
                                                   nwk_isLinkDuplicate
                                                   nwk_nwkInit
           LOCAL                   ADDRESS         
           =====                   =======         
           sPersistInfo            0204 
    -------------------------------------------------------------------------
<CODE> 1 (was CODE)
  Relative segment, address: 8F8E - 9013 (0x86 bytes), align: 1
  Segment part 22.
           ENTRY                   ADDRESS         REF BY
           =====                   =======         ======
           nwk_nwkInit             8F8E            SMPL_Init (nwk_api)
               calls direct
               CSTACK = 00000000 ( 00000004 )
    -------------------------------------------------------------------------
<CODE> 1 (was CODE)
  Relative segment, address: 91DA - 9225 (0x4c bytes), align: 1
  Segment part 21.
           ENTRY                   ADDRESS         REF BY
           =====                   =======         ======
           nwk_getNextConnection   91DA            smpl_send_link_reply (nwk_link)
               calls direct
               CSTACK = 00000000 ( 00000004 )
    -------------------------------------------------------------------------
<CODE> 1 (was CODE)
  Relative segment, address: 9584 - 95B1 (0x2e bytes), align: 1
  Segment part 20.            Intra module refs:   nwk_getNextConnection
           LOCAL                   ADDRESS         
           =====                   =======         
           initializeConnection    9584 
               calls direct
               CSTACK = 00000000 ( 00000004 )
    -------------------------------------------------------------------------
<CODE> 1 (was CODE)
  Relative segment, address: 99AE - 99B3 (0x6 bytes), align: 1
  Segment part 19.
           ENTRY                   ADDRESS         REF BY
           =====                   =======         ======
           nwk_freeConnection      99AE            nwk_connectionControl (nwk_ioctl)
                                                   smpl_send_link_reply (nwk_link)
               CSTACK = 00000000 ( 00000002 )
    -------------------------------------------------------------------------
<CODE> 1 (was CODE)
  Relative segment, address: 960C - 9637 (0x2c bytes), align: 1
  Segment part 18.
           ENTRY                   ADDRESS         REF BY
           =====                   =======         ======
           nwk_getConnInfo         960C            SMPL_Receive (nwk_api)
                                                   SMPL_SendOpt (nwk_api)
                                                   nwk_QfindOldest (nwk_QMgmt)
                                                   nwk_connectionControl (nwk_ioctl)
                                                   nwk_radioControl (nwk_ioctl)
                                                   nwk_retrieveFrame (nwk_frame)
               calls direct
               CSTACK = 00000000 ( 00000004 )
    -------------------------------------------------------------------------
<CODE> 1 (was CODE)
  Relative segment, address: 995C - 9967 (0xc bytes), align: 1
  Segment part 14.            Intra module refs:   nwk_allocateLocalRxPort
                                                   nwk_isConnectionValid
                                                   nwk_isLinkDuplicate
           LOCAL                   ADDRESS         
           =====                   =======         
           ?Subroutine1            995C 
    -------------------------------------------------------------------------
<CODE> 1 (was CODE)
  Relative segment, address: 9338 - 9373 (0x3c bytes), align: 1
  Segment part 17.
           ENTRY                   ADDRESS         REF BY
           =====                   =======         ======
           nwk_isLinkDuplicate     9338            smpl_send_link_reply (nwk_link)
               calls direct
               CSTACK = 00000000 ( 0000000A )
    -------------------------------------------------------------------------
<CODE> 1 (was CODE)
  Relative segment, address: 968A - 96AF (0x26 bytes), align: 1
  Segment part 15.
           ENTRY                   ADDRESS         REF BY
           =====                   =======         ======
           nwk_checkConnInfo       968A            SMPL_Receive (nwk_api)
                                                   SMPL_SendOpt (nwk_api)
               CSTACK = 00000000 ( 00000002 )
    -------------------------------------------------------------------------
<CODE> 1 (was CODE)
  Relative segment, address: 917E - 91D9 (0x5c bytes), align: 1
  Segment part 13.
           ENTRY                   ADDRESS         REF BY
           =====                   =======         ======
           nwk_isConnectionValid   917E            dispatchFrame (nwk_frame)
               calls direct
               CSTACK = 00000000 ( 0000000C )
    -------------------------------------------------------------------------
<CODE> 1 (was CODE)
  Relative segment, address: 8BD8 - 8C99 (0xc2 bytes), align: 1
  Segment part 12.
           ENTRY                   ADDRESS         REF BY
           =====                   =======         ======
           nwk_allocateLocalRxPort
                                   8BD8            smpl_send_link_reply (nwk_link)
               calls direct
               CSTACK = 00000000 ( 0000000E )
    -------------------------------------------------------------------------
<CODE> 1 (was CODE)
  Relative segment, address: 8DDE - 8E09 (0x2c bytes), align: 1
  Segment part 6.
           ENTRY                   ADDRESS         REF BY
           =====                   =======         ======
           nwk_getNumObjectFromMsg
                                   8DDE            smpl_send_link_reply (nwk_link)
               calls direct
               CSTACK = 00000000 ( 00000006 )
    -------------------------------------------------------------------------
<CODE> 1 (was CODE)
  Relative segment, address: 8E0A - 8E0F (0x6 bytes), align: 1
  Segment part 7.             Intra module refs:   nwk_getNumObjectFromMsg
                                                   nwk_isValidReply
           LOCAL                   ADDRESS         
           =====                   =======         
           ?Subroutine0            8E0A 
    -------------------------------------------------------------------------
<CODE> 1 (was CODE)
  Relative segment, address: 8E10 - 8E39 (0x2a bytes), align: 1
  Segment part 10.            Intra module refs:   initializeConnection
                                                   nwk_getConnInfo
           LOCAL                   ADDRESS         
           =====                   =======         
           map_lid2idx             8E10 
               CSTACK = 00000000 ( 00000002 )
    -------------------------------------------------------------------------
<CODE> 1 (was CODE)
  Relative segment, address: 8E3A - 8E75 (0x3c bytes), align: 1
  Segment part 11.
           ENTRY                   ADDRESS         REF BY
           =====                   =======         ======
           nwk_isValidReply        8E3A            nwk_processJoin (nwk_join)
                                                   nwk_processLink (nwk_link)
                                                   nwk_processMgmt (nwk_mgmt)
                                                   nwk_processPing (nwk_ping)
               calls direct
               CSTACK = 00000000 ( 00000006 )
    -------------------------------------------------------------------------
<CODE> 1 (was CODE)
  Relative segment, address: 9422 - 9457 (0x36 bytes), align: 1
  Segment part 5.
           ENTRY                   ADDRESS         REF BY
           =====                   =======         ======
           nwk_putNumObjectIntoMsg
                                   9422            nwk_join (nwk_join)
               calls direct
               CSTACK = 00000000 ( 00000008 )
    -------------------------------------------------------------------------
DATA16_ID
  Relative segment, address: 8060 - 8085 (0x26 bytes), align: 0
  Segment part 3.             Intra module refs:   sPersistInfo

    *************************************************************************

  FILE NAME : C:\Texas Instruments\SimpliciTI-IAR-1.1.0\Projects\Examples\eZ430RF\Simple_Peer_to_Peer\IAR\CC2500-LinkListen\Obj\nwk_QMgmt.r43
  PROGRAM MODULE, NAME : nwk_QMgmt

  SEGMENTS IN THE MODULE
  ======================
DATA16_Z
  Relative segment, address: 025C - 028F (0x34 bytes), align: 0
  Segment part 2.             Intra module refs:   nwk_QInit
                                                   nwk_QadjustOrder
                                                   nwk_QfindOldest
                                                   nwk_QfindSlot
           LOCAL                   ADDRESS         
           =====                   =======         
           sInFrameQ               025C 
    -------------------------------------------------------------------------
DATA16_Z
  Relative segment, address: 0290 - 02C3 (0x34 bytes), align: 0
  Segment part 3.             Intra module refs:   nwk_QInit
                                                   nwk_QfindSlot
           LOCAL                   ADDRESS         
           =====                   =======         
           sOutFrameQ              0290 
    -------------------------------------------------------------------------
<CODE> 1 (was CODE)
  Relative segment, address: 97CC - 97E7 (0x1c bytes), align: 1
  Segment part 8.
           ENTRY                   ADDRESS         REF BY
           =====                   =======         ======
           nwk_QInit               97CC            nwk_nwkInit (nwk)
               calls direct
               CSTACK = 00000000 ( 00000002 )
    -------------------------------------------------------------------------
<CODE> 1 (was CODE)
  Relative segment, address: 9014 - 9091 (0x7e bytes), align: 1
  Segment part 7.
           ENTRY                   ADDRESS         REF BY
           =====                   =======         ======
           nwk_QfindSlot           9014            MRFI_RxCompleteISR (nwk_frame)
                                                   nwk_buildFrame (nwk_frame)
               calls direct
               CSTACK = 00000000 ( 0000000A )
    -------------------------------------------------------------------------
<CODE> 1 (was CODE)
  Relative segment, address: 95E0 - 960B (0x2c bytes), align: 1
  Segment part 6.             Intra module refs:   nwk_QfindSlot
           ENTRY                   ADDRESS         REF BY
           =====                   =======         ======
           nwk_QadjustOrder        95E0            nwk_retrieveFrame (nwk_frame)
               CSTACK = 00000000 ( 00000002 )
    -------------------------------------------------------------------------
<CODE> 1 (was CODE)
  Relative segment, address: 8AF8 - 8BD7 (0xe0 bytes), align: 1
  Segment part 5.
           ENTRY                   ADDRESS         REF BY
           =====                   =======         ======
           nwk_QfindOldest         8AF8            nwk_retrieveFrame (nwk_frame)
               calls direct
               CSTACK = 00000000 ( 00000014 )

    *************************************************************************

  FILE NAME : C:\Texas Instruments\SimpliciTI-IAR-1.1.0\Projects\Examples\eZ430RF\Simple_Peer_to_Peer\IAR\CC2500-LinkListen\Obj\nwk_api.r43
  PROGRAM MODULE, NAME : nwk_api

  SEGMENTS IN THE MODULE
  ======================
DATA16_Z
  Relative segment, address: 02C4 - 02C4 (0x1 bytes), align: 0
  Segment part 2.             Intra module refs:   SMPL_Init
                                                   SMPL_Ioctl
           LOCAL                   ADDRESS         
           =====                   =======         
           sInit_done              02C4 
    -------------------------------------------------------------------------
<CODE> 1 (was CODE)
  Relative segment, address: 94C0 - 94F3 (0x34 bytes), align: 1
  Segment part 9.
           ENTRY                   ADDRESS         REF BY
           =====                   =======         ======
           SMPL_Init               94C0            main (main_LinkListen)
               calls direct
               CSTACK = 00000000 ( 00000004 )
    -------------------------------------------------------------------------
<CODE> 1 (was CODE)
  Relative segment, address: 910E - 917D (0x70 bytes), align: 1
  Segment part 8.
           ENTRY                   ADDRESS         REF BY
           =====                   =======         ======
           SMPL_LinkListen         910E            linkFrom (main_LinkListen)
               calls direct
               CSTACK = 00000000 ( 0000000A )
    -------------------------------------------------------------------------
<CODE> 1 (was CODE)
  Relative segment, address: 99A2 - 99A7 (0x6 bytes), align: 1
  Segment part 7.
           ENTRY                   ADDRESS         REF BY
           =====                   =======         ======
           SMPL_Send               99A2            linkFrom (main_LinkListen)
               calls direct
               CSTACK = 00000000 ( 00000002 )
    -------------------------------------------------------------------------
<CODE> 1 (was CODE)
  Relative segment, address: 9092 - 910D (0x7c bytes), align: 1
  Segment part 6.             Intra module refs:   SMPL_Send
           ENTRY                   ADDRESS         REF BY
           =====                   =======         ======
           SMPL_SendOpt            9092 
               calls direct
               CSTACK = 00000000 ( 0000000C )
    -------------------------------------------------------------------------
<CODE> 1 (was CODE)
  Relative segment, address: 92B4 - 92F9 (0x46 bytes), align: 1
  Segment part 5.
           ENTRY                   ADDRESS         REF BY
           =====                   =======         ======
           SMPL_Receive            92B4            sRxCallback (main_LinkListen)
               calls direct
               CSTACK = 00000000 ( 0000000E )
    -------------------------------------------------------------------------
<CODE> 1 (was CODE)
  Relative segment, address: 8D44 - 8DDD (0x9a bytes), align: 1
  Segment part 3.
           ENTRY                   ADDRESS         REF BY
           =====                   =======         ======
           SMPL_Ioctl              8D44            linkFrom (main_LinkListen)
                                                   nwk_join (nwk_join)
               calls direct
               CSTACK = 00000000 ( 00000004 )

    *************************************************************************

  FILE NAME : C:\Texas Instruments\SimpliciTI-IAR-1.1.0\Projects\Examples\eZ430RF\Simple_Peer_to_Peer\IAR\CC2500-LinkListen\Obj\nwk_frame.r43
  PROGRAM MODULE, NAME : nwk_frame

  SEGMENTS IN THE MODULE
  ======================
DATA16_C
  Relative segment, address: 8000 - 800B (0xc bytes), align: 1
  Segment part 2.             Intra module refs:   dispatchFrame
           LOCAL                   ADDRESS         
           =====                   =======         
           func                    8000 
    -------------------------------------------------------------------------
DATA16_Z
  Relative segment, address: 02C5 - 02C5 (0x1 bytes), align: 0
  Segment part 3.             Intra module refs:   nwk_buildFrame
                                                   nwk_frameInit
           LOCAL                   ADDRESS         
           =====                   =======         
           sTRACTID                02C5 
    -------------------------------------------------------------------------
DATA16_Z
  Relative segment, address: 022E - 022F (0x2 bytes), align: 1
  Segment part 4.             Intra module refs:   dispatchFrame
                                                   nwk_buildFrame
                                                   nwk_frameInit
           LOCAL                   ADDRESS         
           =====                   =======         
           sMyAddr                 022E 
    -------------------------------------------------------------------------
DATA16_Z
  Relative segment, address: 02C6 - 02C6 (0x1 bytes), align: 0
  Segment part 5.             Intra module refs:   nwk_buildFrame
                                                   nwk_getMyRxType
           LOCAL                   ADDRESS         
           =====                   =======         
           sMyRxType               02C6 
    -------------------------------------------------------------------------
DATA16_Z
  Relative segment, address: 02C7 - 02C7 (0x1 bytes), align: 0
  Segment part 6.             Intra module refs:   nwk_frameInit
[...]
           nwk_securityInit        99D4            nwk_nwkInit (nwk)
               CSTACK = 00000000 ( 00000002 )
    -------------------------------------------------------------------------
<CODE> 1 (was CODE)
  Relative segment, address: 99BA - 99BD (0x4 bytes), align: 1
  Segment part 2.
           ENTRY                   ADDRESS         REF BY
           =====                   =======         ======
           nwk_processSecurity     99BA            func (nwk_frame)
               CSTACK = 00000000 ( 00000002 )

    *************************************************************************

  FILE NAME : C:\Program Files\IAR Systems\Embedded Workbench 5.3 Evaluation\430\LIB\CLIB\cl430f.r43
  LIBRARY MODULE, NAME : ?_exit

  SEGMENTS IN THE MODULE
  ======================
<CODE> 1 (was CODE)
  Relative segment, address: 99C6, align: 1
  Segment part 0.
           ENTRY                   ADDRESS         REF BY
           =====                   =======         ======
           _exit                   99C6            exit (?clibexit)
    -------------------------------------------------------------------------
<CODE> 1 (was CODE)
  Relative segment, address: 99C6 - 99C9 (0x4 bytes), align: 1
  Segment part 5.             Intra module refs:   _exit

    -------------------------------------------------------------------------
  LIBRARY MODULE, NAME : ?clibexit

  SEGMENTS IN THE MODULE
  ======================
<CODE> 1 (was CODE)
  Relative segment, address: 99CA - 99CD (0x4 bytes), align: 1
  Segment part 2.
           ENTRY                   ADDRESS         REF BY
           =====                   =======         ======
           exit                    99CA            Segment part 11 (?cstart)
               calls direct
               CSTACK = 00000000 ( 00000002 )

    -------------------------------------------------------------------------
  LIBRARY MODULE, NAME : ?__exit

  SEGMENTS IN THE MODULE
  ======================
<CODE> 1 (was CODE)
  Relative segment, address: 99D6 - 99D7 (0x2 bytes), align: 1
  Segment part 0.
           ENTRY                   ADDRESS         REF BY
           =====                   =======         ======
           __exit                  99D6            Segment part 5 (?_exit)
                                                   _exit (?_exit)
           ?C_EXIT                 99D6 

    -------------------------------------------------------------------------
  LIBRARY MODULE, NAME : ?reset_vector

  SEGMENTS IN THE MODULE
  ======================
RESET
  Relative segment, address: FFFE - FFFF (0x2 bytes), align: 1
  Segment part 0.
           ENTRY                   ADDRESS         REF BY
           =====                   =======         ======
           ?reset_vector           FFFE            Segment part 5 (?cstart)

    -------------------------------------------------------------------------
  LIBRARY MODULE, NAME : ?cstart

  SEGMENTS IN THE MODULE
  ======================
CSTACK
  Relative segment, address: 0538, align: 1
  Segment part 1.
    -------------------------------------------------------------------------
DATA16_Z
  Relative segment, address: 023C, align: 1
  Segment part 2.
    -------------------------------------------------------------------------
DATA16_I
  Relative segment, address: 0200, align: 1
  Segment part 3.
    -------------------------------------------------------------------------
DATA16_ID
  Relative segment, address: 805C, align: 1
  Segment part 4.
    -------------------------------------------------------------------------
CSTART
  Relative segment, address: 8086 - 8089 (0x4 bytes), align: 1
  Segment part 5.
           ENTRY                   ADDRESS         REF BY
           =====                   =======         ======
           __program_start         8086            ?reset_vector (?reset_vector)
                                                   Absolute parts (?ABS_ENTRY_MOD)
           ?cstart_begin           8086 
    -------------------------------------------------------------------------
CSTART
  Relative segment, address: 808A - 8091 (0x8 bytes), align: 1
  Segment part 6.
           ENTRY                   ADDRESS         REF BY
           =====                   =======         ======
           ?cstart_call_low_level_init
                                   808A            __low_level_init (bsp)
    -------------------------------------------------------------------------
CSTART
  Relative segment, address: 8092 - 809D (0xc bytes), align: 1
  Segment part 7.
           ENTRY                   ADDRESS         REF BY
           =====                   =======         ======
           ?cstart_init_zero       8092            mrfiIncomingPacket (mrfi)
                                                   mrfiRadioState (mrfi)
                                                   mrfiRndSeed (mrfi)
                                                   mrfiRxFilterEnabled (mrfi)
                                                   sAPAddress (nwk_globals)
                                                   sBackoffHelper (mrfi)
                                                   sInFrameQ (nwk_QMgmt)
                                                   sInit_done (nwk_api)
                                                   sIterationsPerUsec (bsp)
                                                   sJoinToken (nwk_join)
                                                   sKillSem (mrfi)
                                                   sLinkID2 (main_LinkListen)
                                                   sLinkToken (nwk_link)
                                                   sListenActive (nwk_link)
                                                   sMyAddr (nwk_frame)
                                                   sMyRAMAddress (nwk_globals)
                                                   sMyRxType (nwk_frame)
                                                   sMyTxType (nwk_frame)
                                                   sNumLinkers (nwk_link)
                                                   sOutFrameQ (nwk_QMgmt)
                                                   sRAMAddressIsSet (nwk_globals)
                                                   sReplyDelayContext (mrfi)
                                                   sReplyDelayScalar (mrfi)
                                                   sSemaphore (main_LinkListen)
                                                   sServiceLinkID (nwk_link)
                                                   sTRACTID (nwk_frame)
                                                   sTid (nwk_join)
                                                   sTid (nwk_link)
                                                   sTid (nwk_mgmt)
                                                   sTid (nwk_ping)
                                                   spCallback (nwk_frame)
                                                   spCallback (nwk_join)
    -------------------------------------------------------------------------
CSTART
  Relative segment, address: 809E - 80AD (0x10 bytes), align: 1
  Segment part 8.
           ENTRY                   ADDRESS         REF BY
           =====                   =======         ======
           ?cstart_init_copy       809E            mrfiRxFilterAddr (mrfi)
                                                   sPersistInfo (nwk)
    -------------------------------------------------------------------------
CSTART
  Relative segment, address: 80AE - 80B5 (0x8 bytes), align: 1
  Segment part 11.            Intra module refs:   ?cstart_call_low_level_init
                                                   Segment part 5
           ENTRY                   ADDRESS         REF BY
           =====                   =======         ======
           ?cstart_call_main       80AE 
           ?cstart_end             80B6 

    -------------------------------------------------------------------------
  LIBRARY MODULE, NAME : ?Epilogue

  SEGMENTS IN THE MODULE
  ======================
<CODE> 1 (was CODE)
  Relative segment, address: 989A - 98AB (0x12 bytes), align: 1
  Segment part 0.
           ENTRY                   ADDRESS         REF BY
           =====                   =======         ======
           ?Epilogue3              98A4            MRFI_ReplyDelay (mrfi)
                                                   SMPL_Receive (nwk_api)
           ?Epilogue4              98A2            MRFI_Transmit (mrfi)
                                                   SMPL_LinkListen (nwk_api)
                                                   nwk_QfindSlot (nwk_QMgmt)
                                                   nwk_isLinkDuplicate (nwk)
                                                   nwk_join (nwk_join)
                                                   smpl_send_link_reply (nwk_link)
           ?Epilogue5              98A0            SMPL_SendOpt (nwk_api)
                                                   nwk_allocateLocalRxPort (nwk)
                                                   nwk_buildFrame (nwk_frame)
                                                   nwk_isConnectionValid (nwk)
           ?Epilogue6              989E 
           ?Epilogue7              989C            nwk_retrieveFrame (nwk_frame)
           ?Epilogue8              989A            nwk_QfindOldest (nwk_QMgmt)

    -------------------------------------------------------------------------
  LIBRARY MODULE, NAME : ?Mul816

  SEGMENTS IN THE MODULE
  ======================
<CODE> 1 (was CODE)
  Relative segment, address: 94F4 - 9525 (0x32 bytes), align: 1
  Segment part 0.
           ENTRY                   ADDRESS         REF BY
           =====                   =======         ======
           ?Mul8                   94F4            MRFI_RandomByte (mrfi)
           ?Mul16                  94F8            BSP_Delay (bsp)
           ?Mul16to32u             94F8 

    -------------------------------------------------------------------------
  LIBRARY MODULE, NAME : ?DivMod816u

  SEGMENTS IN THE MODULE
  ======================
<CODE> 1 (was CODE)
  Relative segment, address: 97B0 - 97CB (0x1c bytes), align: 1
  Segment part 0.
           ENTRY                   ADDRESS         REF BY
           =====                   =======         ======
           ?DivMod8u               97B0 
           ?DivMod16u              97B4            Segment part 0 (?DivMod816s)

    -------------------------------------------------------------------------
  LIBRARY MODULE, NAME : ?DivMod816s

  SEGMENTS IN THE MODULE
  ======================
<CODE> 1 (was CODE)
  Relative segment, address: 948C - 94BF (0x34 bytes), align: 1
  Segment part 0.
           ENTRY                   ADDRESS         REF BY
           =====                   =======         ======
           ?DivMod8s               948C 
           ?DivMod16s              9490            Mrfi_CalculateRssi (mrfi)

    -------------------------------------------------------------------------
  LIBRARY MODULE, NAME : ?ShiftRight16u_n

  SEGMENTS IN THE MODULE
  ======================
<CODE> 1 (was CODE)
  Relative segment, address: 994E - 9951 (0x4 bytes), align: 1
  Segment part 3.
           ENTRY                   ADDRESS         REF BY
           =====                   =======         ======
           ?ShiftRight16u_4        994E            Mrfi_DelayUsec (mrfi)
    -------------------------------------------------------------------------
<CODE> 1 (was CODE)
  Relative segment, address: 9952 - 995B (0xa bytes), align: 1
  Segment part 4.             Intra module refs:   ?ShiftRight16u_4
           ENTRY                   ADDRESS         REF BY
           =====                   =======         ======
           ?ShiftRight16u_3        9952 

    -------------------------------------------------------------------------
  LIBRARY MODULE, NAME : ?memcmp

  SEGMENTS IN THE MODULE
  ======================
<CODE> 1 (was CODE)
  Relative segment, address: 9774 - 9791 (0x1e bytes), align: 1
  Segment part 2.
           ENTRY                   ADDRESS         REF BY
           =====                   =======         ======
           memcmp                  9774            ?Subroutine1 (nwk)
                                                   dispatchFrame (nwk_frame)
                                                   nwk_QfindOldest (nwk_QMgmt)
                                                   nwk_isValidReply (nwk)
                                                   nwk_processMgmt (nwk_mgmt)
               CSTACK = 00000000 ( 00000002 )

    -------------------------------------------------------------------------
  LIBRARY MODULE, NAME : ?memcpy

  SEGMENTS IN THE MODULE
  ======================
<CODE> 1 (was CODE)
  Relative segment, address: 9832 - 9849 (0x18 bytes), align: 1
  Segment part 2.
           ENTRY                   ADDRESS         REF BY
           =====                   =======         ======
           memcpy                  9832            ?Subroutine0 (nwk_globals)
                                                   ?Subroutine1 (nwk_link)
                                                   SMPL_Ioctl (nwk_api)
                                                   SMPL_SendOpt (nwk_api)
                                                   __data16_memcpy (?memzero)
                                                   nwk_buildFrame (nwk_frame)
                                                   nwk_deviceAddress (nwk_ioctl)
                                                   nwk_join (nwk_join)
                                                   nwk_nwkInit (nwk)
                                                   nwk_radioControl (nwk_ioctl)
                                                   nwk_rawSend (nwk_ioctl)
                                                   nwk_retrieveFrame (nwk_frame)
                                                   nwk_setAPAddress (nwk_globals)
                                                   smpl_send_link_reply (nwk_link)
                                                   smpl_send_ping_reply (nwk_ping)
               CSTACK = 00000000 ( 00000004 )

    -------------------------------------------------------------------------
  LIBRARY MODULE, NAME : ?memmove

  SEGMENTS IN THE MODULE
  ======================
<CODE> 1 (was CODE)
  Relative segment, address: 93E8 - 9421 (0x3a bytes), align: 1
  Segment part 2.
           ENTRY                   ADDRESS         REF BY
           =====                   =======         ======
           memmove                 93E8            nwk_getNumObjectFromMsg (nwk)
                                                   nwk_putNumObjectIntoMsg (nwk)
               CSTACK = 00000000 ( 00000004 )

    -------------------------------------------------------------------------
  LIBRARY MODULE, NAME : ?CopyMemoryBytes

  SEGMENTS IN THE MODULE
  ======================
<CODE> 1 (was CODE)
  Relative segment, address: 98F4 - 9903 (0x10 bytes), align: 1
  Segment part 0.
           ENTRY                   ADDRESS         REF BY
           =====                   =======         ======
           ?CopyMemoryBytes        98F4            MRFI_Receive (mrfi)

    -------------------------------------------------------------------------
  LIBRARY MODULE, NAME : ?memset

  SEGMENTS IN THE MODULE
  ======================
<CODE> 1 (was CODE)
  Relative segment, address: 981A - 9831 (0x18 bytes), align: 1
  Segment part 2.
           ENTRY                   ADDRESS         REF BY
           =====                   =======         ======
           memset                  981A            MRFI_Init (mrfi)
                                                   Segment part 49 (mrfi)
                                                   nwk_QInit (nwk_QMgmt)
                                                   nwk_allocateLocalRxPort (nwk)
                                                   nwk_globalsInit (nwk_globals)
                                                   nwk_linkInit (nwk_link)
                                                   nwk_nwkInit (nwk)
               CSTACK = 00000000 ( 00000004 )

    -------------------------------------------------------------------------
  LIBRARY MODULE, NAME : ?memzero

  SEGMENTS IN THE MODULE
  ======================
<CODE> 1 (was CODE)
  Relative segment, address: 9888 - 9899 (0x12 bytes), align: 1
  Segment part 4.
           ENTRY                   ADDRESS         REF BY
           =====                   =======         ======
           __data16_memzero        9888            ?cstart_init_zero (?cstart)
               CSTACK = 00000000 ( 00000002 )
    -------------------------------------------------------------------------
<CODE> 1 (was CODE)
  Relative segment, address: 99CE - 99D1 (0x4 bytes), align: 1
  Segment part 3.
           ENTRY                   ADDRESS         REF BY
           =====                   =======         ======
           __data16_memcpy         99CE            ?cstart_init_copy (?cstart)
               calls direct
               CSTACK = 00000000 ( 00000002 )




                ****************************************
                *                                      *
                *      SEGMENTS IN ADDRESS ORDER       *
                *                                      *
                ****************************************


SEGMENT              SPACE    START ADDRESS   END ADDRESS     SIZE  TYPE  ALIGN
=======              =====    =============   ===========     ====  ====  =====
DATA16_AN                              0003 - 0003               1   rel    0
                                       0018 - 001B               4 
                                       0021 - 0022               2 
                                       0027 - 0028               2 
                                       002B - 002E               4 
                                       0056 - 0057               2 
                                       0068 - 006B               4 
                                       006E - 006F               2 
                                       0120 - 0121               2 
                                       0160 - 0161               2 
DATA16_I                               0200 - 0229              2A   rel    1
DATA16_Z                               022A - 02D8              AF   rel    1
CSTACK                                 0538 - 05FF              C8   rel    1
DATA16_AN                              10FC - 10FD               2   rel    0
DATA16_C                               8000 - 805B              5C   rel    1
DATA16_ID                              805C - 8085              2A   rel    1
CSTART                                 8086 - 80B5              30   rel    1
<CODE> 1                               80B6 - 99D7            1922   rel    1
INTVEC                                 FFE0 - FFE7               8   com    1
RESET                                  FFFE - FFFF               2   rel    1

                ****************************************
                *                                      *
                *        END OF CROSS REFERENCE        *
                *                                      *
                ****************************************

 6 492 bytes of CODE  memory
   417 bytes of DATA  memory (+ 27 absolute )
   134 bytes of CONST memory

Errors: none
Warnings: none

